Component: ARM Compiler 5.06 update 6 (build 750) Tool: armlink [4d35ed]

==============================================================================

Section Cross References

    startup_stm32f103xb.o(STACK) refers (Special) to heapauxi.o(.text) for __use_two_region_memory
    startup_stm32f103xb.o(HEAP) refers (Special) to heapauxi.o(.text) for __use_two_region_memory
    startup_stm32f103xb.o(RESET) refers (Special) to heapauxi.o(.text) for __use_two_region_memory
    startup_stm32f103xb.o(RESET) refers to startup_stm32f103xb.o(STACK) for __initial_sp
    startup_stm32f103xb.o(RESET) refers to startup_stm32f103xb.o(.text) for Reset_Handler
    startup_stm32f103xb.o(RESET) refers to stm32f1xx_it.o(i.NMI_Handler) for NMI_Handler
    startup_stm32f103xb.o(RESET) refers to stm32f1xx_it.o(i.HardFault_Handler) for HardFault_Handler
    startup_stm32f103xb.o(RESET) refers to stm32f1xx_it.o(i.MemManage_Handler) for MemManage_Handler
    startup_stm32f103xb.o(RESET) refers to stm32f1xx_it.o(i.BusFault_Handler) for BusFault_Handler
    startup_stm32f103xb.o(RESET) refers to stm32f1xx_it.o(i.UsageFault_Handler) for UsageFault_Handler
    startup_stm32f103xb.o(RESET) refers to stm32f1xx_it.o(i.SVC_Handler) for SVC_Handler
    startup_stm32f103xb.o(RESET) refers to stm32f1xx_it.o(i.DebugMon_Handler) for DebugMon_Handler
    startup_stm32f103xb.o(RESET) refers to stm32f1xx_it.o(i.PendSV_Handler) for PendSV_Handler
    startup_stm32f103xb.o(RESET) refers to stm32f1xx_it.o(i.SysTick_Handler) for SysTick_Handler
    startup_stm32f103xb.o(RESET) refers to stm32f1xx_it.o(i.TIM2_IRQHandler) for TIM2_IRQHandler
    startup_stm32f103xb.o(RESET) refers to stm32f1xx_it.o(i.TIM3_IRQHandler) for TIM3_IRQHandler
    startup_stm32f103xb.o(RESET) refers to stm32f1xx_it.o(i.TIM4_IRQHandler) for TIM4_IRQHandler
    startup_stm32f103xb.o(RESET) refers to stm32f1xx_it.o(i.USART1_IRQHandler) for USART1_IRQHandler
    startup_stm32f103xb.o(RESET) refers to stm32f1xx_it.o(i.USART3_IRQHandler) for USART3_IRQHandler
    startup_stm32f103xb.o(.text) refers (Special) to heapauxi.o(.text) for __use_two_region_memory
    startup_stm32f103xb.o(.text) refers to system_stm32f1xx.o(i.SystemInit) for SystemInit
    startup_stm32f103xb.o(.text) refers to __main.o(!!!main) for __main
    startup_stm32f103xb.o(.text) refers to startup_stm32f103xb.o(HEAP) for Heap_Mem
    startup_stm32f103xb.o(.text) refers to startup_stm32f103xb.o(STACK) for Stack_Mem
    main.o(i.MX_GPIO_Init) refers to stm32f1xx_hal_gpio.o(i.HAL_GPIO_WritePin) for HAL_GPIO_WritePin
    main.o(i.MX_GPIO_Init) refers to stm32f1xx_hal_gpio.o(i.HAL_GPIO_Init) for HAL_GPIO_Init
    main.o(i.MX_SPI2_Init) refers to stm32f1xx_hal_spi.o(i.HAL_SPI_Init) for HAL_SPI_Init
    main.o(i.MX_SPI2_Init) refers to main.o(i.Error_Handler) for Error_Handler
    main.o(i.MX_SPI2_Init) refers to main.o(.bss) for hspi2
    main.o(i.MX_TIM2_Init) refers to stm32f1xx_hal_tim.o(i.HAL_TIM_Base_Init) for HAL_TIM_Base_Init
    main.o(i.MX_TIM2_Init) refers to main.o(i.Error_Handler) for Error_Handler
    main.o(i.MX_TIM2_Init) refers to stm32f1xx_hal_tim.o(i.HAL_TIM_ConfigClockSource) for HAL_TIM_ConfigClockSource
    main.o(i.MX_TIM2_Init) refers to stm32f1xx_hal_tim_ex.o(i.HAL_TIMEx_MasterConfigSynchronization) for HAL_TIMEx_MasterConfigSynchronization
    main.o(i.MX_TIM2_Init) refers to main.o(.bss) for htim2
    main.o(i.MX_TIM3_Init) refers to stm32f1xx_hal_tim.o(i.HAL_TIM_Base_Init) for HAL_TIM_Base_Init
    main.o(i.MX_TIM3_Init) refers to main.o(i.Error_Handler) for Error_Handler
    main.o(i.MX_TIM3_Init) refers to stm32f1xx_hal_tim.o(i.HAL_TIM_ConfigClockSource) for HAL_TIM_ConfigClockSource
    main.o(i.MX_TIM3_Init) refers to stm32f1xx_hal_tim_ex.o(i.HAL_TIMEx_MasterConfigSynchronization) for HAL_TIMEx_MasterConfigSynchronization
    main.o(i.MX_TIM3_Init) refers to main.o(.bss) for htim3
    main.o(i.MX_TIM4_Init) refers to stm32f1xx_hal_tim.o(i.HAL_TIM_Base_Init) for HAL_TIM_Base_Init
    main.o(i.MX_TIM4_Init) refers to main.o(i.Error_Handler) for Error_Handler
    main.o(i.MX_TIM4_Init) refers to stm32f1xx_hal_tim.o(i.HAL_TIM_ConfigClockSource) for HAL_TIM_ConfigClockSource
    main.o(i.MX_TIM4_Init) refers to stm32f1xx_hal_tim_ex.o(i.HAL_TIMEx_MasterConfigSynchronization) for HAL_TIMEx_MasterConfigSynchronization
    main.o(i.MX_TIM4_Init) refers to main.o(.bss) for htim4
    main.o(i.MX_USART1_UART_Init) refers to stm32f1xx_hal_uart.o(i.HAL_UART_Init) for HAL_UART_Init
    main.o(i.MX_USART1_UART_Init) refers to main.o(i.Error_Handler) for Error_Handler
    main.o(i.MX_USART1_UART_Init) refers to main.o(.bss) for huart1
    main.o(i.MX_USART3_UART_Init) refers to stm32f1xx_hal_uart.o(i.HAL_UART_Init) for HAL_UART_Init
    main.o(i.MX_USART3_UART_Init) refers to main.o(i.Error_Handler) for Error_Handler
    main.o(i.MX_USART3_UART_Init) refers to main.o(.bss) for huart3
    main.o(i.SystemClock_Config) refers to rt_memclr_w.o(.text) for __aeabi_memclr4
[...]
    _printf_llo                              0x080001ff   Thumb Code     0  _printf_llo.o(.ARM.Collect$$_printf_percent$$00000010)
    _printf_llx                              0x08000205   Thumb Code     0  _printf_llx.o(.ARM.Collect$$_printf_percent$$00000011)
    _printf_l                                0x0800020b   Thumb Code     0  _printf_l.o(.ARM.Collect$$_printf_percent$$00000012)
    _printf_c                                0x08000215   Thumb Code     0  _printf_c.o(.ARM.Collect$$_printf_percent$$00000013)
    _printf_s                                0x0800021b   Thumb Code     0  _printf_s.o(.ARM.Collect$$_printf_percent$$00000014)
    _printf_lc                               0x08000221   Thumb Code     0  _printf_lc.o(.ARM.Collect$$_printf_percent$$00000015)
    _printf_ls                               0x08000227   Thumb Code     0  _printf_ls.o(.ARM.Collect$$_printf_percent$$00000016)
    _printf_percent_end                      0x0800022d   Thumb Code     0  _printf_percent_end.o(.ARM.Collect$$_printf_percent$$00000017)
    __rt_lib_init                            0x08000231   Thumb Code     0  libinit.o(.ARM.Collect$$libinit$$00000000)
    __rt_lib_init_fp_1                       0x08000233   Thumb Code     0  libinit2.o(.ARM.Collect$$libinit$$00000002)
    __rt_lib_init_heap_1                     0x08000233   Thumb Code     0  libinit2.o(.ARM.Collect$$libinit$$0000000A)
    __rt_lib_init_lc_common                  0x08000233   Thumb Code     0  libinit2.o(.ARM.Collect$$libinit$$0000000F)
    __rt_lib_init_preinit_1                  0x08000233   Thumb Code     0  libinit2.o(.ARM.Collect$$libinit$$00000004)
    __rt_lib_init_rand_1                     0x08000233   Thumb Code     0  libinit2.o(.ARM.Collect$$libinit$$0000000E)
    __rt_lib_init_user_alloc_1               0x08000233   Thumb Code     0  libinit2.o(.ARM.Collect$$libinit$$0000000C)
    __rt_lib_init_lc_collate_1               0x08000239   Thumb Code     0  libinit2.o(.ARM.Collect$$libinit$$00000011)
    __rt_lib_init_lc_ctype_2                 0x08000239   Thumb Code     0  libinit2.o(.ARM.Collect$$libinit$$00000012)
    __rt_lib_init_lc_ctype_1                 0x08000245   Thumb Code     0  libinit2.o(.ARM.Collect$$libinit$$00000013)
    __rt_lib_init_lc_monetary_1              0x08000245   Thumb Code     0  libinit2.o(.ARM.Collect$$libinit$$00000015)
    __rt_lib_init_lc_numeric_2               0x08000245   Thumb Code     0  libinit2.o(.ARM.Collect$$libinit$$00000016)
    __rt_lib_init_alloca_1                   0x0800024f   Thumb Code     0  libinit2.o(.ARM.Collect$$libinit$$0000002E)
    __rt_lib_init_argv_1                     0x0800024f   Thumb Code     0  libinit2.o(.ARM.Collect$$libinit$$0000002C)
    __rt_lib_init_atexit_1                   0x0800024f   Thumb Code     0  libinit2.o(.ARM.Collect$$libinit$$0000001B)
    __rt_lib_init_clock_1                    0x0800024f   Thumb Code     0  libinit2.o(.ARM.Collect$$libinit$$00000021)
    __rt_lib_init_cpp_2                      0x0800024f   Thumb Code     0  libinit2.o(.ARM.Collect$$libinit$$00000031)
    __rt_lib_init_exceptions_1               0x0800024f   Thumb Code     0  libinit2.o(.ARM.Collect$$libinit$$00000030)
    __rt_lib_init_fp_trap_1                  0x0800024f   Thumb Code     0  libinit2.o(.ARM.Collect$$libinit$$0000001F)
    __rt_lib_init_getenv_1                   0x0800024f   Thumb Code     0  libinit2.o(.ARM.Collect$$libinit$$00000023)
    __rt_lib_init_lc_numeric_1               0x0800024f   Thumb Code     0  libinit2.o(.ARM.Collect$$libinit$$00000017)
    __rt_lib_init_lc_time_1                  0x0800024f   Thumb Code     0  libinit2.o(.ARM.Collect$$libinit$$00000019)
    __rt_lib_init_signal_1                   0x0800024f   Thumb Code     0  libinit2.o(.ARM.Collect$$libinit$$0000001D)
    __rt_lib_init_stdio_1                    0x0800024f   Thumb Code     0  libinit2.o(.ARM.Collect$$libinit$$00000025)
    __rt_lib_init_cpp_1                      0x08000253   Thumb Code     0  libinit2.o(.ARM.Collect$$libinit$$00000032)
    __rt_lib_init_return                     0x08000253   Thumb Code     0  libinit2.o(.ARM.Collect$$libinit$$00000033)
    __rt_lib_shutdown                        0x08000255   Thumb Code     0  libshutdown.o(.ARM.Collect$$libshutdown$$00000000)
    __rt_lib_shutdown_cpp_1                  0x08000257   Thumb Code     0  libshutdown2.o(.ARM.Collect$$libshutdown$$00000002)
    __rt_lib_shutdown_fp_trap_1              0x08000257   Thumb Code     0  libshutdown2.o(.ARM.Collect$$libshutdown$$00000007)
    __rt_lib_shutdown_heap_1                 0x08000257   Thumb Code     0  libshutdown2.o(.ARM.Collect$$libshutdown$$0000000F)
    __rt_lib_shutdown_return                 0x08000257   Thumb Code     0  libshutdown2.o(.ARM.Collect$$libshutdown$$00000010)
    __rt_lib_shutdown_signal_1               0x08000257   Thumb Code     0  libshutdown2.o(.ARM.Collect$$libshutdown$$0000000A)
    __rt_lib_shutdown_stdio_1                0x08000257   Thumb Code     0  libshutdown2.o(.ARM.Collect$$libshutdown$$00000004)
    __rt_lib_shutdown_user_alloc_1           0x08000257   Thumb Code     0  libshutdown2.o(.ARM.Collect$$libshutdown$$0000000C)
    __rt_entry                               0x08000259   Thumb Code     0  __rtentry.o(.ARM.Collect$$rtentry$$00000000)
    __rt_entry_presh_1                       0x08000259   Thumb Code     0  __rtentry2.o(.ARM.Collect$$rtentry$$00000002)
    __rt_entry_sh                            0x08000259   Thumb Code     0  __rtentry4.o(.ARM.Collect$$rtentry$$00000004)
    __rt_entry_li                            0x0800025f   Thumb Code     0  __rtentry2.o(.ARM.Collect$$rtentry$$0000000A)
    __rt_entry_postsh_1                      0x0800025f   Thumb Code     0  __rtentry2.o(.ARM.Collect$$rtentry$$00000009)
    __rt_entry_main                          0x08000263   Thumb Code     0  __rtentry2.o(.ARM.Collect$$rtentry$$0000000D)
    __rt_entry_postli_1                      0x08000263   Thumb Code     0  __rtentry2.o(.ARM.Collect$$rtentry$$0000000C)
    __rt_exit                                0x0800026b   Thumb Code     0  rtexit.o(.ARM.Collect$$rtexit$$00000000)
    __rt_exit_ls                             0x0800026d   Thumb Code     0  rtexit2.o(.ARM.Collect$$rtexit$$00000003)
    __rt_exit_prels_1                        0x0800026d   Thumb Code     0  rtexit2.o(.ARM.Collect$$rtexit$$00000002)
    __rt_exit_exit                           0x08000271   Thumb Code     0  rtexit2.o(.ARM.Collect$$rtexit$$00000004)
    Reset_Handler                            0x08000279   Thumb Code     8  startup_stm32f103xb.o(.text)
    ADC1_2_IRQHandler                        0x08000293   Thumb Code     0  startup_stm32f103xb.o(.text)
    CAN1_RX1_IRQHandler                      0x08000293   Thumb Code     0  startup_stm32f103xb.o(.text)
    CAN1_SCE_IRQHandler                      0x08000293   Thumb Code     0  startup_stm32f103xb.o(.text)
    DMA1_Channel1_IRQHandler                 0x08000293   Thumb Code     0  startup_stm32f103xb.o(.text)
    DMA1_Channel2_IRQHandler                 0x08000293   Thumb Code     0  startup_stm32f103xb.o(.text)
    DMA1_Channel3_IRQHandler                 0x08000293   Thumb Code     0  startup_stm32f103xb.o(.text)
    DMA1_Channel4_IRQHandler                 0x08000293   Thumb Code     0  startup_stm32f103xb.o(.text)
    DMA1_Channel5_IRQHandler                 0x08000293   Thumb Code     0  startup_stm32f103xb.o(.text)
    DMA1_Channel6_IRQHandler                 0x08000293   Thumb Code     0  startup_stm32f103xb.o(.text)
    DMA1_Channel7_IRQHandler                 0x08000293   Thumb Code     0  startup_stm32f103xb.o(.text)
    EXTI0_IRQHandler                         0x08000293   Thumb Code     0  startup_stm32f103xb.o(.text)
    EXTI15_10_IRQHandler                     0x08000293   Thumb Code     0  startup_stm32f103xb.o(.text)
    EXTI1_IRQHandler                         0x08000293   Thumb Code     0  startup_stm32f103xb.o(.text)
    EXTI2_IRQHandler                         0x08000293   Thumb Code     0  startup_stm32f103xb.o(.text)
    EXTI3_IRQHandler                         0x08000293   Thumb Code     0  startup_stm32f103xb.o(.text)
    EXTI4_IRQHandler                         0x08000293   Thumb Code     0  startup_stm32f103xb.o(.text)
    EXTI9_5_IRQHandler                       0x08000293   Thumb Code     0  startup_stm32f103xb.o(.text)
    FLASH_IRQHandler                         0x08000293   Thumb Code     0  startup_stm32f103xb.o(.text)
    I2C1_ER_IRQHandler                       0x08000293   Thumb Code     0  startup_stm32f103xb.o(.text)
    I2C1_EV_IRQHandler                       0x08000293   Thumb Code     0  startup_stm32f103xb.o(.text)
    I2C2_ER_IRQHandler                       0x08000293   Thumb Code     0  startup_stm32f103xb.o(.text)
    I2C2_EV_IRQHandler                       0x08000293   Thumb Code     0  startup_stm32f103xb.o(.text)
    PVD_IRQHandler                           0x08000293   Thumb Code     0  startup_stm32f103xb.o(.text)
    RCC_IRQHandler                           0x08000293   Thumb Code     0  startup_stm32f103xb.o(.text)
    RTC_Alarm_IRQHandler                     0x08000293   Thumb Code     0  startup_stm32f103xb.o(.text)
    RTC_IRQHandler                           0x08000293   Thumb Code     0  startup_stm32f103xb.o(.text)
    SPI1_IRQHandler                          0x08000293   Thumb Code     0  startup_stm32f103xb.o(.text)
    SPI2_IRQHandler                          0x08000293   Thumb Code     0  startup_stm32f103xb.o(.text)
    TAMPER_IRQHandler                        0x08000293   Thumb Code     0  startup_stm32f103xb.o(.text)
    TIM1_BRK_IRQHandler                      0x08000293   Thumb Code     0  startup_stm32f103xb.o(.text)
    TIM1_CC_IRQHandler                       0x08000293   Thumb Code     0  startup_stm32f103xb.o(.text)
    TIM1_TRG_COM_IRQHandler                  0x08000293   Thumb Code     0  startup_stm32f103xb.o(.text)
    TIM1_UP_IRQHandler                       0x08000293   Thumb Code     0  startup_stm32f103xb.o(.text)
    USART2_IRQHandler                        0x08000293   Thumb Code     0  startup_stm32f103xb.o(.text)
    USBWakeUp_IRQHandler                     0x08000293   Thumb Code     0  startup_stm32f103xb.o(.text)
    USB_HP_CAN1_TX_IRQHandler                0x08000293   Thumb Code     0  startup_stm32f103xb.o(.text)
    USB_LP_CAN1_RX0_IRQHandler               0x08000293   Thumb Code     0  startup_stm32f103xb.o(.text)
    WWDG_IRQHandler                          0x08000293   Thumb Code     0  startup_stm32f103xb.o(.text)
    __user_initial_stackheap                 0x08000295   Thumb Code     0  startup_stm32f103xb.o(.text)
    vsnprintf                                0x080002b9   Thumb Code    48  vsnprintf.o(.text)
    __2sprintf                               0x080002ed   Thumb Code    38  __2sprintf.o(.text)
    __2snprintf                              0x08000319   Thumb Code    50  __2snprintf.o(.text)
    _printf_pre_padding                      0x08000351   Thumb Code    44  _printf_pad.o(.text)
    _printf_post_padding                     0x0800037d   Thumb Code    34  _printf_pad.o(.text)
    _printf_str                              0x0800039f   Thumb Code    82  _printf_str.o(.text)
    _printf_int_dec                          0x080003f1   Thumb Code   104  _printf_dec.o(.text)
    _printf_longlong_hex                     0x08000469   Thumb Code    86  _printf_hex_int_ll_ptr.o(.text)
    _printf_int_hex                          0x080004bf   Thumb Code    28  _printf_hex_int_ll_ptr.o(.text)
    _printf_ll_hex                           0x080004db   Thumb Code    12  _printf_hex_int_ll_ptr.o(.text)
    _printf_hex_ptr                          0x080004e7   Thumb Code    18  _printf_hex_int_ll_ptr.o(.text)
    __printf                                 0x080004fd   Thumb Code   388  __printf_flags_ss_wp.o(.text)
    __aeabi_memclr                           0x08000685   Thumb Code     0  rt_memclr.o(.text)
    __rt_memclr                              0x08000685   Thumb Code    68  rt_memclr.o(.text)
    _memset                                  0x08000689   Thumb Code     0  rt_memclr.o(.text)
    __aeabi_memclr4                          0x080006c9   Thumb Code     0  rt_memclr_w.o(.text)
    __aeabi_memclr8                          0x080006c9   Thumb Code     0  rt_memclr_w.o(.text)
    __rt_memclr_w                            0x080006c9   Thumb Code    78  rt_memclr_w.o(.text)
    _memset_w                                0x080006cd   Thumb Code     0  rt_memclr_w.o(.text)
    __use_two_region_memory                  0x08000717   Thumb Code     2  heapauxi.o(.text)
    __rt_heap_escrow$2region                 0x08000719   Thumb Code     2  heapauxi.o(.text)
    __rt_heap_expand$2region                 0x0800071b   Thumb Code     2  heapauxi.o(.text)
    __cpp_initialize__aeabi_                 0x0800071d   Thumb Code    26  init_aeabi.o(.text)
    _printf_truncate_signed                  0x08000741   Thumb Code    18  _printf_truncate.o(.text)
    _printf_truncate_unsigned                0x08000753   Thumb Code    18  _printf_truncate.o(.text)
    _printf_int_common                       0x08000765   Thumb Code   178  _printf_intcommon.o(.text)
    _printf_charcount                        0x08000817   Thumb Code    40  _printf_charcount.o(.text)
    _printf_char_common                      0x0800084b   Thumb Code    32  _printf_char_common.o(.text)
    _sputc                                   0x08000871   Thumb Code    10  _sputc.o(.text)
    _snputc                                  0x0800087b   Thumb Code    16  _snputc.o(.text)
    _printf_cs_common                        0x0800088b   Thumb Code    20  _printf_char.o(.text)
    _printf_char                             0x0800089f   Thumb Code    16  _printf_char.o(.text)
    _printf_string                           0x080008af   Thumb Code     8  _printf_char.o(.text)
    _printf_wctomb                           0x080008b9   Thumb Code   182  _printf_wctomb.o(.text)
    _printf_longlong_dec                     0x08000975   Thumb Code   108  _printf_longlong_dec.o(.text)
    _printf_longlong_oct                     0x080009f1   Thumb Code    66  _printf_oct_int_ll.o(.text)
    _printf_int_oct                          0x08000a33   Thumb Code    24  _printf_oct_int_ll.o(.text)
    _printf_ll_oct                           0x08000a4b   Thumb Code    12  _printf_oct_int_ll.o(.text)
    _ll_udiv10                               0x08000a61   Thumb Code   138  lludiv10.o(.text)
    __lib_sel_fp_printf                      0x08000aeb   Thumb Code     2  _printf_fp_dec.o(.text)
    _printf_fp_dec_real                      0x08000c9d   Thumb Code   620  _printf_fp_dec.o(.text)
    _printf_fp_hex_real                      0x08000f09   Thumb Code   756  _printf_fp_hex.o(.text)
    _printf_lcs_common                       0x08001205   Thumb Code    20  _printf_wchar.o(.text)
    _printf_wchar                            0x08001219   Thumb Code    16  _printf_wchar.o(.text)
    _printf_wstring                          0x08001229   Thumb Code     8  _printf_wchar.o(.text)
    _wcrtomb                                 0x08001231   Thumb Code    64  _wcrtomb.o(.text)
    __user_setup_stackheap                   0x08001271   Thumb Code    74  sys_stackheap_outer.o(.text)
    __rt_ctype_table                         0x080012bd   Thumb Code    16  rt_ctype_table.o(.text)
    __rt_locale                              0x080012cd   Thumb Code     8  rt_locale_intlibspace.o(.text)
    _printf_fp_infnan                        0x080012d5   Thumb Code   112  _printf_fp_infnan.o(.text)
    _btod_etento                             0x08001355   Thumb Code   224  bigflt0.o(.text)
    exit                                     0x08001439   Thumb Code    18  exit.o(.text)
    __user_libspace                          0x0800144d   Thumb Code     8  libspace.o(.text)
    __user_perproc_libspace                  0x0800144d   Thumb Code     0  libspace.o(.text)
    __user_perthread_libspace                0x0800144d   Thumb Code     0  libspace.o(.text)
    strcmp                                   0x08001455   Thumb Code   128  strcmpv7m.o(.text)
    __I$use$semihosting                      0x080014d5   Thumb Code     0  use_no_semi.o(.text)
    __use_no_semihosting_swi                 0x080014d5   Thumb Code     2  use_no_semi.o(.text)
    __semihosting_library_function           0x080014d7   Thumb Code     0  indicate_semi.o(.text)
    _sys_exit                                0x080014d9   Thumb Code     8  sys_exit.o(.text)
    _btod_d2e                                0x080014e5   Thumb Code    62  btod.o(CL$$btod_d2e)
    _d2e_denorm_low                          0x08001523   Thumb Code    70  btod.o(CL$$btod_d2e_denorm_low)
    _d2e_norm_op1                            0x08001569   Thumb Code    96  btod.o(CL$$btod_d2e_norm_op1)
    __btod_div_common                        0x080015c9   Thumb Code   696  btod.o(CL$$btod_div_common)
    _e2e                                     0x08001901   Thumb Code   220  btod.o(CL$$btod_e2e)
    _btod_ediv                               0x080019dd   Thumb Code    42  btod.o(CL$$btod_ediv)
    _btod_emul                               0x08001a07   Thumb Code    42  btod.o(CL$$btod_emul)
    __btod_mult_common                       0x08001a31   Thumb Code   580  btod.o(CL$$btod_mult_common)
    BusFault_Handler                         0x08001c75   Thumb Code     4  stm32f1xx_it.o(i.BusFault_Handler)
    CompareTime                              0x08001c79   Thumb Code    26  software_time.o(i.CompareTime)
    DebugMon_Handler                         0x08001c93   Thumb Code     2  stm32f1xx_it.o(i.DebugMon_Handler)
    Error_Handler                            0x08001c95   Thumb Code     6  main.o(i.Error_Handler)
    FOCUS_reset_handle                       0x08001c9b   Thumb Code    28  user_function.o(i.FOCUS_reset_handle)
    GetTime                                  0x08001cb7   Thumb Code    12  software_time.o(i.GetTime)
    HAL_DMA_Abort                            0x08001cc3   Thumb Code    86  stm32f1xx_hal_dma.o(i.HAL_DMA_Abort)
    HAL_DMA_Abort_IT                         0x08001d19   Thumb Code   172  stm32f1xx_hal_dma.o(i.HAL_DMA_Abort_IT)
    HAL_Delay                                0x08001dc9   Thumb Code    36  stm32f1xx_hal.o(i.HAL_Delay)
    HAL_GPIO_Init                            0x08001df1   Thumb Code   766  stm32f1xx_hal_gpio.o(i.HAL_GPIO_Init)
    HAL_GPIO_ReadPin                         0x08002111   Thumb Code    16  stm32f1xx_hal_gpio.o(i.HAL_GPIO_ReadPin)
    HAL_GPIO_WritePin                        0x08002121   Thumb Code    12  stm32f1xx_hal_gpio.o(i.HAL_GPIO_WritePin)
    HAL_GetTick                              0x0800212d   Thumb Code     6  stm32f1xx_hal.o(i.HAL_GetTick)
    HAL_IncTick                              0x08002139   Thumb Code    16  stm32f1xx_hal.o(i.HAL_IncTick)
    HAL_Init                                 0x08002151   Thumb Code    34  stm32f1xx_hal.o(i.HAL_Init)
    HAL_InitTick                             0x08002179   Thumb Code    64  stm32f1xx_hal.o(i.HAL_InitTick)
    HAL_MspInit                              0x080021c5   Thumb Code    76  stm32f1xx_hal_msp.o(i.HAL_MspInit)
    HAL_NVIC_EnableIRQ                       0x08002219   Thumb Code    32  stm32f1xx_hal_cortex.o(i.HAL_NVIC_EnableIRQ)
    HAL_NVIC_SetPriority                     0x08002239   Thumb Code   124  stm32f1xx_hal_cortex.o(i.HAL_NVIC_SetPriority)
    HAL_NVIC_SetPriorityGrouping             0x080022b5   Thumb Code    32  stm32f1xx_hal_cortex.o(i.HAL_NVIC_SetPriorityGrouping)
    HAL_RCC_ClockConfig                      0x080022dd   Thumb Code   376  stm32f1xx_hal_rcc.o(i.HAL_RCC_ClockConfig)
    HAL_RCC_GetHCLKFreq                      0x08002469   Thumb Code     6  stm32f1xx_hal_rcc.o(i.HAL_RCC_GetHCLKFreq)
    HAL_RCC_GetPCLK1Freq                     0x08002475   Thumb Code    22  stm32f1xx_hal_rcc.o(i.HAL_RCC_GetPCLK1Freq)
    HAL_RCC_GetPCLK2Freq                     0x08002495   Thumb Code    22  stm32f1xx_hal_rcc.o(i.HAL_RCC_GetPCLK2Freq)
    HAL_RCC_GetSysClockFreq                  0x080024b5   Thumb Code    92  stm32f1xx_hal_rcc.o(i.HAL_RCC_GetSysClockFreq)
    HAL_RCC_OscConfig                        0x08002525   Thumb Code  1114  stm32f1xx_hal_rcc.o(i.HAL_RCC_OscConfig)
    HAL_SPI_Init                             0x08002989   Thumb Code   190  stm32f1xx_hal_spi.o(i.HAL_SPI_Init)
    HAL_SPI_MspInit                          0x08002a49   Thumb Code   124  stm32f1xx_hal_msp.o(i.HAL_SPI_MspInit)
    HAL_SPI_TransmitReceive                  0x08002ad1   Thumb Code   584  stm32f1xx_hal_spi.o(i.HAL_SPI_TransmitReceive)
    HAL_SYSTICK_Config                       0x08002d19   Thumb Code    52  stm32f1xx_hal_cortex.o(i.HAL_SYSTICK_Config)
    HAL_TIMEx_BreakCallback                  0x08002d4d   Thumb Code     2  stm32f1xx_hal_tim_ex.o(i.HAL_TIMEx_BreakCallback)
    HAL_TIMEx_CommutCallback                 0x08002d4f   Thumb Code     2  stm32f1xx_hal_tim_ex.o(i.HAL_TIMEx_CommutCallback)
    HAL_TIMEx_MasterConfigSynchronization    0x08002d51   Thumb Code   118  stm32f1xx_hal_tim_ex.o(i.HAL_TIMEx_MasterConfigSynchronization)
    HAL_TIM_Base_Init                        0x08002dd5   Thumb Code   102  stm32f1xx_hal_tim.o(i.HAL_TIM_Base_Init)
    HAL_TIM_Base_MspInit                     0x08002e3d   Thumb Code   166  stm32f1xx_hal_msp.o(i.HAL_TIM_Base_MspInit)
    HAL_TIM_Base_Start_IT                    0x08002ef1   Thumb Code   106  stm32f1xx_hal_tim.o(i.HAL_TIM_Base_Start_IT)
    HAL_TIM_ConfigClockSource                0x08002f69   Thumb Code   268  stm32f1xx_hal_tim.o(i.HAL_TIM_ConfigClockSource)
    HAL_TIM_IC_CaptureCallback               0x08003075   Thumb Code     2  stm32f1xx_hal_tim.o(i.HAL_TIM_IC_CaptureCallback)
    HAL_TIM_IRQHandler                       0x08003077   Thumb Code   364  stm32f1xx_hal_tim.o(i.HAL_TIM_IRQHandler)
    HAL_TIM_OC_DelayElapsedCallback          0x080031e3   Thumb Code     2  stm32f1xx_hal_tim.o(i.HAL_TIM_OC_DelayElapsedCallback)
    HAL_TIM_PWM_PulseFinishedCallback        0x080031e5   Thumb Code     2  stm32f1xx_hal_tim.o(i.HAL_TIM_PWM_PulseFinishedCallback)
    HAL_TIM_PeriodElapsedCallback            0x080031e9   Thumb Code    32  user_init.o(i.HAL_TIM_PeriodElapsedCallback)
    HAL_TIM_TriggerCallback                  0x08003211   Thumb Code     2  stm32f1xx_hal_tim.o(i.HAL_TIM_TriggerCallback)
    HAL_UARTEx_RxEventCallback               0x08003213   Thumb Code     2  stm32f1xx_hal_uart.o(i.HAL_UARTEx_RxEventCallback)
    HAL_UART_ErrorCallback                   0x08003215   Thumb Code     2  stm32f1xx_hal_uart.o(i.HAL_UART_ErrorCallback)
    HAL_UART_IRQHandler                      0x08003219   Thumb Code   736  stm32f1xx_hal_uart.o(i.HAL_UART_IRQHandler)
    HAL_UART_Init                            0x080034fd   Thumb Code   118  stm32f1xx_hal_uart.o(i.HAL_UART_Init)
    HAL_UART_MspInit                         0x08003575   Thumb Code   258  stm32f1xx_hal_msp.o(i.HAL_UART_MspInit)
    HAL_UART_Receive_IT                      0x0800368d   Thumb Code    44  stm32f1xx_hal_uart.o(i.HAL_UART_Receive_IT)
    HAL_UART_RxCpltCallback                  0x080036b9   Thumb Code   106  uart.o(i.HAL_UART_RxCpltCallback)
    HAL_UART_Transmit                        0x08003755   Thumb Code   190  stm32f1xx_hal_uart.o(i.HAL_UART_Transmit)
    HAL_UART_TxCpltCallback                  0x08003813   Thumb Code     2  stm32f1xx_hal_uart.o(i.HAL_UART_TxCpltCallback)
    HardFault_Handler                        0x08003815   Thumb Code     4  stm32f1xx_it.o(i.HardFault_Handler)
    IRIS_reset_handle                        0x08003819   Thumb Code    28  user_function.o(i.IRIS_reset_handle)
    Init_MS41968                             0x08003835   Thumb Code   370  control.o(i.Init_MS41968)
    LOG_AutoInit                             0x080039c9   Thumb Code    20  user_log.o(i.LOG_AutoInit)
    LOG_Print                                0x080039e5   Thumb Code   138  user_log.o(i.LOG_Print)
    MemManage_Handler                        0x08003d4d   Thumb Code     4  stm32f1xx_it.o(i.MemManage_Handler)
    Motor12_DisablePositionControl           0x08003d51   Thumb Code     8  control.o(i.Motor12_DisablePositionControl)
    Motor12_EnablePositionControl            0x08003d5d   Thumb Code     8  control.o(i.Motor12_EnablePositionControl)
    Motor12_GetCurrentPosition               0x08003d69   Thumb Code     6  control.o(i.Motor12_GetCurrentPosition)
    Motor12_PositionControl                  0x08003d75   Thumb Code   214  control.o(i.Motor12_PositionControl)
    Motor12_PrintPositions                   0x08003e61   Thumb Code   124  control.o(i.Motor12_PrintPositions)
    Motor12_SetCurrentPosition               0x08003fad   Thumb Code     6  control.o(i.Motor12_SetCurrentPosition)
    Motor12_SetTargetPosition                0x08003fb9   Thumb Code    14  control.o(i.Motor12_SetTargetPosition)
    Motor34_DisablePositionControl           0x08003fcd   Thumb Code     8  control.o(i.Motor34_DisablePositionControl)
    Motor34_EnablePositionControl            0x08003fd9   Thumb Code     8  control.o(i.Motor34_EnablePositionControl)
    Motor34_GetCurrentPosition               0x08003fe5   Thumb Code     6  control.o(i.Motor34_GetCurrentPosition)
    Motor34_PositionControl                  0x08003ff1   Thumb Code   214  control.o(i.Motor34_PositionControl)
    Motor34_PrintPositions                   0x080040dd   Thumb Code   124  control.o(i.Motor34_PrintPositions)
    Motor34_SetCurrentPosition               0x08004229   Thumb Code     6  control.o(i.Motor34_SetCurrentPosition)
    Motor34_SetTargetPosition                0x08004235   Thumb Code    14  control.o(i.Motor34_SetTargetPosition)
    Motor56_DisablePositionControl           0x08004249   Thumb Code     8  control.o(i.Motor56_DisablePositionControl)
    Motor56_EnablePositionControl            0x08004255   Thumb Code     8  control.o(i.Motor56_EnablePositionControl)
    Motor56_GetCurrentPosition               0x08004261   Thumb Code     6  control.o(i.Motor56_GetCurrentPosition)
    Motor56_PositionControl                  0x0800426d   Thumb Code   210  control.o(i.Motor56_PositionControl)
    Motor56_SetCurrentPosition               0x08004355   Thumb Code     6  control.o(i.Motor56_SetCurrentPosition)
    Motor56_SetTargetPosition                0x08004361   Thumb Code    14  control.o(i.Motor56_SetTargetPosition)
    Motor78_DisablePositionControl           0x08004375   Thumb Code     8  control.o(i.Motor78_DisablePositionControl)
    Motor78_EnablePositionControl            0x08004381   Thumb Code     8  control.o(i.Motor78_EnablePositionControl)
    Motor78_GetCurrentPosition               0x0800438d   Thumb Code     6  control.o(i.Motor78_GetCurrentPosition)
    Motor78_PositionControl                  0x08004399   Thumb Code   214  control.o(i.Motor78_PositionControl)
    Motor78_PrintPositions                   0x08004485   Thumb Code   124  control.o(i.Motor78_PrintPositions)
    Motor78_SetCurrentPosition               0x080045d1   Thumb Code     6  control.o(i.Motor78_SetCurrentPosition)
    Motor78_SetTargetPosition                0x080045dd   Thumb Code    14  control.o(i.Motor78_SetTargetPosition)
    Motor9A_DisablePositionControl           0x080045f1   Thumb Code     8  control.o(i.Motor9A_DisablePositionControl)
    Motor9A_EnablePositionControl            0x080045fd   Thumb Code     8  control.o(i.Motor9A_EnablePositionControl)
    Motor9A_GetCurrentPosition               0x08004609   Thumb Code     6  control.o(i.Motor9A_GetCurrentPosition)
    Motor9A_PositionControl                  0x08004615   Thumb Code   214  control.o(i.Motor9A_PositionControl)
    Motor9A_PrintPositions                   0x08004701   Thumb Code   124  control.o(i.Motor9A_PrintPositions)
    Motor9A_SetCurrentPosition               0x0800484d   Thumb Code     6  control.o(i.Motor9A_SetCurrentPosition)
    Motor9A_SetTargetPosition                0x08004859   Thumb Code    14  control.o(i.Motor9A_SetTargetPosition)
    Motor_CheckCOStatus                      0x0800486d   Thumb Code    60  control.o(i.Motor_CheckCOStatus)
    Motor_FOCUS_Reset_Clear                  0x080048e1   Thumb Code    22  control.o(i.Motor_FOCUS_Reset_Clear)
    Motor_FOCUS_Reset_Process                0x080048fd   Thumb Code   132  control.o(i.Motor_FOCUS_Reset_Process)
    Motor_FOCUS_Reset_Start                  0x080049c1   Thumb Code   106  control.o(i.Motor_FOCUS_Reset_Start)
    Motor_IRIS_Reset_Clear                   0x08004a95   Thumb Code    22  control.o(i.Motor_IRIS_Reset_Clear)
    Motor_IRIS_Reset_Process                 0x08004ab1   Thumb Code   104  control.o(i.Motor_IRIS_Reset_Process)
    Motor_IRIS_Reset_Start                   0x08004b85   Thumb Code   106  control.o(i.Motor_IRIS_Reset_Start)
    Motor_ZOOM1_Reset_Clear                  0x08004c59   Thumb Code    22  control.o(i.Motor_ZOOM1_Reset_Clear)
    Motor_ZOOM1_Reset_Process                0x08004c75   Thumb Code   106  control.o(i.Motor_ZOOM1_Reset_Process)
    Motor_ZOOM1_Reset_Start                  0x08004d51   Thumb Code   108  control.o(i.Motor_ZOOM1_Reset_Start)
    Motor_ZOOM2_Reset_Clear                  0x08004e25   Thumb Code    22  control.o(i.Motor_ZOOM2_Reset_Clear)
    Motor_ZOOM2_Reset_Process                0x08004e41   Thumb Code   104  control.o(i.Motor_ZOOM2_Reset_Process)
    Motor_ZOOM2_Reset_Start                  0x08004f19   Thumb Code   106  control.o(i.Motor_ZOOM2_Reset_Start)
    Motor_ZOOM3_Reset_Clear                  0x08004fed   Thumb Code    26  control.o(i.Motor_ZOOM3_Reset_Clear)
    Motor_ZOOM3_Reset_Process                0x0800500d   Thumb Code   134  control.o(i.Motor_ZOOM3_Reset_Process)
    Motor_ZOOM3_Reset_Start                  0x080050d5   Thumb Code   108  control.o(i.Motor_ZOOM3_Reset_Start)
    Motors_CheckAllCOStatus                  0x080051a9   Thumb Code    72  control.o(i.Motors_CheckAllCOStatus)
    NMI_Handler                              0x08005221   Thumb Code     4  stm32f1xx_it.o(i.NMI_Handler)
    PelcoD_CalculateChecksum                 0x080052a9   Thumb Code    32  pelco_d_protocol.o(i.PelcoD_CalculateChecksum)
    PelcoD_ParseFrame                        0x080055e5   Thumb Code   102  pelco_d_protocol.o(i.PelcoD_ParseFrame)
    PelcoD_ProcessReceivedFrame              0x0800564b   Thumb Code    60  pelco_d_integration_example.o(i.PelcoD_ProcessReceivedFrame)
    PelcoD_SendResponse                      0x08005689   Thumb Code    22  pelco_d_integration_example.o(i.PelcoD_SendResponse)
    PendSV_Handler                           0x080056a5   Thumb Code     2  stm32f1xx_it.o(i.PendSV_Handler)
    Reset_MS41968                            0x080056d1   Thumb Code    54  control.o(i.Reset_MS41968)
    SPI_Test_ReadAllRegisters                0x08005751   Thumb Code    72  control.o(i.SPI_Test_ReadAllRegisters)
    SVC_Handler                              0x080058d5   Thumb Code     2  stm32f1xx_it.o(i.SVC_Handler)
    Spi_ReadWriteByte                        0x08005939   Thumb Code    28  control.o(i.Spi_ReadWriteByte)
    Spi_Write                                0x08005959   Thumb Code    70  control.o(i.Spi_Write)
    Spi__Read                                0x080059a5   Thumb Code    64  control.o(i.Spi__Read)
    Start_Peripheral                         0x080059e9   Thumb Code    56  user_init.o(i.Start_Peripheral)
    SysTick_Handler                          0x08005a4d   Thumb Code     8  stm32f1xx_it.o(i.SysTick_Handler)
    SystemClock_Config                       0x08005a55   Thumb Code    98  main.o(i.SystemClock_Config)
    SystemInit                               0x08005ab7   Thumb Code     2  system_stm32f1xx.o(i.SystemInit)
    TIM2_IRQHandler                          0x08005ab9   Thumb Code    10  stm32f1xx_it.o(i.TIM2_IRQHandler)
    TIM3_IRQHandler                          0x08005ac9   Thumb Code    10  stm32f1xx_it.o(i.TIM3_IRQHandler)
    TIM4_IRQHandler                          0x08005ad9   Thumb Code    10  stm32f1xx_it.o(i.TIM4_IRQHandler)
    TIM_Base_SetConfig                       0x08005ae9   Thumb Code   120  stm32f1xx_hal_tim.o(i.TIM_Base_SetConfig)
    TIM_ETR_SetConfig                        0x08005b6d   Thumb Code    22  stm32f1xx_hal_tim.o(i.TIM_ETR_SetConfig)
    UART_Start_Receive_IT                    0x08005e7d   Thumb Code    64  stm32f1xx_hal_uart.o(i.UART_Start_Receive_IT)
    UART_Transmit_Str                        0x08005f1d   Thumb Code    36  uart.o(i.UART_Transmit_Str)
    USART1_IRQHandler                        0x08005fcd   Thumb Code    10  stm32f1xx_it.o(i.USART1_IRQHandler)
    USART3_IRQHandler                        0x08005fdd   Thumb Code    10  stm32f1xx_it.o(i.USART3_IRQHandler)
    Uart_1_Data_Processing                   0x08005fed   Thumb Code    82  user_function.o(i.Uart_1_Data_Processing)
    Uart_1_Receive_Interrupt                 0x0800604d   Thumb Code   156  uart.o(i.Uart_1_Receive_Interrupt)
    Uart_1_Time_Even                         0x080060f5   Thumb Code    78  uart.o(i.Uart_1_Time_Even)
    Uart_3_Data_Processing                   0x08006151   Thumb Code   102  user_function.o(i.Uart_3_Data_Processing)
    Uart_3_Receive_Interrupt                 0x080061c5   Thumb Code   156  uart.o(i.Uart_3_Receive_Interrupt)
    Uart_3_Time_Even                         0x0800626d   Thumb Code    78  uart.o(i.Uart_3_Time_Even)
    UsageFault_Handler                       0x080062c9   Thumb Code     4  stm32f1xx_it.o(i.UsageFault_Handler)
    User_main                                0x080062cd   Thumb Code   290  user_function.o(i.User_main)
    VD_FZ_Motor12                            0x08006499   Thumb Code    74  control.o(i.VD_FZ_Motor12)
    VD_FZ_Motor34                            0x080064f5   Thumb Code    74  control.o(i.VD_FZ_Motor34)
    VD_FZ_Motor56                            0x08006551   Thumb Code    74  control.o(i.VD_FZ_Motor56)
    VD_FZ_Motor78                            0x080065ad   Thumb Code    74  control.o(i.VD_FZ_Motor78)
    VD_FZ_Motor9A                            0x08006609   Thumb Code    74  control.o(i.VD_FZ_Motor9A)
    ZOOM1_reset_handle                       0x08006665   Thumb Code    28  user_function.o(i.ZOOM1_reset_handle)
    ZOOM2_reset_handle                       0x08006681   Thumb Code    28  user_function.o(i.ZOOM2_reset_handle)
    ZOOM3_reset_handle                       0x0800669d   Thumb Code    28  user_function.o(i.ZOOM3_reset_handle)
    __ARM_fpclassify                         0x080066b9   Thumb Code    40  fpclassify.o(i.__ARM_fpclassify)
    _is_digit                                0x08006719   Thumb Code    14  __printf_wp.o(i._is_digit)
    main                                     0x08006727   Thumb Code    44  main.o(i.main)
    _get_lc_numeric                          0x08006755   Thumb Code    44  lc_numeric_c.o(locale$$code)
    _get_lc_ctype                            0x08006781   Thumb Code    44  lc_ctype_c.o(locale$$code)
    _printf_fp_dec                           0x080067ad   Thumb Code     4  printf1.o(x$fpl$printf1)
    _printf_fp_hex                           0x080067b1   Thumb Code     4  printf2.o(x$fpl$printf2)
    __I$use$fp                               0x080067b4   Number         0  usenofp.o(x$fpl$usenofp)
    AHBPrescTable                            0x080067c6   Data          16  system_stm32f1xx.o(.constdata)
    APBPrescTable                            0x080067d6   Data           8  system_stm32f1xx.o(.constdata)
    Region$$Table$$Base                      0x080069a4   Number         0  anon$$obj.o(Region$$Table)
    Region$$Table$$Limit                     0x080069c4   Number         0  anon$$obj.o(Region$$Table)
    __ctype                                  0x080069ed   Data           0  lc_ctype_c.o(locale$$data)
    SHT$$INIT_ARRAY$$Base                    0x08006af0   Number         0  software_time.o(.init_array)
    SHT$$INIT_ARRAY$$Limit                   0x08006afc   Number         0  init_aeabi.o(.init_array)
    uwTick                                   0x20000000   Data           4  stm32f1xx_hal.o(.data)
    uwTickPrio                               0x20000004   Data           4  stm32f1xx_hal.o(.data)
    uwTickFreq                               0x20000008   Data           1  stm32f1xx_hal.o(.data)
    SystemCoreClock                          0x2000000c   Data           4  system_stm32f1xx.o(.data)
    Task_1                                   0x20000010   Data           8  software_time.o(.data)
    Task_5                                   0x20000018   Data           8  software_time.o(.data)
    Task_20                                  0x20000020   Data           8  software_time.o(.data)
    Task_25                                  0x20000028   Data           8  software_time.o(.data)
    Task_50                                  0x20000030   Data           8  software_time.o(.data)
    Task_100                                 0x20000038   Data           8  software_time.o(.data)
    Task_200                                 0x20000040   Data           8  software_time.o(.data)
    Task_500                                 0x20000048   Data           8  software_time.o(.data)
    Task_1000                                0x20000050   Data           8  software_time.o(.data)
    a                                        0x20000058   Data           4  user_init.o(.data)
    uart_3                                   0x2000005c   Data           3  uart.o(.data)
    uart_3_buffer                            0x2000005f   Data           2  uart.o(.data)
    uart_3_frame_id                          0x20000061   Data           1  uart.o(.data)
    uart_2                                   0x20000062   Data           3  uart.o(.data)
    uart_2_buffer                            0x20000065   Data           2  uart.o(.data)
    uart_2_frame_id                          0x20000067   Data           1  uart.o(.data)
    uart_1                                   0x20000068   Data           3  uart.o(.data)
    uart_1_buffer                            0x2000006b   Data           2  uart.o(.data)
    uart_1_frame_id                          0x2000006d   Data           1  uart.o(.data)
    USART1_count                             0x2000006e   Data           2  uart.o(.data)
    USART3_count                             0x20000070   Data           2  uart.o(.data)
    status_uart3                             0x20000072   Data           1  uart.o(.data)
    status_uart1                             0x20000073   Data           1  uart.o(.data)
    status_uart2                             0x20000074   Data           1  uart.o(.data)
    aaa                                      0x20000075   Data           1  uart.o(.data)
    OutPutChennal2                           0x20000078   Data           1  control.o(.data)
    OutPutChennal                            0x20000079   Data           1  control.o(.data)
    IRCUT_FLAG                               0x2000007a   Data           1  control.o(.data)
    IRCUT_FLAG2                              0x2000007b   Data           1  control.o(.data)
    IRS_TGT                                  0x2000007c   Data           2  control.o(.data)
    PWMMODEAB                                0x2000007e   Data           2  control.o(.data)
    PWMRESAB                                 0x20000080   Data           2  control.o(.data)
    PHMODA                                   0x20000082   Data           2  control.o(.data)
    PHMODB                                   0x20000084   Data           2  control.o(.data)
    PPWAB                                    0x20000086   Data           2  control.o(.data)
    PPWCD                                    0x20000088   Data           2  control.o(.data)
    PPWEF                                    0x2000008a   Data           2  control.o(.data)
    PPWGH                                    0x2000008c   Data           2  control.o(.data)
    PPWIJ                                    0x2000008e   Data           2  control.o(.data)
    CCWCWA                                   0x20000090   Data           2  control.o(.data)
    CCWCWB                                   0x20000092   Data           2  control.o(.data)
    BRAKEA                                   0x20000094   Data           2  control.o(.data)
    BRAKEB                                   0x20000096   Data           2  control.o(.data)
    ENDISA                                   0x20000098   Data           2  control.o(.data)
    ENDISB                                   0x2000009a   Data           2  control.o(.data)
    MICROA                                   0x2000009c   Data           2  control.o(.data)
    MICROB                                   0x2000009e   Data           2  control.o(.data)
    PSUMA                                    0x200000a0   Data           2  control.o(.data)
    PSUMB                                    0x200000a2   Data           2  control.o(.data)
    PSUMC                                    0x200000a4   Data           2  control.o(.data)
    PSUMD                                    0x200000a6   Data           2  control.o(.data)
    INTCTAB                                  0x200000a8   Data           2  control.o(.data)
    INTCTCD                                  0x200000aa   Data           2  control.o(.data)
    INTCTEF                                  0x200000ac   Data           2  control.o(.data)
    INTCTGH                                  0x200000ae   Data           2  control.o(.data)
    INTCTIJ                                  0x200000b0   Data           2  control.o(.data)
    LED1                                     0x200000b2   Data           2  control.o(.data)
    LED2                                     0x200000b4   Data           2  control.o(.data)
    LED3                                     0x200000b6   Data           2  control.o(.data)
    LED4                                     0x200000b8   Data           2  control.o(.data)
    u16KeyTest                               0x20000108   Data           2  control.o(.data)
    x1_x16_cide                              0x20000132   Data         128  pelco_d_integration_example.o(.data)
    log_level_strings                        0x200001b8   Data          20  user_log.o(.data)
    g_log_config                             0x200001cc   Data          12  user_log.o(.data)
    hspi2                                    0x200001d8   Data          88  main.o(.bss)
    htim2                                    0x20000230   Data          72  main.o(.bss)
    htim3                                    0x20000278   Data          72  main.o(.bss)
    htim4                                    0x200002c0   Data          72  main.o(.bss)
    huart1                                   0x20000308   Data          72  main.o(.bss)
    huart3                                   0x20000350   Data          72  main.o(.bss)
    frame_3                                  0x20000398   Data         516  uart.o(.bss)
    frame_2                                  0x2000059c   Data         516  uart.o(.bss)
    frame_1                                  0x200007a0   Data         516  uart.o(.bss)
    __libspace_start                         0x20000aa4   Data          96  libspace.o(.bss)
    __temporary_stack_top$libspace           0x20000b04   Data           0  libspace.o(.bss)



==============================================================================

Memory Map of the image

  Image Entry point : 0x080000ed

  Load Region LR_IROM1 (Base: 0x08000000, Size: 0x00006cd4, Max: 0x00020000, ABSOLUTE, COMPRESSED[0x00006bb4])

    Execution Region ER_IROM1 (Exec base: 0x08000000, Load base: 0x08000000, Size: 0x00006afc, Max: 0x00020000, ABSOLUTE)

    Exec Addr    Load Addr    Size         Type   Attr      Idx    E Section Name        Object

    0x08000000   0x08000000   0x000000ec   Data   RO            3    RESET               startup_stm32f103xb.o
    0x080000ec   0x080000ec   0x00000008   Code   RO         4470  * !!!main             c_w.l(__main.o)
    0x080000f4   0x080000f4   0x00000034   Code   RO         4747    !!!scatter          c_w.l(__scatter.o)
    0x08000128   0x08000128   0x0000005a   Code   RO         4745    !!dczerorl2         c_w.l(__dczerorl2.o)
    0x08000182   0x08000182   0x00000002   PAD
    0x08000184   0x08000184   0x0000001c   Code   RO         4749    !!handler_zi        c_w.l(__scatter_zi.o)
    0x080001a0   0x080001a0   0x00000000   Code   RO         4463    .ARM.Collect$$_printf_percent$$00000000  c_w.l(_printf_percent.o)
    0x080001a0   0x080001a0   0x00000006   Code   RO         4505    .ARM.Collect$$_printf_percent$$00000001  c_w.l(_printf_n.o)
    0x080001a6   0x080001a6   0x00000006   Code   RO         4506    .ARM.Collect$$_printf_percent$$00000002  c_w.l(_printf_p.o)
    0x080001ac   0x080001ac   0x00000006   Code   RO         4509    .ARM.Collect$$_printf_percent$$00000003  c_w.l(_printf_f.o)
    0x080001b2   0x080001b2   0x00000006   Code   RO         4510    .ARM.Collect$$_printf_percent$$00000004  c_w.l(_printf_e.o)
    0x080001b8   0x080001b8   0x00000006   Code   RO         4511    .ARM.Collect$$_printf_percent$$00000005  c_w.l(_printf_g.o)
    0x080001be   0x080001be   0x00000006   Code   RO         4512    .ARM.Collect$$_printf_percent$$00000006  c_w.l(_printf_a.o)
    0x080001c4   0x080001c4   0x0000000a   Code   RO         4517    .ARM.Collect$$_printf_percent$$00000007  c_w.l(_printf_ll.o)
    0x080001ce   0x080001ce   0x00000006   Code   RO         4508    .ARM.Collect$$_printf_percent$$00000008  c_w.l(_printf_i.o)
    0x080001d4   0x080001d4   0x00000006   Code   RO         4461    .ARM.Collect$$_printf_percent$$00000009  c_w.l(_printf_d.o)
    0x080001da   0x080001da   0x00000006   Code   RO         4462    .ARM.Collect$$_printf_percent$$0000000A  c_w.l(_printf_u.o)
    0x080001e0   0x080001e0   0x00000006   Code   RO         4507    .ARM.Collect$$_printf_percent$$0000000B  c_w.l(_printf_o.o)
    0x080001e6   0x080001e6   0x00000006   Code   RO         4460    .ARM.Collect$$_printf_percent$$0000000C  c_w.l(_printf_x.o)
    0x080001ec   0x080001ec   0x00000006   Code   RO         4514    .ARM.Collect$$_printf_percent$$0000000D  c_w.l(_printf_lli.o)
    0x080001f2   0x080001f2   0x00000006   Code   RO         4515    .ARM.Collect$$_printf_percent$$0000000E  c_w.l(_printf_lld.o)
    0x080001f8   0x080001f8   0x00000006   Code   RO         4516    .ARM.Collect$$_printf_percent$$0000000F  c_w.l(_printf_llu.o)
    0x080001fe   0x080001fe   0x00000006   Code   RO         4521    .ARM.Collect$$_printf_percent$$00000010  c_w.l(_printf_llo.o)
    0x08000204   0x08000204   0x00000006   Code   RO         4522    .ARM.Collect$$_printf_percent$$00000011  c_w.l(_printf_llx.o)
    0x0800020a   0x0800020a   0x0000000a   Code   RO         4518    .ARM.Collect$$_printf_percent$$00000012  c_w.l(_printf_l.o)
    0x08000214   0x08000214   0x00000006   Code   RO         4504    .ARM.Collect$$_printf_percent$$00000013  c_w.l(_printf_c.o)
    0x0800021a   0x0800021a   0x00000006   Code   RO         4459    .ARM.Collect$$_printf_percent$$00000014  c_w.l(_printf_s.o)
    0x08000220   0x08000220   0x00000006   Code   RO         4519    .ARM.Collect$$_printf_percent$$00000015  c_w.l(_printf_lc.o)
    0x08000226   0x08000226   0x00000006   Code   RO         4520    .ARM.Collect$$_printf_percent$$00000016  c_w.l(_printf_ls.o)
    0x0800022c   0x0800022c   0x00000004   Code   RO         4513    .ARM.Collect$$_printf_percent$$00000017  c_w.l(_printf_percent_end.o)
    0x08000230   0x08000230   0x00000002   Code   RO         4658    .ARM.Collect$$libinit$$00000000  c_w.l(libinit.o)
    0x08000232   0x08000232   0x00000000   Code   RO         4524    .ARM.Collect$$libinit$$00000002  c_w.l(libinit2.o)
    0x08000232   0x08000232   0x00000000   Code   RO         4526    .ARM.Collect$$libinit$$00000004  c_w.l(libinit2.o)
    0x08000232   0x08000232   0x00000000   Code   RO         4529    .ARM.Collect$$libinit$$0000000A  c_w.l(libinit2.o)
    0x08000232   0x08000232   0x00000000   Code   RO         4531    .ARM.Collect$$libinit$$0000000C  c_w.l(libinit2.o)
    0x08000232   0x08000232   0x00000000   Code   RO         4533    .ARM.Collect$$libinit$$0000000E  c_w.l(libinit2.o)
    0x08000232   0x08000232   0x00000006   Code   RO         4534    .ARM.Collect$$libinit$$0000000F  c_w.l(libinit2.o)
    0x08000238   0x08000238   0x00000000   Code   RO         4536    .ARM.Collect$$libinit$$00000011  c_w.l(libinit2.o)
    0x08000238   0x08000238   0x0000000c   Code   RO         4537    .ARM.Collect$$libinit$$00000012  c_w.l(libinit2.o)
    0x08000244   0x08000244   0x00000000   Code   RO         4538    .ARM.Collect$$libinit$$00000013  c_w.l(libinit2.o)
    0x08000244   0x08000244   0x00000000   Code   RO         4540    .ARM.Collect$$libinit$$00000015  c_w.l(libinit2.o)
    0x08000244   0x08000244   0x0000000a   Code   RO         4541    .ARM.Collect$$libinit$$00000016  c_w.l(libinit2.o)
    0x0800024e   0x0800024e   0x00000000   Code   RO         4542    .ARM.Collect$$libinit$$00000017  c_w.l(libinit2.o)
    0x0800024e   0x0800024e   0x00000000   Code   RO         4544    .ARM.Collect$$libinit$$00000019  c_w.l(libinit2.o)
    0x0800024e   0x0800024e   0x00000000   Code   RO         4546    .ARM.Collect$$libinit$$0000001B  c_w.l(libinit2.o)
    0x0800024e   0x0800024e   0x00000000   Code   RO         4548    .ARM.Collect$$libinit$$0000001D  c_w.l(libinit2.o)
    0x0800024e   0x0800024e   0x00000000   Code   RO         4550    .ARM.Collect$$libinit$$0000001F  c_w.l(libinit2.o)
    0x0800024e   0x0800024e   0x00000000   Code   RO         4552    .ARM.Collect$$libinit$$00000021  c_w.l(libinit2.o)
    0x0800024e   0x0800024e   0x00000000   Code   RO         4554    .ARM.Collect$$libinit$$00000023  c_w.l(libinit2.o)
    0x0800024e   0x0800024e   0x00000000   Code   RO         4556    .ARM.Collect$$libinit$$00000025  c_w.l(libinit2.o)
    0x0800024e   0x0800024e   0x00000000   Code   RO         4560    .ARM.Collect$$libinit$$0000002C  c_w.l(libinit2.o)
    0x0800024e   0x0800024e   0x00000000   Code   RO         4562    .ARM.Collect$$libinit$$0000002E  c_w.l(libinit2.o)
    0x0800024e   0x0800024e   0x00000000   Code   RO         4564    .ARM.Collect$$libinit$$00000030  c_w.l(libinit2.o)
    0x0800024e   0x0800024e   0x00000004   Code   RO         4565    .ARM.Collect$$libinit$$00000031  c_w.l(libinit2.o)
    0x08000252   0x08000252   0x00000000   Code   RO         4566    .ARM.Collect$$libinit$$00000032  c_w.l(libinit2.o)
    0x08000252   0x08000252   0x00000002   Code   RO         4567    .ARM.Collect$$libinit$$00000033  c_w.l(libinit2.o)
    0x08000254   0x08000254   0x00000002   Code   RO         4706    .ARM.Collect$$libshutdown$$00000000  c_w.l(libshutdown.o)
    0x08000256   0x08000256   0x00000000   Code   RO         4712    .ARM.Collect$$libshutdown$$00000002  c_w.l(libshutdown2.o)
    0x08000256   0x08000256   0x00000000   Code   RO         4714    .ARM.Collect$$libshutdown$$00000004  c_w.l(libshutdown2.o)
    0x08000256   0x08000256   0x00000000   Code   RO         4717    .ARM.Collect$$libshutdown$$00000007  c_w.l(libshutdown2.o)
    0x08000256   0x08000256   0x00000000   Code   RO         4720    .ARM.Collect$$libshutdown$$0000000A  c_w.l(libshutdown2.o)
    0x08000256   0x08000256   0x00000000   Code   RO         4722    .ARM.Collect$$libshutdown$$0000000C  c_w.l(libshutdown2.o)
    0x08000256   0x08000256   0x00000000   Code   RO         4725    .ARM.Collect$$libshutdown$$0000000F  c_w.l(libshutdown2.o)
    0x08000256   0x08000256   0x00000002   Code   RO         4726    .ARM.Collect$$libshutdown$$00000010  c_w.l(libshutdown2.o)
    0x08000258   0x08000258   0x00000000   Code   RO         4478    .ARM.Collect$$rtentry$$00000000  c_w.l(__rtentry.o)
    0x08000258   0x08000258   0x00000000   Code   RO         4577    .ARM.Collect$$rtentry$$00000002  c_w.l(__rtentry2.o)
    0x08000258   0x08000258   0x00000006   Code   RO         4589    .ARM.Collect$$rtentry$$00000004  c_w.l(__rtentry4.o)
    0x0800025e   0x0800025e   0x00000000   Code   RO         4579    .ARM.Collect$$rtentry$$00000009  c_w.l(__rtentry2.o)
    0x0800025e   0x0800025e   0x00000004   Code   RO         4580    .ARM.Collect$$rtentry$$0000000A  c_w.l(__rtentry2.o)
    0x08000262   0x08000262   0x00000000   Code   RO         4582    .ARM.Collect$$rtentry$$0000000C  c_w.l(__rtentry2.o)
    0x08000262   0x08000262   0x00000008   Code   RO         4583    .ARM.Collect$$rtentry$$0000000D  c_w.l(__rtentry2.o)
    0x0800026a   0x0800026a   0x00000002   Code   RO         4669    .ARM.Collect$$rtexit$$00000000  c_w.l(rtexit.o)
    0x0800026c   0x0800026c   0x00000000   Code   RO         4686    .ARM.Collect$$rtexit$$00000002  c_w.l(rtexit2.o)
    0x0800026c   0x0800026c   0x00000004   Code   RO         4687    .ARM.Collect$$rtexit$$00000003  c_w.l(rtexit2.o)
    0x08000270   0x08000270   0x00000006   Code   RO         4688    .ARM.Collect$$rtexit$$00000004  c_w.l(rtexit2.o)
    0x08000276   0x08000276   0x00000002   PAD
    0x08000278   0x08000278   0x00000040   Code   RO            4    .text               startup_stm32f103xb.o
    0x080002b8   0x080002b8   0x00000034   Code   RO         4400    .text               c_w.l(vsnprintf.o)
    0x080002ec   0x080002ec   0x0000002c   Code   RO         4402    .text               c_w.l(__2sprintf.o)
    0x08000318   0x08000318   0x00000038   Code   RO         4404    .text               c_w.l(__2snprintf.o)
    0x08000350   0x08000350   0x0000004e   Code   RO         4412    .text               c_w.l(_printf_pad.o)
    0x0800039e   0x0800039e   0x00000052   Code   RO         4414    .text               c_w.l(_printf_str.o)
    0x080003f0   0x080003f0   0x00000078   Code   RO         4416    .text               c_w.l(_printf_dec.o)
    0x08000468   0x08000468   0x00000094   Code   RO         4436    .text               c_w.l(_printf_hex_int_ll_ptr.o)
    0x080004fc   0x080004fc   0x00000188   Code   RO         4456    .text               c_w.l(__printf_flags_ss_wp.o)
    0x08000684   0x08000684   0x00000044   Code   RO         4464    .text               c_w.l(rt_memclr.o)
    0x080006c8   0x080006c8   0x0000004e   Code   RO         4466    .text               c_w.l(rt_memclr_w.o)
    0x08000716   0x08000716   0x00000006   Code   RO         4468    .text               c_w.l(heapauxi.o)
    0x0800071c   0x0800071c   0x00000024   Code   RO         4475    .text               c_w.l(init_aeabi.o)
    0x08000740   0x08000740   0x00000024   Code   RO         4479    .text               c_w.l(_printf_truncate.o)
    0x08000764   0x08000764   0x000000b2   Code   RO         4481    .text               c_w.l(_printf_intcommon.o)
    0x08000816   0x08000816   0x00000028   Code   RO         4483    .text               c_w.l(_printf_charcount.o)
    0x0800083e   0x0800083e   0x00000002   PAD
    0x08000840   0x08000840   0x00000030   Code   RO         4485    .text               c_w.l(_printf_char_common.o)
    0x08000870   0x08000870   0x0000000a   Code   RO         4487    .text               c_w.l(_sputc.o)
    0x0800087a   0x0800087a   0x00000010   Code   RO         4489    .text               c_w.l(_snputc.o)
    0x0800088a   0x0800088a   0x0000002c   Code   RO         4491    .text               c_w.l(_printf_char.o)
    0x080008b6   0x080008b6   0x00000002   PAD
    0x080008b8   0x080008b8   0x000000bc   Code   RO         4493    .text               c_w.l(_printf_wctomb.o)
    0x08000974   0x08000974   0x0000007c   Code   RO         4496    .text               c_w.l(_printf_longlong_dec.o)
    0x080009f0   0x080009f0   0x00000070   Code   RO         4502    .text               c_w.l(_printf_oct_int_ll.o)
    0x08000a60   0x08000a60   0x0000008a   Code   RO         4591    .text               c_w.l(lludiv10.o)
    0x08000aea   0x08000aea   0x0000041e   Code   RO         4593    .text               c_w.l(_printf_fp_dec.o)
    0x08000f08   0x08000f08   0x000002fc   Code   RO         4595    .text               c_w.l(_printf_fp_hex.o)
    0x08001204   0x08001204   0x0000002c   Code   RO         4600    .text               c_w.l(_printf_wchar.o)
    0x08001230   0x08001230   0x00000040   Code   RO         4602    .text               c_w.l(_wcrtomb.o)
    0x08001270   0x08001270   0x0000004a   Code   RO         4608    .text               c_w.l(sys_stackheap_outer.o)
    0x080012ba   0x080012ba   0x00000002   PAD
    0x080012bc   0x080012bc   0x00000010   Code   RO         4610    .text               c_w.l(rt_ctype_table.o)
    0x080012cc   0x080012cc   0x00000008   Code   RO         4615    .text               c_w.l(rt_locale_intlibspace.o)
    0x080012d4   0x080012d4   0x00000080   Code   RO         4617    .text               c_w.l(_printf_fp_infnan.o)
    0x08001354   0x08001354   0x000000e4   Code   RO         4619    .text               c_w.l(bigflt0.o)
    0x08001438   0x08001438   0x00000012   Code   RO         4647    .text               c_w.l(exit.o)
    0x0800144a   0x0800144a   0x00000002   PAD
    0x0800144c   0x0800144c   0x00000008   Code   RO         4666    .text               c_w.l(libspace.o)
    0x08001454   0x08001454   0x00000080   Code   RO         4680    .text               c_w.l(strcmpv7m.o)
    0x080014d4   0x080014d4   0x00000002   Code   RO         4682    .text               c_w.l(use_no_semi.o)
    0x080014d6   0x080014d6   0x00000000   Code   RO         4684    .text               c_w.l(indicate_semi.o)
    0x080014d6   0x080014d6   0x00000002   PAD
    0x080014d8   0x080014d8   0x0000000c   Code   RO         4698    .text               c_w.l(sys_exit.o)
    0x080014e4   0x080014e4   0x0000003e   Code   RO         4622    CL$$btod_d2e        c_w.l(btod.o)
    0x08001522   0x08001522   0x00000046   Code   RO         4624    CL$$btod_d2e_denorm_low  c_w.l(btod.o)
    0x08001568   0x08001568   0x00000060   Code   RO         4623    CL$$btod_d2e_norm_op1  c_w.l(btod.o)
    0x080015c8   0x080015c8   0x00000338   Code   RO         4632    CL$$btod_div_common  c_w.l(btod.o)
    0x08001900   0x08001900   0x000000dc   Code   RO         4629    CL$$btod_e2e        c_w.l(btod.o)
    0x080019dc   0x080019dc   0x0000002a   Code   RO         4626    CL$$btod_ediv       c_w.l(btod.o)
    0x08001a06   0x08001a06   0x0000002a   Code   RO         4625    CL$$btod_emul       c_w.l(btod.o)
    0x08001a30   0x08001a30   0x00000244   Code   RO         4631    CL$$btod_mult_common  c_w.l(btod.o)
    0x08001c74   0x08001c74   0x00000004   Code   RO          215    i.BusFault_Handler  stm32f1xx_it.o
    0x08001c78   0x08001c78   0x0000001a   Code   RO         3144    i.CompareTime       software_time.o
    0x08001c92   0x08001c92   0x00000002   Code   RO          216    i.DebugMon_Handler  stm32f1xx_it.o
    0x08001c94   0x08001c94   0x00000006   Code   RO           13    i.Error_Handler     main.o
    0x08001c9a   0x08001c9a   0x0000001c   Code   RO         3192    i.FOCUS_reset_handle  user_function.o
    0x08001cb6   0x08001cb6   0x0000000c   Code   RO         3145    i.GetTime           software_time.o
    0x08001cc2   0x08001cc2   0x00000056   Code   RO         1128    i.HAL_DMA_Abort     stm32f1xx_hal_dma.o
    0x08001d18   0x08001d18   0x000000b0   Code   RO         1129    i.HAL_DMA_Abort_IT  stm32f1xx_hal_dma.o
    0x08001dc8   0x08001dc8   0x00000028   Code   RO          749    i.HAL_Delay         stm32f1xx_hal.o
    0x08001df0   0x08001df0   0x00000320   Code   RO         1064    i.HAL_GPIO_Init     stm32f1xx_hal_gpio.o
    0x08002110   0x08002110   0x00000010   Code   RO         1066    i.HAL_GPIO_ReadPin  stm32f1xx_hal_gpio.o
    0x08002120   0x08002120   0x0000000c   Code   RO         1068    i.HAL_GPIO_WritePin  stm32f1xx_hal_gpio.o
    0x0800212c   0x0800212c   0x0000000c   Code   RO          753    i.HAL_GetTick       stm32f1xx_hal.o
    0x08002138   0x08002138   0x00000018   Code   RO          759    i.HAL_IncTick       stm32f1xx_hal.o
    0x08002150   0x08002150   0x00000028   Code   RO          760    i.HAL_Init          stm32f1xx_hal.o
    0x08002178   0x08002178   0x0000004c   Code   RO          761    i.HAL_InitTick      stm32f1xx_hal.o
    0x080021c4   0x080021c4   0x00000054   Code   RO          324    i.HAL_MspInit       stm32f1xx_hal_msp.o
    0x08002218   0x08002218   0x00000020   Code   RO         1224    i.HAL_NVIC_EnableIRQ  stm32f1xx_hal_cortex.o
    0x08002238   0x08002238   0x0000007c   Code   RO         1230    i.HAL_NVIC_SetPriority  stm32f1xx_hal_cortex.o
    0x080022b4   0x080022b4   0x00000028   Code   RO         1231    i.HAL_NVIC_SetPriorityGrouping  stm32f1xx_hal_cortex.o
    0x080022dc   0x080022dc   0x0000018c   Code   RO          917    i.HAL_RCC_ClockConfig  stm32f1xx_hal_rcc.o
    0x08002468   0x08002468   0x0000000c   Code   RO          922    i.HAL_RCC_GetHCLKFreq  stm32f1xx_hal_rcc.o
    0x08002474   0x08002474   0x00000020   Code   RO          924    i.HAL_RCC_GetPCLK1Freq  stm32f1xx_hal_rcc.o
    0x08002494   0x08002494   0x00000020   Code   RO          925    i.HAL_RCC_GetPCLK2Freq  stm32f1xx_hal_rcc.o
    0x080024b4   0x080024b4   0x00000070   Code   RO          926    i.HAL_RCC_GetSysClockFreq  stm32f1xx_hal_rcc.o
    0x08002524   0x08002524   0x00000464   Code   RO          929    i.HAL_RCC_OscConfig  stm32f1xx_hal_rcc.o
    0x08002988   0x08002988   0x000000be   Code   RO          431    i.HAL_SPI_Init      stm32f1xx_hal_spi.o
    0x08002a46   0x08002a46   0x00000002   PAD
    0x08002a48   0x08002a48   0x00000088   Code   RO          326    i.HAL_SPI_MspInit   stm32f1xx_hal_msp.o
    0x08002ad0   0x08002ad0   0x00000248   Code   RO          440    i.HAL_SPI_TransmitReceive  stm32f1xx_hal_spi.o
    0x08002d18   0x08002d18   0x00000034   Code   RO         1235    i.HAL_SYSTICK_Config  stm32f1xx_hal_cortex.o
    0x08002d4c   0x08002d4c   0x00000002   Code   RO         2467    i.HAL_TIMEx_BreakCallback  stm32f1xx_hal_tim_ex.o
    0x08002d4e   0x08002d4e   0x00000002   Code   RO         2468    i.HAL_TIMEx_CommutCallback  stm32f1xx_hal_tim_ex.o
    0x08002d50   0x08002d50   0x00000084   Code   RO         2486    i.HAL_TIMEx_MasterConfigSynchronization  stm32f1xx_hal_tim_ex.o
    0x08002dd4   0x08002dd4   0x00000066   Code   RO         1752    i.HAL_TIM_Base_Init  stm32f1xx_hal_tim.o
    0x08002e3a   0x08002e3a   0x00000002   PAD
    0x08002e3c   0x08002e3c   0x000000b4   Code   RO          328    i.HAL_TIM_Base_MspInit  stm32f1xx_hal_msp.o
    0x08002ef0   0x08002ef0   0x00000078   Code   RO         1757    i.HAL_TIM_Base_Start_IT  stm32f1xx_hal_tim.o
    0x08002f68   0x08002f68   0x0000010c   Code   RO         1761    i.HAL_TIM_ConfigClockSource  stm32f1xx_hal_tim.o
    0x08003074   0x08003074   0x00000002   Code   RO         1786    i.HAL_TIM_IC_CaptureCallback  stm32f1xx_hal_tim.o
    0x08003076   0x08003076   0x0000016c   Code   RO         1800    i.HAL_TIM_IRQHandler  stm32f1xx_hal_tim.o
    0x080031e2   0x080031e2   0x00000002   Code   RO         1803    i.HAL_TIM_OC_DelayElapsedCallback  stm32f1xx_hal_tim.o
    0x080031e4   0x080031e4   0x00000002   Code   RO         1830    i.HAL_TIM_PWM_PulseFinishedCallback  stm32f1xx_hal_tim.o
    0x080031e6   0x080031e6   0x00000002   PAD
    0x080031e8   0x080031e8   0x00000028   Code   RO         3264    i.HAL_TIM_PeriodElapsedCallback  user_init.o
    0x08003210   0x08003210   0x00000002   Code   RO         1843    i.HAL_TIM_TriggerCallback  stm32f1xx_hal_tim.o
    0x08003212   0x08003212   0x00000002   Code   RO         2746    i.HAL_UARTEx_RxEventCallback  stm32f1xx_hal_uart.o
    0x08003214   0x08003214   0x00000002   Code   RO         2760    i.HAL_UART_ErrorCallback  stm32f1xx_hal_uart.o
    0x08003216   0x08003216   0x00000002   PAD
    0x08003218   0x08003218   0x000002e4   Code   RO         2763    i.HAL_UART_IRQHandler  stm32f1xx_hal_uart.o
    0x080034fc   0x080034fc   0x00000076   Code   RO         2764    i.HAL_UART_Init     stm32f1xx_hal_uart.o
    0x08003572   0x08003572   0x00000002   PAD
    0x08003574   0x08003574   0x00000118   Code   RO          330    i.HAL_UART_MspInit  stm32f1xx_hal_msp.o
    0x0800368c   0x0800368c   0x0000002c   Code   RO         2769    i.HAL_UART_Receive_IT  stm32f1xx_hal_uart.o
    0x080036b8   0x080036b8   0x0000009c   Code   RO         3303    i.HAL_UART_RxCpltCallback  uart.o
    0x08003754   0x08003754   0x000000be   Code   RO         2772    i.HAL_UART_Transmit  stm32f1xx_hal_uart.o
    0x08003812   0x08003812   0x00000002   Code   RO         2775    i.HAL_UART_TxCpltCallback  stm32f1xx_hal_uart.o
    0x08003814   0x08003814   0x00000004   Code   RO          217    i.HardFault_Handler  stm32f1xx_it.o
    0x08003818   0x08003818   0x0000001c   Code   RO         3193    i.IRIS_reset_handle  user_function.o
    0x08003834   0x08003834   0x00000194   Code   RO         3410    i.Init_MS41968      control.o
    0x080039c8   0x080039c8   0x0000001c   Code   RO         4323    i.LOG_AutoInit      user_log.o
    0x080039e4   0x080039e4   0x000000a4   Code   RO         4327    i.LOG_Print         user_log.o
    0x08003a88   0x08003a88   0x000000c8   Code   RO           14    i.MX_GPIO_Init      main.o
    0x08003b50   0x08003b50   0x00000048   Code   RO           15    i.MX_SPI2_Init      main.o
    0x08003b98   0x08003b98   0x0000006c   Code   RO           16    i.MX_TIM2_Init      main.o
    0x08003c04   0x08003c04   0x0000006c   Code   RO           17    i.MX_TIM3_Init      main.o
    0x08003c70   0x08003c70   0x0000006c   Code   RO           18    i.MX_TIM4_Init      main.o
    0x08003cdc   0x08003cdc   0x00000038   Code   RO           19    i.MX_USART1_UART_Init  main.o
    0x08003d14   0x08003d14   0x00000038   Code   RO           20    i.MX_USART3_UART_Init  main.o
    0x08003d4c   0x08003d4c   0x00000004   Code   RO          218    i.MemManage_Handler  stm32f1xx_it.o
    0x08003d50   0x08003d50   0x0000000c   Code   RO         3412    i.Motor12_DisablePositionControl  control.o
    0x08003d5c   0x08003d5c   0x0000000c   Code   RO         3413    i.Motor12_EnablePositionControl  control.o
    0x08003d68   0x08003d68   0x0000000c   Code   RO         3414    i.Motor12_GetCurrentPosition  control.o
    0x08003d74   0x08003d74   0x000000ec   Code   RO         3419    i.Motor12_PositionControl  control.o
    0x08003e60   0x08003e60   0x0000014c   Code   RO         3420    i.Motor12_PrintPositions  control.o
    0x08003fac   0x08003fac   0x0000000c   Code   RO         3422    i.Motor12_SetCurrentPosition  control.o
    0x08003fb8   0x08003fb8   0x00000014   Code   RO         3424    i.Motor12_SetTargetPosition  control.o
    0x08003fcc   0x08003fcc   0x0000000c   Code   RO         3425    i.Motor34_DisablePositionControl  control.o
    0x08003fd8   0x08003fd8   0x0000000c   Code   RO         3426    i.Motor34_EnablePositionControl  control.o
    0x08003fe4   0x08003fe4   0x0000000c   Code   RO         3427    i.Motor34_GetCurrentPosition  control.o
    0x08003ff0   0x08003ff0   0x000000ec   Code   RO         3432    i.Motor34_PositionControl  control.o
    0x080040dc   0x080040dc   0x0000014c   Code   RO         3433    i.Motor34_PrintPositions  control.o
    0x08004228   0x08004228   0x0000000c   Code   RO         3435    i.Motor34_SetCurrentPosition  control.o
    0x08004234   0x08004234   0x00000014   Code   RO         3437    i.Motor34_SetTargetPosition  control.o
    0x08004248   0x08004248   0x0000000c   Code   RO         3438    i.Motor56_DisablePositionControl  control.o
    0x08004254   0x08004254   0x0000000c   Code   RO         3439    i.Motor56_EnablePositionControl  control.o
    0x08004260   0x08004260   0x0000000c   Code   RO         3440    i.Motor56_GetCurrentPosition  control.o
    0x0800426c   0x0800426c   0x000000e8   Code   RO         3445    i.Motor56_PositionControl  control.o
    0x08004354   0x08004354   0x0000000c   Code   RO         3448    i.Motor56_SetCurrentPosition  control.o
    0x08004360   0x08004360   0x00000014   Code   RO         3450    i.Motor56_SetTargetPosition  control.o
    0x08004374   0x08004374   0x0000000c   Code   RO         3451    i.Motor78_DisablePositionControl  control.o
    0x08004380   0x08004380   0x0000000c   Code   RO         3452    i.Motor78_EnablePositionControl  control.o
    0x0800438c   0x0800438c   0x0000000c   Code   RO         3453    i.Motor78_GetCurrentPosition  control.o
    0x08004398   0x08004398   0x000000ec   Code   RO         3458    i.Motor78_PositionControl  control.o
    0x08004484   0x08004484   0x0000014c   Code   RO         3459    i.Motor78_PrintPositions  control.o
    0x080045d0   0x080045d0   0x0000000c   Code   RO         3461    i.Motor78_SetCurrentPosition  control.o
    0x080045dc   0x080045dc   0x00000014   Code   RO         3463    i.Motor78_SetTargetPosition  control.o
    0x080045f0   0x080045f0   0x0000000c   Code   RO         3464    i.Motor9A_DisablePositionControl  control.o
    0x080045fc   0x080045fc   0x0000000c   Code   RO         3465    i.Motor9A_EnablePositionControl  control.o
    0x08004608   0x08004608   0x0000000c   Code   RO         3466    i.Motor9A_GetCurrentPosition  control.o
    0x08004614   0x08004614   0x000000ec   Code   RO         3471    i.Motor9A_PositionControl  control.o
    0x08004700   0x08004700   0x0000014c   Code   RO         3472    i.Motor9A_PrintPositions  control.o
    0x0800484c   0x0800484c   0x0000000c   Code   RO         3474    i.Motor9A_SetCurrentPosition  control.o
    0x08004858   0x08004858   0x00000014   Code   RO         3476    i.Motor9A_SetTargetPosition  control.o
    0x0800486c   0x0800486c   0x00000074   Code   RO         3477    i.Motor_CheckCOStatus  control.o
    0x080048e0   0x080048e0   0x0000001c   Code   RO         3479    i.Motor_FOCUS_Reset_Clear  control.o
    0x080048fc   0x080048fc   0x000000c4   Code   RO         3481    i.Motor_FOCUS_Reset_Process  control.o
    0x080049c0   0x080049c0   0x000000d4   Code   RO         3482    i.Motor_FOCUS_Reset_Start  control.o
    0x08004a94   0x08004a94   0x0000001c   Code   RO         3483    i.Motor_IRIS_Reset_Clear  control.o
    0x08004ab0   0x08004ab0   0x000000d4   Code   RO         3485    i.Motor_IRIS_Reset_Process  control.o
    0x08004b84   0x08004b84   0x000000d4   Code   RO         3486    i.Motor_IRIS_Reset_Start  control.o
    0x08004c58   0x08004c58   0x0000001c   Code   RO         3490    i.Motor_ZOOM1_Reset_Clear  control.o
    0x08004c74   0x08004c74   0x000000dc   Code   RO         3492    i.Motor_ZOOM1_Reset_Process  control.o
    0x08004d50   0x08004d50   0x000000d4   Code   RO         3493    i.Motor_ZOOM1_Reset_Start  control.o
    0x08004e24   0x08004e24   0x0000001c   Code   RO         3494    i.Motor_ZOOM2_Reset_Clear  control.o
    0x08004e40   0x08004e40   0x000000d8   Code   RO         3496    i.Motor_ZOOM2_Reset_Process  control.o
    0x08004f18   0x08004f18   0x000000d4   Code   RO         3497    i.Motor_ZOOM2_Reset_Start  control.o
    0x08004fec   0x08004fec   0x00000020   Code   RO         3498    i.Motor_ZOOM3_Reset_Clear  control.o
    0x0800500c   0x0800500c   0x000000c8   Code   RO         3500    i.Motor_ZOOM3_Reset_Process  control.o
    0x080050d4   0x080050d4   0x000000d4   Code   RO         3501    i.Motor_ZOOM3_Reset_Start  control.o
    0x080051a8   0x080051a8   0x00000078   Code   RO         3502    i.Motors_CheckAllCOStatus  control.o
    0x08005220   0x08005220   0x00000004   Code   RO          219    i.NMI_Handler       stm32f1xx_it.o
    0x08005224   0x08005224   0x00000084   Code   RO         4227    i.PelcoD_BuildResponseWithStatus  pelco_d_integration_example.o
    0x080052a8   0x080052a8   0x00000020   Code   RO         4174    i.PelcoD_CalculateChecksum  pelco_d_protocol.o
    0x080052c8   0x080052c8   0x0000005a   Code   RO         4228    i.PelcoD_ExecuteCommand  pelco_d_integration_example.o
    0x08005322   0x08005322   0x00000036   Code   RO         4229    i.PelcoD_ExecuteFocusControl  pelco_d_integration_example.o
    0x08005358   0x08005358   0x00000050   Code   RO         4230    i.PelcoD_ExecuteIrcutControl  pelco_d_integration_example.o
    0x080053a8   0x080053a8   0x00000048   Code   RO         4231    i.PelcoD_ExecuteLensReset  pelco_d_integration_example.o
    0x080053f0   0x080053f0   0x00000060   Code   RO         4232    i.PelcoD_ExecuteZoomSet  pelco_d_integration_example.o
    0x08005450   0x08005450   0x0000013c   Code   RO         4233    i.PelcoD_ExecuteZoomStep  pelco_d_integration_example.o
    0x0800558c   0x0800558c   0x00000036   Code   RO         4176    i.PelcoD_GetCmdType  pelco_d_protocol.o
    0x080055c2   0x080055c2   0x00000002   PAD
    0x080055c4   0x080055c4   0x0000000c   Code   RO         4234    i.PelcoD_GetCurrentZoomLevel  pelco_d_integration_example.o
    0x080055d0   0x080055d0   0x00000014   Code   RO         4236    i.PelcoD_Init       pelco_d_integration_example.o
    0x080055e4   0x080055e4   0x00000066   Code   RO         4178    i.PelcoD_ParseFrame  pelco_d_protocol.o
    0x0800564a   0x0800564a   0x0000003c   Code   RO         4237    i.PelcoD_ProcessReceivedFrame  pelco_d_integration_example.o
    0x08005686   0x08005686   0x00000002   PAD
    0x08005688   0x08005688   0x0000001c   Code   RO         4238    i.PelcoD_SendResponse  pelco_d_integration_example.o
    0x080056a4   0x080056a4   0x00000002   Code   RO          220    i.PendSV_Handler    stm32f1xx_it.o
    0x080056a6   0x080056a6   0x00000002   PAD
    0x080056a8   0x080056a8   0x00000028   Code   RO          930    i.RCC_Delay         stm32f1xx_hal_rcc.o
    0x080056d0   0x080056d0   0x0000003c   Code   RO         3503    i.Reset_MS41968     control.o
    0x0800570c   0x0800570c   0x00000044   Code   RO          469    i.SPI_EndRxTxTransaction  stm32f1xx_hal_spi.o
    0x08005750   0x08005750   0x000000ac   Code   RO         3505    i.SPI_Test_ReadAllRegisters  control.o
    0x080057fc   0x080057fc   0x000000d8   Code   RO          474    i.SPI_WaitFlagStateUntilTimeout  stm32f1xx_hal_spi.o
    0x080058d4   0x080058d4   0x00000002   Code   RO          221    i.SVC_Handler       stm32f1xx_it.o
    0x080058d6   0x080058d6   0x00000002   PAD
    0x080058d8   0x080058d8   0x00000060   Code   RO         3146    i.SetTime           software_time.o
    0x08005938   0x08005938   0x00000020   Code   RO         3508    i.Spi_ReadWriteByte  control.o
    0x08005958   0x08005958   0x0000004c   Code   RO         3509    i.Spi_Write         control.o
    0x080059a4   0x080059a4   0x00000044   Code   RO         3510    i.Spi__Read         control.o
    0x080059e8   0x080059e8   0x00000064   Code   RO         3265    i.Start_Peripheral  user_init.o
    0x08005a4c   0x08005a4c   0x00000008   Code   RO          222    i.SysTick_Handler   stm32f1xx_it.o
    0x08005a54   0x08005a54   0x00000062   Code   RO           21    i.SystemClock_Config  main.o
    0x08005ab6   0x08005ab6   0x00000002   Code   RO         3108    i.SystemInit        system_stm32f1xx.o
    0x08005ab8   0x08005ab8   0x00000010   Code   RO          223    i.TIM2_IRQHandler   stm32f1xx_it.o
    0x08005ac8   0x08005ac8   0x00000010   Code   RO          224    i.TIM3_IRQHandler   stm32f1xx_it.o
    0x08005ad8   0x08005ad8   0x00000010   Code   RO          225    i.TIM4_IRQHandler   stm32f1xx_it.o
    0x08005ae8   0x08005ae8   0x00000084   Code   RO         1845    i.TIM_Base_SetConfig  stm32f1xx_hal_tim.o
    0x08005b6c   0x08005b6c   0x00000016   Code   RO         1856    i.TIM_ETR_SetConfig  stm32f1xx_hal_tim.o
    0x08005b82   0x08005b82   0x00000012   Code   RO         1857    i.TIM_ITRx_SetConfig  stm32f1xx_hal_tim.o
    0x08005b94   0x08005b94   0x00000026   Code   RO         1863    i.TIM_TI1_ConfigInputStage  stm32f1xx_hal_tim.o
    0x08005bba   0x08005bba   0x00000028   Code   RO         1865    i.TIM_TI2_ConfigInputStage  stm32f1xx_hal_tim.o
    0x08005be2   0x08005be2   0x00000014   Code   RO         2777    i.UART_DMAAbortOnError  stm32f1xx_hal_uart.o
    0x08005bf6   0x08005bf6   0x0000006c   Code   RO         2787    i.UART_EndRxTransfer  stm32f1xx_hal_uart.o
    0x08005c62   0x08005c62   0x00000020   Code   RO         2788    i.UART_EndTransmit_IT  stm32f1xx_hal_uart.o
    0x08005c82   0x08005c82   0x000000fc   Code   RO         2790    i.UART_Receive_IT   stm32f1xx_hal_uart.o
    0x08005d7e   0x08005d7e   0x00000002   PAD
    0x08005d80   0x08005d80   0x000000fc   Code   RO         2791    i.UART_SetConfig    stm32f1xx_hal_uart.o
    0x08005e7c   0x08005e7c   0x00000040   Code   RO         2793    i.UART_Start_Receive_IT  stm32f1xx_hal_uart.o
    0x08005ebc   0x08005ebc   0x00000060   Code   RO         2794    i.UART_Transmit_IT  stm32f1xx_hal_uart.o
    0x08005f1c   0x08005f1c   0x00000024   Code   RO         3304    i.UART_Transmit_Str  uart.o
    0x08005f40   0x08005f40   0x0000008c   Code   RO         2795    i.UART_WaitOnFlagUntilTimeout  stm32f1xx_hal_uart.o
    0x08005fcc   0x08005fcc   0x00000010   Code   RO          226    i.USART1_IRQHandler  stm32f1xx_it.o
    0x08005fdc   0x08005fdc   0x00000010   Code   RO          227    i.USART3_IRQHandler  stm32f1xx_it.o
    0x08005fec   0x08005fec   0x00000060   Code   RO         3194    i.Uart_1_Data_Processing  user_function.o
    0x0800604c   0x0800604c   0x000000a8   Code   RO         3305    i.Uart_1_Receive_Interrupt  uart.o
    0x080060f4   0x080060f4   0x0000005c   Code   RO         3306    i.Uart_1_Time_Even  uart.o
    0x08006150   0x08006150   0x00000074   Code   RO         3195    i.Uart_3_Data_Processing  user_function.o
    0x080061c4   0x080061c4   0x000000a8   Code   RO         3309    i.Uart_3_Receive_Interrupt  uart.o
    0x0800626c   0x0800626c   0x0000005c   Code   RO         3310    i.Uart_3_Time_Even  uart.o
    0x080062c8   0x080062c8   0x00000004   Code   RO          228    i.UsageFault_Handler  stm32f1xx_it.o
    0x080062cc   0x080062cc   0x000001cc   Code   RO         3196    i.User_main         user_function.o
    0x08006498   0x08006498   0x0000005c   Code   RO         3525    i.VD_FZ_Motor12     control.o
    0x080064f4   0x080064f4   0x0000005c   Code   RO         3526    i.VD_FZ_Motor34     control.o
    0x08006550   0x08006550   0x0000005c   Code   RO         3527    i.VD_FZ_Motor56     control.o
    0x080065ac   0x080065ac   0x0000005c   Code   RO         3528    i.VD_FZ_Motor78     control.o
    0x08006608   0x08006608   0x0000005c   Code   RO         3529    i.VD_FZ_Motor9A     control.o
    0x08006664   0x08006664   0x0000001c   Code   RO         3197    i.ZOOM1_reset_handle  user_function.o
    0x08006680   0x08006680   0x0000001c   Code   RO         3198    i.ZOOM2_reset_handle  user_function.o
    0x0800669c   0x0800669c   0x0000001c   Code   RO         3199    i.ZOOM3_reset_handle  user_function.o
    0x080066b8   0x080066b8   0x00000028   Code   RO         4662    i.__ARM_fpclassify  m_ws.l(fpclassify.o)
    0x080066e0   0x080066e0   0x00000010   Code   RO         1237    i.__NVIC_GetPriorityGrouping  stm32f1xx_hal_cortex.o
    0x080066f0   0x080066f0   0x00000028   Code   RO         1238    i.__NVIC_SetPriority  stm32f1xx_hal_cortex.o
    0x08006718   0x08006718   0x0000000e   Code   RO         4449    i._is_digit         c_w.l(__printf_wp.o)
    0x08006726   0x08006726   0x0000002c   Code   RO           22    i.main              main.o
    0x08006752   0x08006752   0x00000002   PAD
    0x08006754   0x08006754   0x0000002c   Code   RO         4645    locale$$code        c_w.l(lc_numeric_c.o)
    0x08006780   0x08006780   0x0000002c   Code   RO         4674    locale$$code        c_w.l(lc_ctype_c.o)
    0x080067ac   0x080067ac   0x00000004   Code   RO         4568    x$fpl$printf1       fz_ws.l(printf1.o)
    0x080067b0   0x080067b0   0x00000004   Code   RO         4570    x$fpl$printf2       fz_ws.l(printf2.o)
    0x080067b4   0x080067b4   0x00000000   Code   RO         4661    x$fpl$usenofp       fz_ws.l(usenofp.o)
    0x080067b4   0x080067b4   0x00000012   Data   RO          931    .constdata          stm32f1xx_hal_rcc.o
    0x080067c6   0x080067c6   0x00000018   Data   RO         3109    .constdata          system_stm32f1xx.o
    0x080067de   0x080067de   0x00000028   Data   RO         4437    .constdata          c_w.l(_printf_hex_int_ll_ptr.o)
    0x08006806   0x08006806   0x00000011   Data   RO         4457    .constdata          c_w.l(__printf_flags_ss_wp.o)
    0x08006817   0x08006817   0x00000001   PAD
    0x08006818   0x08006818   0x00000008   Data   RO         4494    .constdata          c_w.l(_printf_wctomb.o)
    0x08006820   0x08006820   0x00000026   Data   RO         4596    .constdata          c_w.l(_printf_fp_hex.o)
    0x08006846   0x08006846   0x00000002   PAD
    0x08006848   0x08006848   0x00000094   Data   RO         4620    .constdata          c_w.l(bigflt0.o)
    0x080068dc   0x080068dc   0x0000009d   Data   RO         3533    .conststring        control.o
    0x08006979   0x08006979   0x00000003   PAD
    0x0800697c   0x0800697c   0x00000028   Data   RO         4331    .conststring        user_log.o
    0x080069a4   0x080069a4   0x00000020   Data   RO         4743    Region$$Table       anon$$obj.o
    0x080069c4   0x080069c4   0x0000001c   Data   RO         4644    locale$$data        c_w.l(lc_numeric_c.o)
    0x080069e0   0x080069e0   0x00000110   Data   RO         4673    locale$$data        c_w.l(lc_ctype_c.o)
    0x08006af0   0x08006af0   0x00000004   Data   RO         3149    .init_array         software_time.o
    0x08006af4   0x08006af0   0x00000004   Data   RO         4241    .init_array         pelco_d_integration_example.o
    0x08006af8   0x08006af0   0x00000004   Data   RO         4333    .init_array         user_log.o
    0x08006afc   0x08006af0   0x00000000   Data   RO         4473    .init_array         c_w.l(init_aeabi.o)


    Execution Region RW_IRAM1 (Exec base: 0x20000000, Load base: 0x08006afc, Size: 0x00001108, Max: 0x00005000, ABSOLUTE, COMPRESSED[0x000000b8])

    Exec Addr    Load Addr    Size         Type   Attr      Idx    E Section Name        Object

    0x20000000   COMPRESSED   0x00000009   Data   RW          767    .data               stm32f1xx_hal.o
    0x20000009   COMPRESSED   0x00000003   PAD
    0x2000000c   COMPRESSED   0x00000004   Data   RW         3110    .data               system_stm32f1xx.o
    0x20000010   COMPRESSED   0x00000048   Data   RW         3148    .data               software_time.o
    0x20000058   COMPRESSED   0x00000004   Data   RW         3267    .data               user_init.o
    0x2000005c   COMPRESSED   0x0000001a   Data   RW         3312    .data               uart.o
    0x20000076   COMPRESSED   0x00000002   PAD
    0x20000078   COMPRESSED   0x000000b9   Data   RW         3534    .data               control.o
    0x20000131   COMPRESSED   0x00000001   PAD
    0x20000132   COMPRESSED   0x00000083   Data   RW         4240    .data               pelco_d_integration_example.o
    0x200001b5   COMPRESSED   0x00000003   PAD
    0x200001b8   COMPRESSED   0x00000020   Data   RW         4332    .data               user_log.o
    0x200001d8        -       0x000001c0   Zero   RW           23    .bss                main.o
    0x20000398        -       0x0000060c   Zero   RW         3311    .bss                uart.o
    0x200009a4        -       0x00000100   Zero   RW         4330    .bss                user_log.o
    0x20000aa4        -       0x00000060   Zero   RW         4667    .bss                c_w.l(libspace.o)
    0x20000b04   COMPRESSED   0x00000004   PAD
    0x20000b08        -       0x00000200   Zero   RW            2    HEAP                startup_stm32f103xb.o
    0x20000d08        -       0x00000400   Zero   RW            1    STACK               startup_stm32f103xb.o


==============================================================================

Image component sizes


      Code (inc. data)   RO Data    RW Data    ZI Data      Debug   Object Name

      6600       2440        157        185          0      38454   control.o
       856         66          0          0        448     440736   main.o
       960         66          4        131          0       7926   pelco_d_integration_example.o
       188         12          0          0          0       2395   pelco_d_protocol.o
       134         38          4         72          0       2709   software_time.o
        64         26        236          0       1536        824   startup_stm32f103xb.o
       192         36          0          9          0       6001   stm32f1xx_hal.o
       304         22          0          0          0      29507   stm32f1xx_hal_cortex.o
       262          4          0          0          0       1795   stm32f1xx_hal_dma.o
       828         34          0          0          0       3367   stm32f1xx_hal_gpio.o
       680         56          0          0          0       3194   stm32f1xx_hal_msp.o
      1748         98         18          0          0       6072   stm32f1xx_hal_rcc.o
      1058          6          0          0          0       4505   stm32f1xx_hal_spi.o
      1112         26          0          0          0       9559   stm32f1xx_hal_tim.o
       136         14          0          0          0       2481   stm32f1xx_hal_tim_ex.o
      2062          8          0          0          0      12196   stm32f1xx_hal_uart.o
       114         30          0          0          0       6420   stm32f1xx_it.o
         2          0         24          4          0       1155   system_stm32f1xx.o
       712        102          0         26       1548       4980   uart.o
       812        198          0          0          0       4266   user_function.o
       140         52          0          4          0       1635   user_init.o
       192         34         44         32        256       3576   user_log.o

    ----------------------------------------------------------------------
     19178       3368        522        472       3788     593753   Object Totals
         0          0         32          0          0          0   (incl. Generated)
        22          0          3          9          0          0   (incl. Padding)

    ----------------------------------------------------------------------

      Code (inc. data)   RO Data    RW Data    ZI Data      Debug   Library Member Name

        56          6          0          0          0         88   __2snprintf.o
        44          6          0          0          0         84   __2sprintf.o
        90          0          0          0          0          0   __dczerorl2.o
         8          0          0          0          0         68   __main.o
       392          4         17          0          0         92   __printf_flags_ss_wp.o
        14          0          0          0          0         68   __printf_wp.o
         0          0          0          0          0          0   __rtentry.o
        12          0          0          0          0          0   __rtentry2.o
         6          0          0          0          0          0   __rtentry4.o
        52          8          0          0          0          0   __scatter.o
        28          0          0          0          0          0   __scatter_zi.o
         6          0          0          0          0          0   _printf_a.o
         6          0          0          0          0          0   _printf_c.o
        44          0          0          0          0        108   _printf_char.o
        48          6          0          0          0         96   _printf_char_common.o
        40          0          0          0          0         68   _printf_charcount.o
         6          0          0          0          0          0   _printf_d.o
       120         16          0          0          0         92   _printf_dec.o
         6          0          0          0          0          0   _printf_e.o
         6          0          0          0          0          0   _printf_f.o
      1054          0          0          0          0        216   _printf_fp_dec.o
       764          8         38          0          0        100   _printf_fp_hex.o
       128         16          0          0          0         84   _printf_fp_infnan.o
         6          0          0          0          0          0   _printf_g.o
       148          4         40          0          0        160   _printf_hex_int_ll_ptr.o
         6          0          0          0          0          0   _printf_i.o
       178          0          0          0          0         88   _printf_intcommon.o
        10          0          0          0          0          0   _printf_l.o
         6          0          0          0          0          0   _printf_lc.o
        10          0          0          0          0          0   _printf_ll.o
         6          0          0          0          0          0   _printf_lld.o
         6          0          0          0          0          0   _printf_lli.o
         6          0          0          0          0          0   _printf_llo.o
         6          0          0          0          0          0   _printf_llu.o
         6          0          0          0          0          0   _printf_llx.o
       124         16          0          0          0         92   _printf_longlong_dec.o
         6          0          0          0          0          0   _printf_ls.o
         6          0          0          0          0          0   _printf_n.o
         6          0          0          0          0          0   _printf_o.o
       112         10          0          0          0        124   _printf_oct_int_ll.o
         6          0          0          0          0          0   _printf_p.o
        78          0          0          0          0        108   _printf_pad.o
         0          0          0          0          0          0   _printf_percent.o
         4          0          0          0          0          0   _printf_percent_end.o
         6          0          0          0          0          0   _printf_s.o
        82          0          0          0          0         80   _printf_str.o
        36          0          0          0          0         84   _printf_truncate.o
         6          0          0          0          0          0   _printf_u.o
        44          0          0          0          0        108   _printf_wchar.o
       188          6          8          0          0         92   _printf_wctomb.o
         6          0          0          0          0          0   _printf_x.o
        16          0          0          0          0         68   _snputc.o
        10          0          0          0          0         68   _sputc.o
        64          0          0          0          0         92   _wcrtomb.o
       228          4        148          0          0         96   bigflt0.o
      1936        128          0          0          0        672   btod.o
        18          0          0          0          0         80   exit.o
         6          0          0          0          0        152   heapauxi.o
         0          0          0          0          0          0   indicate_semi.o
        36         10          0          0          0         80   init_aeabi.o
        44         10        272          0          0         76   lc_ctype_c.o
        44         10         28          0          0         76   lc_numeric_c.o
         2          0          0          0          0          0   libinit.o
        34          0          0          0          0          0   libinit2.o
         2          0          0          0          0          0   libshutdown.o
         2          0          0          0          0          0   libshutdown2.o
         8          4          0          0         96         68   libspace.o
       138          0          0          0          0         80   lludiv10.o
        16          4          0          0          0         76   rt_ctype_table.o
         8          4          0          0          0         68   rt_locale_intlibspace.o
        68          0          0          0          0         68   rt_memclr.o
        78          0          0          0          0         80   rt_memclr_w.o
         2          0          0          0          0          0   rtexit.o
        10          0          0          0          0          0   rtexit2.o
       128          0          0          0          0         68   strcmpv7m.o
        12          4          0          0          0         68   sys_exit.o
        74          0          0          0          0         80   sys_stackheap_outer.o
         2          0          0          0          0         68   use_no_semi.o
        52          4          0          0          0         80   vsnprintf.o
         4          0          0          0          0         68   printf1.o
         4          0          0          0          0         68   printf2.o
         0          0          0          0          0          0   usenofp.o
        40          0          0          0          0         68   fpclassify.o

    ----------------------------------------------------------------------
      7134        288        554          0        100       4568   Library Totals
        14          0          3          0          4          0   (incl. Padding)

    ----------------------------------------------------------------------

      Code (inc. data)   RO Data    RW Data    ZI Data      Debug   Library Name

      7072        288        551          0         96       4364   c_w.l
         8          0          0          0          0        136   fz_ws.l
        40          0          0          0          0         68   m_ws.l

    ----------------------------------------------------------------------
      7134        288        554          0        100       4568   Library Totals

    ----------------------------------------------------------------------

==============================================================================


      Code (inc. data)   RO Data    RW Data    ZI Data      Debug   

     26312       3656       1076        472       3888     586513   Grand Totals
     26312       3656       1076        184       3888     586513   ELF Image Totals (compressed)
     26312       3656       1076        184          0          0   ROM Totals

==============================================================================

    Total RO  Size (Code + RO Data)                27388 (  26.75kB)
    Total RW  Size (RW Data + ZI Data)              4360 (   4.26kB)
    Total ROM Size (Code + RO Data + RW Data)      27572 (  26.93kB)

==============================================================================

