<html>
<body>
<pre>
<h1>µVision Build Log</h1>
<h2>Tool Versions:</h2>
IDE-Version: ¦ÌVision V5.37.0.0
Copyright (C) 2022 ARM Ltd and ARM Germany GmbH. All rights reserved.
License Information: king zl, lkk, LIC=VGXG8-3GH4C-63QMB-2LCC1-WRZ7L-3SXCG
 
Tool Versions:
Toolchain:       MDK-ARM Plus  Version: 5.37.0.0
Toolchain Path:  C:\Keil_v5\ARM\ARMCC\Bin
C Compiler:      Armcc.exe V5.06 update 6 (build 750)
Assembler:       Armasm.exe V5.06 update 6 (build 750)
Linker/Locator:  ArmLink.exe V5.06 update 6 (build 750)
Library Manager: ArmAr.exe V5.06 update 6 (build 750)
Hex Converter:   FromElf.exe V5.06 update 6 (build 750)
CPU DLL:         SARMCM3.DLL V5.37.0.0
Dialog DLL:      DCM.DLL V1.17.5.0
Target DLL:      Segger\JL2CM3.dll V2.99.42.0
Dialog DLL:      TCM.DLL V1.56.1.0
 
<h2>Project:</h2>
C:\Users\king\Desktop\STM32CubeIDEworkspace_1.8.0\Quad_step_motor\MDK-ARM\Quad_step_motor.uvprojx
Project File Date:  08/14/2025

<h2>Output:</h2>
*** Using Compiler 'V5.06 update 6 (build 750)', folder: 'C:\Keil_v5\ARM\ARMCC\Bin'
Rebuild target 'Quad_step_motor'
assembling startup_stm32f103xb.s...
compiling stm32f1xx_hal_rcc_ex.c...
compiling stm32f1xx_hal_flash.c...
compiling stm32f1xx_hal_flash_ex.c...
compiling stm32f1xx_hal_gpio.c...
compiling stm32f1xx_hal_dma.c...
compiling stm32f1xx_hal_pwr.c...
compiling stm32f1xx_hal_cortex.c...
compiling stm32f1xx_hal.c...
compiling stm32f1xx_hal_gpio_ex.c...
compiling stm32f1xx_hal_exti.c...
compiling stm32f1xx_hal_rcc.c...
compiling stm32f1xx_it.c...
compiling main.c...
compiling stm32f1xx_hal_msp.c...
compiling stm32f1xx_hal_spi.c...
compiling pelco_d_protocol.c...
..\User\pelco_d_protocol.c(221): warning:  #940-D: missing return statement at end of non-void function "PelcoD_GetCmdName" 
  }
..\User\pelco_d_protocol.c(246): warning:  #1-D: last line of file ends without a newline
  }
..\User\pelco_d_protocol.c(246): warning:  #940-D: missing return statement at end of non-void function "PelcoD_GetParseResultName" 
  }
..\User\pelco_d_protocol.c: 3 warnings, 0 errors
compiling stm32f1xx_hal_tim.c...
compiling user_init.c...
compiling system_stm32f1xx.c...
compiling user_function.c...
..\User\user_function.c(66): warning:  #1295-D: Deprecated declaration test_PositionControl - give arg types
  void test_PositionControl();
..\User\user_function.c(67): warning:  #1295-D: Deprecated declaration PelcoD_1msTimerHandler - give arg types
  void PelcoD_1msTimerHandler();
..\User\user_function.c: 2 warnings, 0 errors
compiling uart.c...
compiling user_log.c...
compiling pelco_d_integration_example.c...
compiling sys.c...
compiling software_Time.c...
compiling code.c...
code.c(1761): warning:  #1-D: last line of file ends without a newline
  };
code.c: 1 warning, 0 errors
compiling control.c...
compiling stm32f1xx_hal_uart.c...
compiling stm32f1xx_hal_tim_ex.c...
linking...
Program Size: Code=26740 RO-data=15252 RW-data=384 ZI-data=3888  
FromELF: creating hex file...
"Quad_step_motor\Quad_step_motor.axf" - 0 Error(s), 6 Warning(s).

<h2>Software Packages used:</h2>

Package Vendor: ARM
                http://www.keil.com/pack/ARM.CMSIS.5.9.0.pack
                ARM.CMSIS.5.9.0
                CMSIS (Common Microcontroller Software Interface Standard)
   * Component: CORE Version: 5.6.0

Package Vendor: Keil
                https://www.keil.com/pack/Keil.STM32F1xx_DFP.2.4.1.pack
                Keil.STM32F1xx_DFP.2.4.1
                STMicroelectronics STM32F1 Series Device Support, Drivers and Examples

<h2>Collection of Component include folders:</h2>
  ./RTE/_Quad_step_motor
  C:/Keil_v5/ARM/PACK/ARM/CMSIS/5.9.0/CMSIS/Core/Include
  C:/Keil_v5/ARM/PACK/Keil/STM32F1xx_DFP/2.4.1/Device/Include

<h2>Collection of Component Files used:</h2>

   * Component: ARM::CMSIS:CORE:5.6.0
      Include file:  CMSIS/Core/Include/tz_context.h
Build Time Elapsed:  00:00:07
</pre>
</body>
</html>
