Component: ARM Compiler 5.06 update 6 (build 750) Tool: armlink [4d35ed]

==============================================================================

Section Cross References

    startup_stm32f103xb.o(STACK) refers (Special) to heapauxi.o(.text) for __use_two_region_memory
    startup_stm32f103xb.o(HEAP) refers (Special) to heapauxi.o(.text) for __use_two_region_memory
    startup_stm32f103xb.o(RESET) refers (Special) to heapauxi.o(.text) for __use_two_region_memory
    startup_stm32f103xb.o(RESET) refers to startup_stm32f103xb.o(STACK) for __initial_sp
    startup_stm32f103xb.o(RESET) refers to startup_stm32f103xb.o(.text) for Reset_Handler
    startup_stm32f103xb.o(RESET) refers to stm32f1xx_it.o(i.NMI_Handler) for NMI_Handler
    startup_stm32f103xb.o(RESET) refers to stm32f1xx_it.o(i.HardFault_Handler) for HardFault_Handler
    startup_stm32f103xb.o(RESET) refers to stm32f1xx_it.o(i.MemManage_Handler) for MemManage_Handler
    startup_stm32f103xb.o(RESET) refers to stm32f1xx_it.o(i.BusFault_Handler) for BusFault_Handler
    startup_stm32f103xb.o(RESET) refers to stm32f1xx_it.o(i.UsageFault_Handler) for UsageFault_Handler
    startup_stm32f103xb.o(RESET) refers to stm32f1xx_it.o(i.SVC_Handler) for SVC_Handler
    startup_stm32f103xb.o(RESET) refers to stm32f1xx_it.o(i.DebugMon_Handler) for DebugMon_Handler
    startup_stm32f103xb.o(RESET) refers to stm32f1xx_it.o(i.PendSV_Handler) for PendSV_Handler
    startup_stm32f103xb.o(RESET) refers to stm32f1xx_it.o(i.SysTick_Handler) for SysTick_Handler
    startup_stm32f103xb.o(RESET) refers to stm32f1xx_it.o(i.TIM2_IRQHandler) for TIM2_IRQHandler
    startup_stm32f103xb.o(RESET) refers to stm32f1xx_it.o(i.TIM3_IRQHandler) for TIM3_IRQHandler
    startup_stm32f103xb.o(RESET) refers to stm32f1xx_it.o(i.TIM4_IRQHandler) for TIM4_IRQHandler
    startup_stm32f103xb.o(RESET) refers to stm32f1xx_it.o(i.USART1_IRQHandler) for USART1_IRQHandler
    startup_stm32f103xb.o(.text) refers (Special) to heapauxi.o(.text) for __use_two_region_memory
    startup_stm32f103xb.o(.text) refers to system_stm32f1xx.o(i.SystemInit) for SystemInit
    startup_stm32f103xb.o(.text) refers to __main.o(!!!main) for __main
    startup_stm32f103xb.o(.text) refers to startup_stm32f103xb.o(HEAP) for Heap_Mem
    startup_stm32f103xb.o(.text) refers to startup_stm32f103xb.o(STACK) for Stack_Mem
    main.o(i.MX_GPIO_Init) refers to stm32f1xx_hal_gpio.o(i.HAL_GPIO_WritePin) for HAL_GPIO_WritePin
    main.o(i.MX_GPIO_Init) refers to stm32f1xx_hal_gpio.o(i.HAL_GPIO_Init) for HAL_GPIO_Init
    main.o(i.MX_SPI2_Init) refers to stm32f1xx_hal_spi.o(i.HAL_SPI_Init) for HAL_SPI_Init
    main.o(i.MX_SPI2_Init) refers to main.o(i.Error_Handler) for Error_Handler
    main.o(i.MX_SPI2_Init) refers to main.o(.bss) for hspi2
    main.o(i.MX_TIM2_Init) refers to rt_memclr_w.o(.text) for __aeabi_memclr4
    main.o(i.MX_TIM2_Init) refers to stm32f1xx_hal_tim.o(i.HAL_TIM_Base_Init) for HAL_TIM_Base_Init
    main.o(i.MX_TIM2_Init) refers to main.o(i.Error_Handler) for Error_Handler
    main.o(i.MX_TIM2_Init) refers to stm32f1xx_hal_tim.o(i.HAL_TIM_ConfigClockSource) for HAL_TIM_ConfigClockSource
    main.o(i.MX_TIM2_Init) refers to stm32f1xx_hal_tim.o(i.HAL_TIM_OC_Init) for HAL_TIM_OC_Init
    main.o(i.MX_TIM2_Init) refers to stm32f1xx_hal_tim_ex.o(i.HAL_TIMEx_MasterConfigSynchronization) for HAL_TIMEx_MasterConfigSynchronization
    main.o(i.MX_TIM2_Init) refers to stm32f1xx_hal_tim.o(i.HAL_TIM_OC_ConfigChannel) for HAL_TIM_OC_ConfigChannel
    main.o(i.MX_TIM2_Init) refers to stm32f1xx_hal_msp.o(i.HAL_TIM_MspPostInit) for HAL_TIM_MspPostInit
    main.o(i.MX_TIM2_Init) refers to main.o(.bss) for htim2
    main.o(i.MX_TIM3_Init) refers to rt_memclr_w.o(.text) for __aeabi_memclr4
    main.o(i.MX_TIM3_Init) refers to stm32f1xx_hal_tim.o(i.HAL_TIM_OC_Init) for HAL_TIM_OC_Init
    main.o(i.MX_TIM3_Init) refers to main.o(i.Error_Handler) for Error_Handler
    main.o(i.MX_TIM3_Init) refers to stm32f1xx_hal_tim_ex.o(i.HAL_TIMEx_MasterConfigSynchronization) for HAL_TIMEx_MasterConfigSynchronization
    main.o(i.MX_TIM3_Init) refers to stm32f1xx_hal_tim.o(i.HAL_TIM_OC_ConfigChannel) for HAL_TIM_OC_ConfigChannel
    main.o(i.MX_TIM3_Init) refers to stm32f1xx_hal_msp.o(i.HAL_TIM_MspPostInit) for HAL_TIM_MspPostInit
    main.o(i.MX_TIM3_Init) refers to main.o(.bss) for htim3
    main.o(i.MX_TIM4_Init) refers to stm32f1xx_hal_tim.o(i.HAL_TIM_Base_Init) for HAL_TIM_Base_Init
    main.o(i.MX_TIM4_Init) refers to main.o(i.Error_Handler) for Error_Handler
    main.o(i.MX_TIM4_Init) refers to stm32f1xx_hal_tim.o(i.HAL_TIM_ConfigClockSource) for HAL_TIM_ConfigClockSource
    main.o(i.MX_TIM4_Init) refers to stm32f1xx_hal_tim_ex.o(i.HAL_TIMEx_MasterConfigSynchronization) for HAL_TIMEx_MasterConfigSynchronization
    main.o(i.MX_TIM4_Init) refers to main.o(.bss) for htim4
    main.o(i.MX_USART1_UART_Init) refers to stm32f1xx_hal_uart.o(i.HAL_UART_Init) for HAL_UART_Init
[...]
    i.UART_Transmit_IT                       0x08004a18   Section        0  stm32f1xx_hal_uart.o(i.UART_Transmit_IT)
    UART_Transmit_IT                         0x08004a19   Thumb Code    96  stm32f1xx_hal_uart.o(i.UART_Transmit_IT)
    i.UART_Transmit_Str                      0x08004a78   Section        0  uart.o(i.UART_Transmit_Str)
    i.UART_WaitOnFlagUntilTimeout            0x08004a9c   Section        0  stm32f1xx_hal_uart.o(i.UART_WaitOnFlagUntilTimeout)
    UART_WaitOnFlagUntilTimeout              0x08004a9d   Thumb Code   140  stm32f1xx_hal_uart.o(i.UART_WaitOnFlagUntilTimeout)
    i.USART1_IRQHandler                      0x08004b28   Section        0  stm32f1xx_it.o(i.USART1_IRQHandler)
    i.Uart_1_Data_Processing                 0x08004b38   Section        0  user_function.o(i.Uart_1_Data_Processing)
    i.Uart_1_Receive_Interrupt               0x08004bc0   Section        0  uart.o(i.Uart_1_Receive_Interrupt)
    i.Uart_1_Time_Even                       0x08004c68   Section        0  uart.o(i.Uart_1_Time_Even)
    i.Uart_3_Data_Processing                 0x08004cc4   Section        0  user_function.o(i.Uart_3_Data_Processing)
    i.Uart_3_Time_Even                       0x08004d48   Section        0  uart.o(i.Uart_3_Time_Even)
    i.UsageFault_Handler                     0x08004da4   Section        0  stm32f1xx_it.o(i.UsageFault_Handler)
    i.User_main                              0x08004da8   Section        0  user_function.o(i.User_main)
    i.VD_FZ                                  0x08004e3c   Section        0  control.o(i.VD_FZ)
    i.__ARM_fpclassify                       0x08004eac   Section        0  fpclassify.o(i.__ARM_fpclassify)
    i.__NVIC_GetPriorityGrouping             0x08004ed4   Section        0  stm32f1xx_hal_cortex.o(i.__NVIC_GetPriorityGrouping)
    __NVIC_GetPriorityGrouping               0x08004ed5   Thumb Code    10  stm32f1xx_hal_cortex.o(i.__NVIC_GetPriorityGrouping)
    i.__NVIC_SetPriority                     0x08004ee4   Section        0  stm32f1xx_hal_cortex.o(i.__NVIC_SetPriority)
    __NVIC_SetPriority                       0x08004ee5   Thumb Code    32  stm32f1xx_hal_cortex.o(i.__NVIC_SetPriority)
    i._is_digit                              0x08004f0c   Section        0  __printf_wp.o(i._is_digit)
    i.main                                   0x08004f1a   Section        0  main.o(i.main)
    locale$$code                             0x08004f48   Section       44  lc_numeric_c.o(locale$$code)
    locale$$code                             0x08004f74   Section       44  lc_ctype_c.o(locale$$code)
    x$fpl$printf1                            0x08004fa0   Section        4  printf1.o(x$fpl$printf1)
    x$fpl$printf2                            0x08004fa4   Section        4  printf2.o(x$fpl$printf2)
    .constdata                               0x08004fa8   Section       18  stm32f1xx_hal_rcc.o(.constdata)
    x$fpl$usenofp                            0x08004fa8   Section        0  usenofp.o(x$fpl$usenofp)
    aPLLMULFactorTable                       0x08004fa8   Data          16  stm32f1xx_hal_rcc.o(.constdata)
    aPredivFactorTable                       0x08004fb8   Data           2  stm32f1xx_hal_rcc.o(.constdata)
    .constdata                               0x08004fba   Section       24  system_stm32f1xx.o(.constdata)
    .constdata                               0x08004fd2   Section       40  _printf_hex_int_ll_ptr.o(.constdata)
    uc_hextab                                0x08004fd2   Data          20  _printf_hex_int_ll_ptr.o(.constdata)
    lc_hextab                                0x08004fe6   Data          20  _printf_hex_int_ll_ptr.o(.constdata)
    .constdata                               0x08004ffa   Section       17  __printf_flags_ss_wp.o(.constdata)
    maptable                                 0x08004ffa   Data          17  __printf_flags_ss_wp.o(.constdata)
    .constdata                               0x0800500c   Section        8  _printf_wctomb.o(.constdata)
    initial_mbstate                          0x0800500c   Data           8  _printf_wctomb.o(.constdata)
    .constdata                               0x08005014   Section       38  _printf_fp_hex.o(.constdata)
    lc_hextab                                0x08005014   Data          19  _printf_fp_hex.o(.constdata)
    uc_hextab                                0x08005027   Data          19  _printf_fp_hex.o(.constdata)
    .constdata                               0x0800503c   Section      148  bigflt0.o(.constdata)
    tenpwrs_x                                0x0800503c   Data          60  bigflt0.o(.constdata)
    tenpwrs_i                                0x08005078   Data          64  bigflt0.o(.constdata)
    .conststring                             0x080050d0   Section       40  user_log.o(.conststring)
    locale$$data                             0x08005118   Section       28  lc_numeric_c.o(locale$$data)
    __lcnum_c_name                           0x0800511c   Data           2  lc_numeric_c.o(locale$$data)
    __lcnum_c_start                          0x08005124   Data           0  lc_numeric_c.o(locale$$data)
    __lcnum_c_point                          0x08005130   Data           0  lc_numeric_c.o(locale$$data)
    __lcnum_c_thousands                      0x08005132   Data           0  lc_numeric_c.o(locale$$data)
    __lcnum_c_grouping                       0x08005133   Data           0  lc_numeric_c.o(locale$$data)
    locale$$data                             0x08005134   Section      272  lc_ctype_c.o(locale$$data)
    __lcnum_c_end                            0x08005134   Data           0  lc_numeric_c.o(locale$$data)
    __lcctype_c_name                         0x08005138   Data           2  lc_ctype_c.o(locale$$data)
    __lcctype_c_start                        0x08005140   Data           0  lc_ctype_c.o(locale$$data)
    .init_array                              0x08005244   Section        4  software_time.o(.init_array)
    __lcctype_c_end                          0x08005244   Data           0  lc_ctype_c.o(locale$$data)
    .init_array                              0x08005248   Section        4  user_log.o(.init_array)
    .init_array                              0x0800524c   Section        0  init_aeabi.o(.init_array)
    .data                                    0x20000000   Section        9  stm32f1xx_hal.o(.data)
    .data                                    0x2000000c   Section        4  system_stm32f1xx.o(.data)
    .data                                    0x20000010   Section       72  software_time.o(.data)
    .data                                    0x20000058   Section        4  user_init.o(.data)
    .data                                    0x2000005c   Section       26  uart.o(.data)
    .data                                    0x20000078   Section       98  control.o(.data)
    stepper_running                          0x200000ba   Data           1  control.o(.data)
    target_steps_A                           0x200000bc   Data           2  control.o(.data)
    target_steps_B                           0x200000be   Data           2  control.o(.data)
    current_steps_A                          0x200000c0   Data           2  control.o(.data)
    current_steps_B                          0x200000c2   Data           2  control.o(.data)
    vd_fz_count                              0x200000c4   Data           2  control.o(.data)
    vd_fz_target_count                       0x200000c6   Data           2  control.o(.data)
    vd_fz_enabled                            0x200000c8   Data           1  control.o(.data)
    motor34_current_position                 0x200000cc   Data           4  control.o(.data)
    motor34_target_position                  0x200000d0   Data           4  control.o(.data)
    motor34_position_control_enabled         0x200000d4   Data           1  control.o(.data)
    motor34_max_steps_per_cycle              0x200000d6   Data           2  control.o(.data)
    .data                                    0x200000dc   Section       32  user_log.o(.data)
    .bss                                     0x200000fc   Section      448  main.o(.bss)
    .bss                                     0x200002bc   Section     1548  uart.o(.bss)
    .bss                                     0x200008c8   Section      256  user_log.o(.bss)
    log_buffer                               0x200008c8   Data         256  user_log.o(.bss)
    .bss                                     0x200009c8   Section       96  libspace.o(.bss)
    HEAP                                     0x20000a28   Section      512  startup_stm32f103xb.o(HEAP)
    Heap_Mem                                 0x20000a28   Data         512  startup_stm32f103xb.o(HEAP)
    STACK                                    0x20000c28   Section     1024  startup_stm32f103xb.o(STACK)
    Stack_Mem                                0x20000c28   Data        1024  startup_stm32f103xb.o(STACK)
    __initial_sp                             0x20001028   Data           0  startup_stm32f103xb.o(STACK)

    Global Symbols

    Symbol Name                              Value     Ov Type        Size  Object(Section)

    BuildAttributes$$THM_ISAv4$P$D$K$B$S$PE$A:L22UL41UL21$X:L11$S22US41US21$IEEE1$IW$USESV6$~STKCKD$USESV7$~SHL$OTIME$ROPI$IEEEJ$EBA8$UX$STANDARDLIB$REQ8$PRES8$EABIv2 0x00000000   Number         0  anon$$obj.o ABSOLUTE
    __ARM_use_no_argv                        0x00000000   Number         0  main.o ABSOLUTE
    _printf_flags                            0x00000000   Number         0  printf_stubs.o ABSOLUTE
    _printf_return_value                     0x00000000   Number         0  printf_stubs.o ABSOLUTE
    _printf_sizespec                         0x00000000   Number         0  printf_stubs.o ABSOLUTE
    _printf_widthprec                        0x00000000   Number         0  printf_stubs.o ABSOLUTE
    __ARM_exceptions_init                     - Undefined Weak Reference
    __alloca_initialize                       - Undefined Weak Reference
    __arm_preinit_                            - Undefined Weak Reference
    __cxa_finalize                            - Undefined Weak Reference
    __sigvec_lookup                           - Undefined Weak Reference
    _atexit_init                              - Undefined Weak Reference
    _call_atexit_fns                          - Undefined Weak Reference
    _clock_init                               - Undefined Weak Reference
    _fp_trap_init                             - Undefined Weak Reference
    _fp_trap_shutdown                         - Undefined Weak Reference
    _get_lc_collate                           - Undefined Weak Reference
    _get_lc_monetary                          - Undefined Weak Reference
    _get_lc_time                              - Undefined Weak Reference
    _getenv_init                              - Undefined Weak Reference
    _handle_redirection                       - Undefined Weak Reference
    _init_alloc                               - Undefined Weak Reference
    _init_user_alloc                          - Undefined Weak Reference
    _initio                                   - Undefined Weak Reference
    _printf_mbtowc                            - Undefined Weak Reference
    _printf_wc                                - Undefined Weak Reference
    _rand_init                                - Undefined Weak Reference
    _signal_finish                            - Undefined Weak Reference
    _signal_init                              - Undefined Weak Reference
    _terminate_alloc                          - Undefined Weak Reference
    _terminate_user_alloc                     - Undefined Weak Reference
    _terminateio                              - Undefined Weak Reference
    __Vectors_Size                           0x000000ec   Number         0  startup_stm32f103xb.o ABSOLUTE
    __Vectors                                0x08000000   Data           4  startup_stm32f103xb.o(RESET)
    __Vectors_End                            0x080000ec   Data           0  startup_stm32f103xb.o(RESET)
    __main                                   0x080000ed   Thumb Code     8  __main.o(!!!main)
    __scatterload                            0x080000f5   Thumb Code     0  __scatter.o(!!!scatter)
    __scatterload_rt2                        0x080000f5   Thumb Code    44  __scatter.o(!!!scatter)
    __scatterload_rt2_thumb_only             0x080000f5   Thumb Code     0  __scatter.o(!!!scatter)
    __scatterload_null                       0x08000103   Thumb Code     0  __scatter.o(!!!scatter)
    __scatterload_copy                       0x08000129   Thumb Code    26  __scatter_copy.o(!!handler_copy)
    __scatterload_zeroinit                   0x08000145   Thumb Code    28  __scatter_zi.o(!!handler_zi)
    _printf_n                                0x08000161   Thumb Code     0  _printf_n.o(.ARM.Collect$$_printf_percent$$00000001)
    _printf_percent                          0x08000161   Thumb Code     0  _printf_percent.o(.ARM.Collect$$_printf_percent$$00000000)
    _printf_p                                0x08000167   Thumb Code     0  _printf_p.o(.ARM.Collect$$_printf_percent$$00000002)
    _printf_f                                0x0800016d   Thumb Code     0  _printf_f.o(.ARM.Collect$$_printf_percent$$00000003)
    _printf_e                                0x08000173   Thumb Code     0  _printf_e.o(.ARM.Collect$$_printf_percent$$00000004)
    _printf_g                                0x08000179   Thumb Code     0  _printf_g.o(.ARM.Collect$$_printf_percent$$00000005)
    _printf_a                                0x0800017f   Thumb Code     0  _printf_a.o(.ARM.Collect$$_printf_percent$$00000006)
    _printf_ll                               0x08000185   Thumb Code     0  _printf_ll.o(.ARM.Collect$$_printf_percent$$00000007)
    _printf_i                                0x0800018f   Thumb Code     0  _printf_i.o(.ARM.Collect$$_printf_percent$$00000008)
    _printf_d                                0x08000195   Thumb Code     0  _printf_d.o(.ARM.Collect$$_printf_percent$$00000009)
    _printf_u                                0x0800019b   Thumb Code     0  _printf_u.o(.ARM.Collect$$_printf_percent$$0000000A)
    _printf_o                                0x080001a1   Thumb Code     0  _printf_o.o(.ARM.Collect$$_printf_percent$$0000000B)
    _printf_x                                0x080001a7   Thumb Code     0  _printf_x.o(.ARM.Collect$$_printf_percent$$0000000C)
    _printf_lli                              0x080001ad   Thumb Code     0  _printf_lli.o(.ARM.Collect$$_printf_percent$$0000000D)
    _printf_lld                              0x080001b3   Thumb Code     0  _printf_lld.o(.ARM.Collect$$_printf_percent$$0000000E)
    _printf_llu                              0x080001b9   Thumb Code     0  _printf_llu.o(.ARM.Collect$$_printf_percent$$0000000F)
    _printf_llo                              0x080001bf   Thumb Code     0  _printf_llo.o(.ARM.Collect$$_printf_percent$$00000010)
    _printf_llx                              0x080001c5   Thumb Code     0  _printf_llx.o(.ARM.Collect$$_printf_percent$$00000011)
    _printf_l                                0x080001cb   Thumb Code     0  _printf_l.o(.ARM.Collect$$_printf_percent$$00000012)
    _printf_c                                0x080001d5   Thumb Code     0  _printf_c.o(.ARM.Collect$$_printf_percent$$00000013)
    _printf_s                                0x080001db   Thumb Code     0  _printf_s.o(.ARM.Collect$$_printf_percent$$00000014)
    _printf_lc                               0x080001e1   Thumb Code     0  _printf_lc.o(.ARM.Collect$$_printf_percent$$00000015)
    _printf_ls                               0x080001e7   Thumb Code     0  _printf_ls.o(.ARM.Collect$$_printf_percent$$00000016)
    _printf_percent_end                      0x080001ed   Thumb Code     0  _printf_percent_end.o(.ARM.Collect$$_printf_percent$$00000017)
    __rt_lib_init                            0x080001f1   Thumb Code     0  libinit.o(.ARM.Collect$$libinit$$00000000)
    __rt_lib_init_fp_1                       0x080001f3   Thumb Code     0  libinit2.o(.ARM.Collect$$libinit$$00000002)
    __rt_lib_init_heap_1                     0x080001f3   Thumb Code     0  libinit2.o(.ARM.Collect$$libinit$$0000000A)
    __rt_lib_init_lc_common                  0x080001f3   Thumb Code     0  libinit2.o(.ARM.Collect$$libinit$$0000000F)
    __rt_lib_init_preinit_1                  0x080001f3   Thumb Code     0  libinit2.o(.ARM.Collect$$libinit$$00000004)
    __rt_lib_init_rand_1                     0x080001f3   Thumb Code     0  libinit2.o(.ARM.Collect$$libinit$$0000000E)
    __rt_lib_init_user_alloc_1               0x080001f3   Thumb Code     0  libinit2.o(.ARM.Collect$$libinit$$0000000C)
    __rt_lib_init_lc_collate_1               0x080001f9   Thumb Code     0  libinit2.o(.ARM.Collect$$libinit$$00000011)
    __rt_lib_init_lc_ctype_2                 0x080001f9   Thumb Code     0  libinit2.o(.ARM.Collect$$libinit$$00000012)
    __rt_lib_init_lc_ctype_1                 0x08000205   Thumb Code     0  libinit2.o(.ARM.Collect$$libinit$$00000013)
    __rt_lib_init_lc_monetary_1              0x08000205   Thumb Code     0  libinit2.o(.ARM.Collect$$libinit$$00000015)
    __rt_lib_init_lc_numeric_2               0x08000205   Thumb Code     0  libinit2.o(.ARM.Collect$$libinit$$00000016)
    __rt_lib_init_alloca_1                   0x0800020f   Thumb Code     0  libinit2.o(.ARM.Collect$$libinit$$0000002E)
    __rt_lib_init_argv_1                     0x0800020f   Thumb Code     0  libinit2.o(.ARM.Collect$$libinit$$0000002C)
    __rt_lib_init_atexit_1                   0x0800020f   Thumb Code     0  libinit2.o(.ARM.Collect$$libinit$$0000001B)
    __rt_lib_init_clock_1                    0x0800020f   Thumb Code     0  libinit2.o(.ARM.Collect$$libinit$$00000021)
    __rt_lib_init_cpp_2                      0x0800020f   Thumb Code     0  libinit2.o(.ARM.Collect$$libinit$$00000031)
    __rt_lib_init_exceptions_1               0x0800020f   Thumb Code     0  libinit2.o(.ARM.Collect$$libinit$$00000030)
    __rt_lib_init_fp_trap_1                  0x0800020f   Thumb Code     0  libinit2.o(.ARM.Collect$$libinit$$0000001F)
    __rt_lib_init_getenv_1                   0x0800020f   Thumb Code     0  libinit2.o(.ARM.Collect$$libinit$$00000023)
    __rt_lib_init_lc_numeric_1               0x0800020f   Thumb Code     0  libinit2.o(.ARM.Collect$$libinit$$00000017)
    __rt_lib_init_lc_time_1                  0x0800020f   Thumb Code     0  libinit2.o(.ARM.Collect$$libinit$$00000019)
    __rt_lib_init_signal_1                   0x0800020f   Thumb Code     0  libinit2.o(.ARM.Collect$$libinit$$0000001D)
    __rt_lib_init_stdio_1                    0x0800020f   Thumb Code     0  libinit2.o(.ARM.Collect$$libinit$$00000025)
    __rt_lib_init_cpp_1                      0x08000213   Thumb Code     0  libinit2.o(.ARM.Collect$$libinit$$00000032)
    __rt_lib_init_return                     0x08000213   Thumb Code     0  libinit2.o(.ARM.Collect$$libinit$$00000033)
    __rt_lib_shutdown                        0x08000215   Thumb Code     0  libshutdown.o(.ARM.Collect$$libshutdown$$00000000)
    __rt_lib_shutdown_cpp_1                  0x08000217   Thumb Code     0  libshutdown2.o(.ARM.Collect$$libshutdown$$00000002)
    __rt_lib_shutdown_fp_trap_1              0x08000217   Thumb Code     0  libshutdown2.o(.ARM.Collect$$libshutdown$$00000007)
    __rt_lib_shutdown_heap_1                 0x08000217   Thumb Code     0  libshutdown2.o(.ARM.Collect$$libshutdown$$0000000F)
    __rt_lib_shutdown_return                 0x08000217   Thumb Code     0  libshutdown2.o(.ARM.Collect$$libshutdown$$00000010)
    __rt_lib_shutdown_signal_1               0x08000217   Thumb Code     0  libshutdown2.o(.ARM.Collect$$libshutdown$$0000000A)
    __rt_lib_shutdown_stdio_1                0x08000217   Thumb Code     0  libshutdown2.o(.ARM.Collect$$libshutdown$$00000004)
    __rt_lib_shutdown_user_alloc_1           0x08000217   Thumb Code     0  libshutdown2.o(.ARM.Collect$$libshutdown$$0000000C)
    __rt_entry                               0x08000219   Thumb Code     0  __rtentry.o(.ARM.Collect$$rtentry$$00000000)
    __rt_entry_presh_1                       0x08000219   Thumb Code     0  __rtentry2.o(.ARM.Collect$$rtentry$$00000002)
    __rt_entry_sh                            0x08000219   Thumb Code     0  __rtentry4.o(.ARM.Collect$$rtentry$$00000004)
    __rt_entry_li                            0x0800021f   Thumb Code     0  __rtentry2.o(.ARM.Collect$$rtentry$$0000000A)
    __rt_entry_postsh_1                      0x0800021f   Thumb Code     0  __rtentry2.o(.ARM.Collect$$rtentry$$00000009)
    __rt_entry_main                          0x08000223   Thumb Code     0  __rtentry2.o(.ARM.Collect$$rtentry$$0000000D)
    __rt_entry_postli_1                      0x08000223   Thumb Code     0  __rtentry2.o(.ARM.Collect$$rtentry$$0000000C)
    __rt_exit                                0x0800022b   Thumb Code     0  rtexit.o(.ARM.Collect$$rtexit$$00000000)
    __rt_exit_ls                             0x0800022d   Thumb Code     0  rtexit2.o(.ARM.Collect$$rtexit$$00000003)
    __rt_exit_prels_1                        0x0800022d   Thumb Code     0  rtexit2.o(.ARM.Collect$$rtexit$$00000002)
    __rt_exit_exit                           0x08000231   Thumb Code     0  rtexit2.o(.ARM.Collect$$rtexit$$00000004)
    Reset_Handler                            0x08000239   Thumb Code     8  startup_stm32f103xb.o(.text)
    ADC1_2_IRQHandler                        0x08000253   Thumb Code     0  startup_stm32f103xb.o(.text)
    CAN1_RX1_IRQHandler                      0x08000253   Thumb Code     0  startup_stm32f103xb.o(.text)
    CAN1_SCE_IRQHandler                      0x08000253   Thumb Code     0  startup_stm32f103xb.o(.text)
    DMA1_Channel1_IRQHandler                 0x08000253   Thumb Code     0  startup_stm32f103xb.o(.text)
    DMA1_Channel2_IRQHandler                 0x08000253   Thumb Code     0  startup_stm32f103xb.o(.text)
    DMA1_Channel3_IRQHandler                 0x08000253   Thumb Code     0  startup_stm32f103xb.o(.text)
    DMA1_Channel4_IRQHandler                 0x08000253   Thumb Code     0  startup_stm32f103xb.o(.text)
    DMA1_Channel5_IRQHandler                 0x08000253   Thumb Code     0  startup_stm32f103xb.o(.text)
    DMA1_Channel6_IRQHandler                 0x08000253   Thumb Code     0  startup_stm32f103xb.o(.text)
    DMA1_Channel7_IRQHandler                 0x08000253   Thumb Code     0  startup_stm32f103xb.o(.text)
    EXTI0_IRQHandler                         0x08000253   Thumb Code     0  startup_stm32f103xb.o(.text)
    EXTI15_10_IRQHandler                     0x08000253   Thumb Code     0  startup_stm32f103xb.o(.text)
    EXTI1_IRQHandler                         0x08000253   Thumb Code     0  startup_stm32f103xb.o(.text)
    EXTI2_IRQHandler                         0x08000253   Thumb Code     0  startup_stm32f103xb.o(.text)
    EXTI3_IRQHandler                         0x08000253   Thumb Code     0  startup_stm32f103xb.o(.text)
    EXTI4_IRQHandler                         0x08000253   Thumb Code     0  startup_stm32f103xb.o(.text)
    EXTI9_5_IRQHandler                       0x08000253   Thumb Code     0  startup_stm32f103xb.o(.text)
    FLASH_IRQHandler                         0x08000253   Thumb Code     0  startup_stm32f103xb.o(.text)
    I2C1_ER_IRQHandler                       0x08000253   Thumb Code     0  startup_stm32f103xb.o(.text)
    I2C1_EV_IRQHandler                       0x08000253   Thumb Code     0  startup_stm32f103xb.o(.text)
    I2C2_ER_IRQHandler                       0x08000253   Thumb Code     0  startup_stm32f103xb.o(.text)
    I2C2_EV_IRQHandler                       0x08000253   Thumb Code     0  startup_stm32f103xb.o(.text)
    PVD_IRQHandler                           0x08000253   Thumb Code     0  startup_stm32f103xb.o(.text)
    RCC_IRQHandler                           0x08000253   Thumb Code     0  startup_stm32f103xb.o(.text)
    RTC_Alarm_IRQHandler                     0x08000253   Thumb Code     0  startup_stm32f103xb.o(.text)
    RTC_IRQHandler                           0x08000253   Thumb Code     0  startup_stm32f103xb.o(.text)
    SPI1_IRQHandler                          0x08000253   Thumb Code     0  startup_stm32f103xb.o(.text)
    SPI2_IRQHandler                          0x08000253   Thumb Code     0  startup_stm32f103xb.o(.text)
    TAMPER_IRQHandler                        0x08000253   Thumb Code     0  startup_stm32f103xb.o(.text)
    TIM1_BRK_IRQHandler                      0x08000253   Thumb Code     0  startup_stm32f103xb.o(.text)
    TIM1_CC_IRQHandler                       0x08000253   Thumb Code     0  startup_stm32f103xb.o(.text)
    TIM1_TRG_COM_IRQHandler                  0x08000253   Thumb Code     0  startup_stm32f103xb.o(.text)
    TIM1_UP_IRQHandler                       0x08000253   Thumb Code     0  startup_stm32f103xb.o(.text)
    USART2_IRQHandler                        0x08000253   Thumb Code     0  startup_stm32f103xb.o(.text)
    USART3_IRQHandler                        0x08000253   Thumb Code     0  startup_stm32f103xb.o(.text)
    USBWakeUp_IRQHandler                     0x08000253   Thumb Code     0  startup_stm32f103xb.o(.text)
    USB_HP_CAN1_TX_IRQHandler                0x08000253   Thumb Code     0  startup_stm32f103xb.o(.text)
    USB_LP_CAN1_RX0_IRQHandler               0x08000253   Thumb Code     0  startup_stm32f103xb.o(.text)
    WWDG_IRQHandler                          0x08000253   Thumb Code     0  startup_stm32f103xb.o(.text)
    __user_initial_stackheap                 0x08000255   Thumb Code     0  startup_stm32f103xb.o(.text)
    vsnprintf                                0x08000279   Thumb Code    48  vsnprintf.o(.text)
    __2sprintf                               0x080002ad   Thumb Code    38  __2sprintf.o(.text)
    __2snprintf                              0x080002d9   Thumb Code    50  __2snprintf.o(.text)
    _printf_pre_padding                      0x08000311   Thumb Code    44  _printf_pad.o(.text)
    _printf_post_padding                     0x0800033d   Thumb Code    34  _printf_pad.o(.text)
    _printf_str                              0x0800035f   Thumb Code    82  _printf_str.o(.text)
    _printf_int_dec                          0x080003b1   Thumb Code   104  _printf_dec.o(.text)
    _printf_longlong_hex                     0x08000429   Thumb Code    86  _printf_hex_int_ll_ptr.o(.text)
    _printf_int_hex                          0x0800047f   Thumb Code    28  _printf_hex_int_ll_ptr.o(.text)
    _printf_ll_hex                           0x0800049b   Thumb Code    12  _printf_hex_int_ll_ptr.o(.text)
    _printf_hex_ptr                          0x080004a7   Thumb Code    18  _printf_hex_int_ll_ptr.o(.text)
    __printf                                 0x080004bd   Thumb Code   388  __printf_flags_ss_wp.o(.text)
    __aeabi_memclr                           0x08000645   Thumb Code     0  rt_memclr.o(.text)
    __rt_memclr                              0x08000645   Thumb Code    68  rt_memclr.o(.text)
    _memset                                  0x08000649   Thumb Code     0  rt_memclr.o(.text)
    __aeabi_memclr4                          0x08000689   Thumb Code     0  rt_memclr_w.o(.text)
    __aeabi_memclr8                          0x08000689   Thumb Code     0  rt_memclr_w.o(.text)
    __rt_memclr_w                            0x08000689   Thumb Code    78  rt_memclr_w.o(.text)
    _memset_w                                0x0800068d   Thumb Code     0  rt_memclr_w.o(.text)
    __use_two_region_memory                  0x080006d7   Thumb Code     2  heapauxi.o(.text)
    __rt_heap_escrow$2region                 0x080006d9   Thumb Code     2  heapauxi.o(.text)
    __rt_heap_expand$2region                 0x080006db   Thumb Code     2  heapauxi.o(.text)
    __cpp_initialize__aeabi_                 0x080006dd   Thumb Code    26  init_aeabi.o(.text)
    _printf_truncate_signed                  0x08000701   Thumb Code    18  _printf_truncate.o(.text)
    _printf_truncate_unsigned                0x08000713   Thumb Code    18  _printf_truncate.o(.text)
    _printf_int_common                       0x08000725   Thumb Code   178  _printf_intcommon.o(.text)
    _printf_charcount                        0x080007d7   Thumb Code    40  _printf_charcount.o(.text)
    _printf_char_common                      0x0800080b   Thumb Code    32  _printf_char_common.o(.text)
    _sputc                                   0x08000831   Thumb Code    10  _sputc.o(.text)
    _snputc                                  0x0800083b   Thumb Code    16  _snputc.o(.text)
    _printf_cs_common                        0x0800084b   Thumb Code    20  _printf_char.o(.text)
    _printf_char                             0x0800085f   Thumb Code    16  _printf_char.o(.text)
    _printf_string                           0x0800086f   Thumb Code     8  _printf_char.o(.text)
    _printf_wctomb                           0x08000879   Thumb Code   182  _printf_wctomb.o(.text)
    _printf_longlong_dec                     0x08000935   Thumb Code   108  _printf_longlong_dec.o(.text)
    _printf_longlong_oct                     0x080009b1   Thumb Code    66  _printf_oct_int_ll.o(.text)
    _printf_int_oct                          0x080009f3   Thumb Code    24  _printf_oct_int_ll.o(.text)
    _printf_ll_oct                           0x08000a0b   Thumb Code    12  _printf_oct_int_ll.o(.text)
    _ll_udiv10                               0x08000a21   Thumb Code   138  lludiv10.o(.text)
    __lib_sel_fp_printf                      0x08000aab   Thumb Code     2  _printf_fp_dec.o(.text)
    _printf_fp_dec_real                      0x08000c5d   Thumb Code   620  _printf_fp_dec.o(.text)
    _printf_fp_hex_real                      0x08000ec9   Thumb Code   756  _printf_fp_hex.o(.text)
    _printf_lcs_common                       0x080011c5   Thumb Code    20  _printf_wchar.o(.text)
    _printf_wchar                            0x080011d9   Thumb Code    16  _printf_wchar.o(.text)
    _printf_wstring                          0x080011e9   Thumb Code     8  _printf_wchar.o(.text)
    _wcrtomb                                 0x080011f1   Thumb Code    64  _wcrtomb.o(.text)
    __user_setup_stackheap                   0x08001231   Thumb Code    74  sys_stackheap_outer.o(.text)
    __rt_ctype_table                         0x0800127d   Thumb Code    16  rt_ctype_table.o(.text)
    __rt_locale                              0x0800128d   Thumb Code     8  rt_locale_intlibspace.o(.text)
    _printf_fp_infnan                        0x08001295   Thumb Code   112  _printf_fp_infnan.o(.text)
    _btod_etento                             0x08001315   Thumb Code   224  bigflt0.o(.text)
    exit                                     0x080013f9   Thumb Code    18  exit.o(.text)
    __user_libspace                          0x0800140d   Thumb Code     8  libspace.o(.text)
    __user_perproc_libspace                  0x0800140d   Thumb Code     0  libspace.o(.text)
    __user_perthread_libspace                0x0800140d   Thumb Code     0  libspace.o(.text)
    strcmp                                   0x08001415   Thumb Code   128  strcmpv7m.o(.text)
    __I$use$semihosting                      0x08001495   Thumb Code     0  use_no_semi.o(.text)
    __use_no_semihosting_swi                 0x08001495   Thumb Code     2  use_no_semi.o(.text)
    __semihosting_library_function           0x08001497   Thumb Code     0  indicate_semi.o(.text)
    _sys_exit                                0x08001499   Thumb Code     8  sys_exit.o(.text)
    _btod_d2e                                0x080014a5   Thumb Code    62  btod.o(CL$$btod_d2e)
    _d2e_denorm_low                          0x080014e3   Thumb Code    70  btod.o(CL$$btod_d2e_denorm_low)
    _d2e_norm_op1                            0x08001529   Thumb Code    96  btod.o(CL$$btod_d2e_norm_op1)
    __btod_div_common                        0x08001589   Thumb Code   696  btod.o(CL$$btod_div_common)
    _e2e                                     0x080018c1   Thumb Code   220  btod.o(CL$$btod_e2e)
    _btod_ediv                               0x0800199d   Thumb Code    42  btod.o(CL$$btod_ediv)
    _btod_emul                               0x080019c7   Thumb Code    42  btod.o(CL$$btod_emul)
    __btod_mult_common                       0x080019f1   Thumb Code   580  btod.o(CL$$btod_mult_common)
    BusFault_Handler                         0x08001c35   Thumb Code     4  stm32f1xx_it.o(i.BusFault_Handler)
    CompareTime                              0x08001c39   Thumb Code    26  software_time.o(i.CompareTime)
    DebugMon_Handler                         0x08001c53   Thumb Code     2  stm32f1xx_it.o(i.DebugMon_Handler)
    Error_Handler                            0x08001c55   Thumb Code     6  main.o(i.Error_Handler)
    GetTime                                  0x08001c5b   Thumb Code    12  software_time.o(i.GetTime)
    HAL_DMA_Abort                            0x08001c67   Thumb Code    86  stm32f1xx_hal_dma.o(i.HAL_DMA_Abort)
    HAL_DMA_Abort_IT                         0x08001cbd   Thumb Code   172  stm32f1xx_hal_dma.o(i.HAL_DMA_Abort_IT)
    HAL_Delay                                0x08001d6d   Thumb Code    36  stm32f1xx_hal.o(i.HAL_Delay)
    HAL_GPIO_Init                            0x08001d95   Thumb Code   766  stm32f1xx_hal_gpio.o(i.HAL_GPIO_Init)
    HAL_GPIO_WritePin                        0x080020b5   Thumb Code    12  stm32f1xx_hal_gpio.o(i.HAL_GPIO_WritePin)
    HAL_GetTick                              0x080020c1   Thumb Code     6  stm32f1xx_hal.o(i.HAL_GetTick)
    HAL_IncTick                              0x080020cd   Thumb Code    16  stm32f1xx_hal.o(i.HAL_IncTick)
    HAL_Init                                 0x080020e5   Thumb Code    34  stm32f1xx_hal.o(i.HAL_Init)
    HAL_InitTick                             0x0800210d   Thumb Code    64  stm32f1xx_hal.o(i.HAL_InitTick)
    HAL_MspInit                              0x08002159   Thumb Code    76  stm32f1xx_hal_msp.o(i.HAL_MspInit)
    HAL_NVIC_EnableIRQ                       0x080021ad   Thumb Code    32  stm32f1xx_hal_cortex.o(i.HAL_NVIC_EnableIRQ)
    HAL_NVIC_SetPriority                     0x080021cd   Thumb Code   124  stm32f1xx_hal_cortex.o(i.HAL_NVIC_SetPriority)
    HAL_NVIC_SetPriorityGrouping             0x08002249   Thumb Code    32  stm32f1xx_hal_cortex.o(i.HAL_NVIC_SetPriorityGrouping)
    HAL_RCC_ClockConfig                      0x08002271   Thumb Code   376  stm32f1xx_hal_rcc.o(i.HAL_RCC_ClockConfig)
    HAL_RCC_GetHCLKFreq                      0x080023fd   Thumb Code     6  stm32f1xx_hal_rcc.o(i.HAL_RCC_GetHCLKFreq)
    HAL_RCC_GetPCLK1Freq                     0x08002409   Thumb Code    22  stm32f1xx_hal_rcc.o(i.HAL_RCC_GetPCLK1Freq)
    HAL_RCC_GetPCLK2Freq                     0x08002429   Thumb Code    22  stm32f1xx_hal_rcc.o(i.HAL_RCC_GetPCLK2Freq)
    HAL_RCC_GetSysClockFreq                  0x08002449   Thumb Code    92  stm32f1xx_hal_rcc.o(i.HAL_RCC_GetSysClockFreq)
    HAL_RCC_OscConfig                        0x080024b9   Thumb Code  1114  stm32f1xx_hal_rcc.o(i.HAL_RCC_OscConfig)
    HAL_SPI_Init                             0x0800291d   Thumb Code   190  stm32f1xx_hal_spi.o(i.HAL_SPI_Init)
    HAL_SPI_MspInit                          0x080029dd   Thumb Code   124  stm32f1xx_hal_msp.o(i.HAL_SPI_MspInit)
    HAL_SPI_TransmitReceive                  0x08002a65   Thumb Code   584  stm32f1xx_hal_spi.o(i.HAL_SPI_TransmitReceive)
    HAL_SYSTICK_Config                       0x08002cad   Thumb Code    52  stm32f1xx_hal_cortex.o(i.HAL_SYSTICK_Config)
    HAL_TIMEx_BreakCallback                  0x08002ce1   Thumb Code     2  stm32f1xx_hal_tim_ex.o(i.HAL_TIMEx_BreakCallback)
    HAL_TIMEx_CommutCallback                 0x08002ce3   Thumb Code     2  stm32f1xx_hal_tim_ex.o(i.HAL_TIMEx_CommutCallback)
    HAL_TIMEx_MasterConfigSynchronization    0x08002ce5   Thumb Code   118  stm32f1xx_hal_tim_ex.o(i.HAL_TIMEx_MasterConfigSynchronization)
    HAL_TIM_Base_Init                        0x08002d69   Thumb Code   102  stm32f1xx_hal_tim.o(i.HAL_TIM_Base_Init)
    HAL_TIM_Base_MspInit                     0x08002dd1   Thumb Code   112  stm32f1xx_hal_msp.o(i.HAL_TIM_Base_MspInit)
    HAL_TIM_Base_Start_IT                    0x08002e49   Thumb Code   106  stm32f1xx_hal_tim.o(i.HAL_TIM_Base_Start_IT)
    HAL_TIM_ConfigClockSource                0x08002ec1   Thumb Code   268  stm32f1xx_hal_tim.o(i.HAL_TIM_ConfigClockSource)
    HAL_TIM_IC_CaptureCallback               0x08002fcd   Thumb Code     2  stm32f1xx_hal_tim.o(i.HAL_TIM_IC_CaptureCallback)
    HAL_TIM_IRQHandler                       0x08002fcf   Thumb Code   364  stm32f1xx_hal_tim.o(i.HAL_TIM_IRQHandler)
    HAL_TIM_MspPostInit                      0x0800313d   Thumb Code   130  stm32f1xx_hal_msp.o(i.HAL_TIM_MspPostInit)
    HAL_TIM_OC_ConfigChannel                 0x080031cd   Thumb Code   112  stm32f1xx_hal_tim.o(i.HAL_TIM_OC_ConfigChannel)
    HAL_TIM_OC_DelayElapsedCallback          0x0800323d   Thumb Code     2  stm32f1xx_hal_tim.o(i.HAL_TIM_OC_DelayElapsedCallback)
    HAL_TIM_OC_Init                          0x0800323f   Thumb Code   102  stm32f1xx_hal_tim.o(i.HAL_TIM_OC_Init)
    HAL_TIM_OC_MspInit                       0x080032a5   Thumb Code    58  stm32f1xx_hal_msp.o(i.HAL_TIM_OC_MspInit)
    HAL_TIM_PWM_PulseFinishedCallback        0x080032e9   Thumb Code     2  stm32f1xx_hal_tim.o(i.HAL_TIM_PWM_PulseFinishedCallback)
    HAL_TIM_PeriodElapsedCallback            0x080032ed   Thumb Code    32  user_init.o(i.HAL_TIM_PeriodElapsedCallback)
    HAL_TIM_TriggerCallback                  0x08003315   Thumb Code     2  stm32f1xx_hal_tim.o(i.HAL_TIM_TriggerCallback)
    HAL_UARTEx_RxEventCallback               0x08003317   Thumb Code     2  stm32f1xx_hal_uart.o(i.HAL_UARTEx_RxEventCallback)
    HAL_UART_ErrorCallback                   0x08003319   Thumb Code     2  stm32f1xx_hal_uart.o(i.HAL_UART_ErrorCallback)
    HAL_UART_IRQHandler                      0x0800331d   Thumb Code   736  stm32f1xx_hal_uart.o(i.HAL_UART_IRQHandler)
    HAL_UART_Init                            0x08003601   Thumb Code   118  stm32f1xx_hal_uart.o(i.HAL_UART_Init)
    HAL_UART_MspInit                         0x08003679   Thumb Code   242  stm32f1xx_hal_msp.o(i.HAL_UART_MspInit)
    HAL_UART_Receive_IT                      0x08003781   Thumb Code    44  stm32f1xx_hal_uart.o(i.HAL_UART_Receive_IT)
    HAL_UART_RxCpltCallback                  0x080037ad   Thumb Code    70  uart.o(i.HAL_UART_RxCpltCallback)
    HAL_UART_Transmit                        0x08003811   Thumb Code   190  stm32f1xx_hal_uart.o(i.HAL_UART_Transmit)
    HAL_UART_TxCpltCallback                  0x080038cf   Thumb Code     2  stm32f1xx_hal_uart.o(i.HAL_UART_TxCpltCallback)
    HardFault_Handler                        0x080038d1   Thumb Code     4  stm32f1xx_it.o(i.HardFault_Handler)
    Init_MS41968                             0x080038d5   Thumb Code   322  control.o(i.Init_MS41968)
    LOG_AutoInit                             0x08003a39   Thumb Code    20  user_log.o(i.LOG_AutoInit)
    LOG_Print                                0x08003a55   Thumb Code   138  user_log.o(i.LOG_Print)
    MemManage_Handler                        0x08003e2d   Thumb Code     4  stm32f1xx_it.o(i.MemManage_Handler)
    Motor34_PositionControl                  0x08003e31   Thumb Code   198  control.o(i.Motor34_PositionControl)
    Motor34_PrintPositions                   0x08003f0d   Thumb Code   124  control.o(i.Motor34_PrintPositions)
    Motor34_SetTargetPosition                0x08004059   Thumb Code     6  control.o(i.Motor34_SetTargetPosition)
    NMI_Handler                              0x08004065   Thumb Code     4  stm32f1xx_it.o(i.NMI_Handler)
    PendSV_Handler                           0x08004069   Thumb Code     2  stm32f1xx_it.o(i.PendSV_Handler)
    Reset_MS41968                            0x08004095   Thumb Code    54  control.o(i.Reset_MS41968)
    SPI_Test_ReadAllRegisters                0x08004115   Thumb Code    72  control.o(i.SPI_Test_ReadAllRegisters)
    SVC_Handler                              0x08004299   Thumb Code     2  stm32f1xx_it.o(i.SVC_Handler)
    Spi_ReadWriteByte                        0x080042fd   Thumb Code    28  control.o(i.Spi_ReadWriteByte)
    Spi_Write                                0x0800431d   Thumb Code    70  control.o(i.Spi_Write)
    Spi__Read                                0x08004369   Thumb Code    64  control.o(i.Spi__Read)
    Start_Peripheral                         0x080043ad   Thumb Code    90  user_init.o(i.Start_Peripheral)
    SysTick_Handler                          0x08004431   Thumb Code     8  stm32f1xx_it.o(i.SysTick_Handler)
    SystemClock_Config                       0x08004439   Thumb Code    98  main.o(i.SystemClock_Config)
    SystemInit                               0x0800449b   Thumb Code     2  system_stm32f1xx.o(i.SystemInit)
    TIM2_IRQHandler                          0x0800449d   Thumb Code    10  stm32f1xx_it.o(i.TIM2_IRQHandler)
    TIM3_IRQHandler                          0x080044ad   Thumb Code    10  stm32f1xx_it.o(i.TIM3_IRQHandler)
    TIM4_IRQHandler                          0x080044bd   Thumb Code    10  stm32f1xx_it.o(i.TIM4_IRQHandler)
    TIM_Base_SetConfig                       0x080044cd   Thumb Code   120  stm32f1xx_hal_tim.o(i.TIM_Base_SetConfig)
    TIM_ETR_SetConfig                        0x08004551   Thumb Code    22  stm32f1xx_hal_tim.o(i.TIM_ETR_SetConfig)
    TIM_OC2_SetConfig                        0x080045d9   Thumb Code   100  stm32f1xx_hal_tim.o(i.TIM_OC2_SetConfig)
    UART_Start_Receive_IT                    0x080049d9   Thumb Code    64  stm32f1xx_hal_uart.o(i.UART_Start_Receive_IT)
    UART_Transmit_Str                        0x08004a79   Thumb Code    36  uart.o(i.UART_Transmit_Str)
    USART1_IRQHandler                        0x08004b29   Thumb Code    10  stm32f1xx_it.o(i.USART1_IRQHandler)
    Uart_1_Data_Processing                   0x08004b39   Thumb Code   124  user_function.o(i.Uart_1_Data_Processing)
    Uart_1_Receive_Interrupt                 0x08004bc1   Thumb Code   156  uart.o(i.Uart_1_Receive_Interrupt)
    Uart_1_Time_Even                         0x08004c69   Thumb Code    78  uart.o(i.Uart_1_Time_Even)
    Uart_3_Data_Processing                   0x08004cc5   Thumb Code   120  user_function.o(i.Uart_3_Data_Processing)
    Uart_3_Time_Even                         0x08004d49   Thumb Code    78  uart.o(i.Uart_3_Time_Even)
    UsageFault_Handler                       0x08004da5   Thumb Code     4  stm32f1xx_it.o(i.UsageFault_Handler)
    User_main                                0x08004da9   Thumb Code   120  user_function.o(i.User_main)
    VD_FZ                                    0x08004e3d   Thumb Code    94  control.o(i.VD_FZ)
    __ARM_fpclassify                         0x08004ead   Thumb Code    40  fpclassify.o(i.__ARM_fpclassify)
    _is_digit                                0x08004f0d   Thumb Code    14  __printf_wp.o(i._is_digit)
    main                                     0x08004f1b   Thumb Code    44  main.o(i.main)
    _get_lc_numeric                          0x08004f49   Thumb Code    44  lc_numeric_c.o(locale$$code)
    _get_lc_ctype                            0x08004f75   Thumb Code    44  lc_ctype_c.o(locale$$code)
    _printf_fp_dec                           0x08004fa1   Thumb Code     4  printf1.o(x$fpl$printf1)
    _printf_fp_hex                           0x08004fa5   Thumb Code     4  printf2.o(x$fpl$printf2)
    __I$use$fp                               0x08004fa8   Number         0  usenofp.o(x$fpl$usenofp)
    AHBPrescTable                            0x08004fba   Data          16  system_stm32f1xx.o(.constdata)
    APBPrescTable                            0x08004fca   Data           8  system_stm32f1xx.o(.constdata)
    Region$$Table$$Base                      0x080050f8   Number         0  anon$$obj.o(Region$$Table)
    Region$$Table$$Limit                     0x08005118   Number         0  anon$$obj.o(Region$$Table)
    __ctype                                  0x08005141   Data           0  lc_ctype_c.o(locale$$data)
    SHT$$INIT_ARRAY$$Base                    0x08005244   Number         0  software_time.o(.init_array)
    SHT$$INIT_ARRAY$$Limit                   0x0800524c   Number         0  init_aeabi.o(.init_array)
    uwTick                                   0x20000000   Data           4  stm32f1xx_hal.o(.data)
    uwTickPrio                               0x20000004   Data           4  stm32f1xx_hal.o(.data)
    uwTickFreq                               0x20000008   Data           1  stm32f1xx_hal.o(.data)
    SystemCoreClock                          0x2000000c   Data           4  system_stm32f1xx.o(.data)
    Task_1                                   0x20000010   Data           8  software_time.o(.data)
    Task_5                                   0x20000018   Data           8  software_time.o(.data)
    Task_20                                  0x20000020   Data           8  software_time.o(.data)
    Task_25                                  0x20000028   Data           8  software_time.o(.data)
    Task_50                                  0x20000030   Data           8  software_time.o(.data)
    Task_100                                 0x20000038   Data           8  software_time.o(.data)
    Task_200                                 0x20000040   Data           8  software_time.o(.data)
    Task_500                                 0x20000048   Data           8  software_time.o(.data)
    Task_1000                                0x20000050   Data           8  software_time.o(.data)
    a                                        0x20000058   Data           4  user_init.o(.data)
    uart_3                                   0x2000005c   Data           3  uart.o(.data)
    uart_3_buffer                            0x2000005f   Data           2  uart.o(.data)
    uart_3_frame_id                          0x20000061   Data           1  uart.o(.data)
    uart_2                                   0x20000062   Data           3  uart.o(.data)
    uart_2_buffer                            0x20000065   Data           2  uart.o(.data)
    uart_2_frame_id                          0x20000067   Data           1  uart.o(.data)
    uart_1                                   0x20000068   Data           3  uart.o(.data)
    uart_1_buffer                            0x2000006b   Data           2  uart.o(.data)
    uart_1_frame_id                          0x2000006d   Data           1  uart.o(.data)
    USART1_count                             0x2000006e   Data           2  uart.o(.data)
    USART3_count                             0x20000070   Data           2  uart.o(.data)
    status_uart3                             0x20000072   Data           1  uart.o(.data)
    status_uart1                             0x20000073   Data           1  uart.o(.data)
    status_uart2                             0x20000074   Data           1  uart.o(.data)
    aaa                                      0x20000075   Data           1  uart.o(.data)
    OutPutChennal2                           0x20000078   Data           1  control.o(.data)
    OutPutChennal                            0x20000079   Data           1  control.o(.data)
    IRCUT_FLAG                               0x2000007a   Data           1  control.o(.data)
    IRCUT_FLAG2                              0x2000007b   Data           1  control.o(.data)
    IRS_TGT                                  0x2000007c   Data           2  control.o(.data)
    PWMMODEAB                                0x2000007e   Data           2  control.o(.data)
    PWMRESAB                                 0x20000080   Data           2  control.o(.data)
    PHMODA                                   0x20000082   Data           2  control.o(.data)
    PHMODB                                   0x20000084   Data           2  control.o(.data)
    PPWAB                                    0x20000086   Data           2  control.o(.data)
    PPWCD                                    0x20000088   Data           2  control.o(.data)
    PPWEF                                    0x2000008a   Data           2  control.o(.data)
    PPWGH                                    0x2000008c   Data           2  control.o(.data)
    PPWIJ                                    0x2000008e   Data           2  control.o(.data)
    CCWCWA                                   0x20000090   Data           2  control.o(.data)
    CCWCWB                                   0x20000092   Data           2  control.o(.data)
    BRAKEA                                   0x20000094   Data           2  control.o(.data)
    BRAKEB                                   0x20000096   Data           2  control.o(.data)
    ENDISA                                   0x20000098   Data           2  control.o(.data)
    ENDISB                                   0x2000009a   Data           2  control.o(.data)
    MICROA                                   0x2000009c   Data           2  control.o(.data)
    MICROB                                   0x2000009e   Data           2  control.o(.data)
    PSUMA                                    0x200000a0   Data           2  control.o(.data)
    PSUMB                                    0x200000a2   Data           2  control.o(.data)
    PSUMC                                    0x200000a4   Data           2  control.o(.data)
    PSUMD                                    0x200000a6   Data           2  control.o(.data)
    INTCTAB                                  0x200000a8   Data           2  control.o(.data)
    INTCTCD                                  0x200000aa   Data           2  control.o(.data)
    INTCTEF                                  0x200000ac   Data           2  control.o(.data)
    INTCTGH                                  0x200000ae   Data           2  control.o(.data)
    INTCTIJ                                  0x200000b0   Data           2  control.o(.data)
    LED1                                     0x200000b2   Data           2  control.o(.data)
    LED2                                     0x200000b4   Data           2  control.o(.data)
    LED3                                     0x200000b6   Data           2  control.o(.data)
    LED4                                     0x200000b8   Data           2  control.o(.data)
    u16KeyTest                               0x200000d8   Data           2  control.o(.data)
    log_level_strings                        0x200000dc   Data          20  user_log.o(.data)
    g_log_config                             0x200000f0   Data          12  user_log.o(.data)
    hspi2                                    0x200000fc   Data          88  main.o(.bss)
    htim2                                    0x20000154   Data          72  main.o(.bss)
    htim3                                    0x2000019c   Data          72  main.o(.bss)
    htim4                                    0x200001e4   Data          72  main.o(.bss)
    huart1                                   0x2000022c   Data          72  main.o(.bss)
    huart3                                   0x20000274   Data          72  main.o(.bss)
    frame_3                                  0x200002bc   Data         516  uart.o(.bss)
    frame_2                                  0x200004c0   Data         516  uart.o(.bss)
    frame_1                                  0x200006c4   Data         516  uart.o(.bss)
    __libspace_start                         0x200009c8   Data          96  libspace.o(.bss)
    __temporary_stack_top$libspace           0x20000a28   Data           0  libspace.o(.bss)



==============================================================================

Memory Map of the image

  Image Entry point : 0x080000ed

  Load Region LR_IROM1 (Base: 0x08000000, Size: 0x00005348, Max: 0x00020000, ABSOLUTE)

    Execution Region ER_IROM1 (Exec base: 0x08000000, Load base: 0x08000000, Size: 0x0000524c, Max: 0x00020000, ABSOLUTE)

    Exec Addr    Load Addr    Size         Type   Attr      Idx    E Section Name        Object

    0x08000000   0x08000000   0x000000ec   Data   RO            3    RESET               startup_stm32f103xb.o
    0x080000ec   0x080000ec   0x00000008   Code   RO         3833  * !!!main             c_w.l(__main.o)
    0x080000f4   0x080000f4   0x00000034   Code   RO         4108    !!!scatter          c_w.l(__scatter.o)
    0x08000128   0x08000128   0x0000001a   Code   RO         4110    !!handler_copy      c_w.l(__scatter_copy.o)
    0x08000142   0x08000142   0x00000002   PAD
    0x08000144   0x08000144   0x0000001c   Code   RO         4112    !!handler_zi        c_w.l(__scatter_zi.o)
    0x08000160   0x08000160   0x00000000   Code   RO         3826    .ARM.Collect$$_printf_percent$$00000000  c_w.l(_printf_percent.o)
    0x08000160   0x08000160   0x00000006   Code   RO         3868    .ARM.Collect$$_printf_percent$$00000001  c_w.l(_printf_n.o)
    0x08000166   0x08000166   0x00000006   Code   RO         3869    .ARM.Collect$$_printf_percent$$00000002  c_w.l(_printf_p.o)
    0x0800016c   0x0800016c   0x00000006   Code   RO         3872    .ARM.Collect$$_printf_percent$$00000003  c_w.l(_printf_f.o)
    0x08000172   0x08000172   0x00000006   Code   RO         3873    .ARM.Collect$$_printf_percent$$00000004  c_w.l(_printf_e.o)
    0x08000178   0x08000178   0x00000006   Code   RO         3874    .ARM.Collect$$_printf_percent$$00000005  c_w.l(_printf_g.o)
    0x0800017e   0x0800017e   0x00000006   Code   RO         3875    .ARM.Collect$$_printf_percent$$00000006  c_w.l(_printf_a.o)
    0x08000184   0x08000184   0x0000000a   Code   RO         3880    .ARM.Collect$$_printf_percent$$00000007  c_w.l(_printf_ll.o)
    0x0800018e   0x0800018e   0x00000006   Code   RO         3871    .ARM.Collect$$_printf_percent$$00000008  c_w.l(_printf_i.o)
    0x08000194   0x08000194   0x00000006   Code   RO         3824    .ARM.Collect$$_printf_percent$$00000009  c_w.l(_printf_d.o)
    0x0800019a   0x0800019a   0x00000006   Code   RO         3825    .ARM.Collect$$_printf_percent$$0000000A  c_w.l(_printf_u.o)
    0x080001a0   0x080001a0   0x00000006   Code   RO         3870    .ARM.Collect$$_printf_percent$$0000000B  c_w.l(_printf_o.o)
    0x080001a6   0x080001a6   0x00000006   Code   RO         3823    .ARM.Collect$$_printf_percent$$0000000C  c_w.l(_printf_x.o)
    0x080001ac   0x080001ac   0x00000006   Code   RO         3877    .ARM.Collect$$_printf_percent$$0000000D  c_w.l(_printf_lli.o)
    0x080001b2   0x080001b2   0x00000006   Code   RO         3878    .ARM.Collect$$_printf_percent$$0000000E  c_w.l(_printf_lld.o)
    0x080001b8   0x080001b8   0x00000006   Code   RO         3879    .ARM.Collect$$_printf_percent$$0000000F  c_w.l(_printf_llu.o)
    0x080001be   0x080001be   0x00000006   Code   RO         3884    .ARM.Collect$$_printf_percent$$00000010  c_w.l(_printf_llo.o)
    0x080001c4   0x080001c4   0x00000006   Code   RO         3885    .ARM.Collect$$_printf_percent$$00000011  c_w.l(_printf_llx.o)
    0x080001ca   0x080001ca   0x0000000a   Code   RO         3881    .ARM.Collect$$_printf_percent$$00000012  c_w.l(_printf_l.o)
    0x080001d4   0x080001d4   0x00000006   Code   RO         3867    .ARM.Collect$$_printf_percent$$00000013  c_w.l(_printf_c.o)
    0x080001da   0x080001da   0x00000006   Code   RO         3822    .ARM.Collect$$_printf_percent$$00000014  c_w.l(_printf_s.o)
    0x080001e0   0x080001e0   0x00000006   Code   RO         3882    .ARM.Collect$$_printf_percent$$00000015  c_w.l(_printf_lc.o)
    0x080001e6   0x080001e6   0x00000006   Code   RO         3883    .ARM.Collect$$_printf_percent$$00000016  c_w.l(_printf_ls.o)
    0x080001ec   0x080001ec   0x00000004   Code   RO         3876    .ARM.Collect$$_printf_percent$$00000017  c_w.l(_printf_percent_end.o)
    0x080001f0   0x080001f0   0x00000002   Code   RO         4021    .ARM.Collect$$libinit$$00000000  c_w.l(libinit.o)
    0x080001f2   0x080001f2   0x00000000   Code   RO         3887    .ARM.Collect$$libinit$$00000002  c_w.l(libinit2.o)
    0x080001f2   0x080001f2   0x00000000   Code   RO         3889    .ARM.Collect$$libinit$$00000004  c_w.l(libinit2.o)
    0x080001f2   0x080001f2   0x00000000   Code   RO         3892    .ARM.Collect$$libinit$$0000000A  c_w.l(libinit2.o)
    0x080001f2   0x080001f2   0x00000000   Code   RO         3894    .ARM.Collect$$libinit$$0000000C  c_w.l(libinit2.o)
    0x080001f2   0x080001f2   0x00000000   Code   RO         3896    .ARM.Collect$$libinit$$0000000E  c_w.l(libinit2.o)
    0x080001f2   0x080001f2   0x00000006   Code   RO         3897    .ARM.Collect$$libinit$$0000000F  c_w.l(libinit2.o)
    0x080001f8   0x080001f8   0x00000000   Code   RO         3899    .ARM.Collect$$libinit$$00000011  c_w.l(libinit2.o)
    0x080001f8   0x080001f8   0x0000000c   Code   RO         3900    .ARM.Collect$$libinit$$00000012  c_w.l(libinit2.o)
    0x08000204   0x08000204   0x00000000   Code   RO         3901    .ARM.Collect$$libinit$$00000013  c_w.l(libinit2.o)
    0x08000204   0x08000204   0x00000000   Code   RO         3903    .ARM.Collect$$libinit$$00000015  c_w.l(libinit2.o)
    0x08000204   0x08000204   0x0000000a   Code   RO         3904    .ARM.Collect$$libinit$$00000016  c_w.l(libinit2.o)
    0x0800020e   0x0800020e   0x00000000   Code   RO         3905    .ARM.Collect$$libinit$$00000017  c_w.l(libinit2.o)
    0x0800020e   0x0800020e   0x00000000   Code   RO         3907    .ARM.Collect$$libinit$$00000019  c_w.l(libinit2.o)
    0x0800020e   0x0800020e   0x00000000   Code   RO         3909    .ARM.Collect$$libinit$$0000001B  c_w.l(libinit2.o)
    0x0800020e   0x0800020e   0x00000000   Code   RO         3911    .ARM.Collect$$libinit$$0000001D  c_w.l(libinit2.o)
    0x0800020e   0x0800020e   0x00000000   Code   RO         3913    .ARM.Collect$$libinit$$0000001F  c_w.l(libinit2.o)
    0x0800020e   0x0800020e   0x00000000   Code   RO         3915    .ARM.Collect$$libinit$$00000021  c_w.l(libinit2.o)
    0x0800020e   0x0800020e   0x00000000   Code   RO         3917    .ARM.Collect$$libinit$$00000023  c_w.l(libinit2.o)
    0x0800020e   0x0800020e   0x00000000   Code   RO         3919    .ARM.Collect$$libinit$$00000025  c_w.l(libinit2.o)
    0x0800020e   0x0800020e   0x00000000   Code   RO         3923    .ARM.Collect$$libinit$$0000002C  c_w.l(libinit2.o)
    0x0800020e   0x0800020e   0x00000000   Code   RO         3925    .ARM.Collect$$libinit$$0000002E  c_w.l(libinit2.o)
    0x0800020e   0x0800020e   0x00000000   Code   RO         3927    .ARM.Collect$$libinit$$00000030  c_w.l(libinit2.o)
    0x0800020e   0x0800020e   0x00000004   Code   RO         3928    .ARM.Collect$$libinit$$00000031  c_w.l(libinit2.o)
    0x08000212   0x08000212   0x00000000   Code   RO         3929    .ARM.Collect$$libinit$$00000032  c_w.l(libinit2.o)
    0x08000212   0x08000212   0x00000002   Code   RO         3930    .ARM.Collect$$libinit$$00000033  c_w.l(libinit2.o)
    0x08000214   0x08000214   0x00000002   Code   RO         4069    .ARM.Collect$$libshutdown$$00000000  c_w.l(libshutdown.o)
    0x08000216   0x08000216   0x00000000   Code   RO         4075    .ARM.Collect$$libshutdown$$00000002  c_w.l(libshutdown2.o)
    0x08000216   0x08000216   0x00000000   Code   RO         4077    .ARM.Collect$$libshutdown$$00000004  c_w.l(libshutdown2.o)
    0x08000216   0x08000216   0x00000000   Code   RO         4080    .ARM.Collect$$libshutdown$$00000007  c_w.l(libshutdown2.o)
    0x08000216   0x08000216   0x00000000   Code   RO         4083    .ARM.Collect$$libshutdown$$0000000A  c_w.l(libshutdown2.o)
    0x08000216   0x08000216   0x00000000   Code   RO         4085    .ARM.Collect$$libshutdown$$0000000C  c_w.l(libshutdown2.o)
    0x08000216   0x08000216   0x00000000   Code   RO         4088    .ARM.Collect$$libshutdown$$0000000F  c_w.l(libshutdown2.o)
    0x08000216   0x08000216   0x00000002   Code   RO         4089    .ARM.Collect$$libshutdown$$00000010  c_w.l(libshutdown2.o)
    0x08000218   0x08000218   0x00000000   Code   RO         3841    .ARM.Collect$$rtentry$$00000000  c_w.l(__rtentry.o)
    0x08000218   0x08000218   0x00000000   Code   RO         3940    .ARM.Collect$$rtentry$$00000002  c_w.l(__rtentry2.o)
    0x08000218   0x08000218   0x00000006   Code   RO         3952    .ARM.Collect$$rtentry$$00000004  c_w.l(__rtentry4.o)
    0x0800021e   0x0800021e   0x00000000   Code   RO         3942    .ARM.Collect$$rtentry$$00000009  c_w.l(__rtentry2.o)
    0x0800021e   0x0800021e   0x00000004   Code   RO         3943    .ARM.Collect$$rtentry$$0000000A  c_w.l(__rtentry2.o)
    0x08000222   0x08000222   0x00000000   Code   RO         3945    .ARM.Collect$$rtentry$$0000000C  c_w.l(__rtentry2.o)
    0x08000222   0x08000222   0x00000008   Code   RO         3946    .ARM.Collect$$rtentry$$0000000D  c_w.l(__rtentry2.o)
    0x0800022a   0x0800022a   0x00000002   Code   RO         4032    .ARM.Collect$$rtexit$$00000000  c_w.l(rtexit.o)
    0x0800022c   0x0800022c   0x00000000   Code   RO         4049    .ARM.Collect$$rtexit$$00000002  c_w.l(rtexit2.o)
    0x0800022c   0x0800022c   0x00000004   Code   RO         4050    .ARM.Collect$$rtexit$$00000003  c_w.l(rtexit2.o)
    0x08000230   0x08000230   0x00000006   Code   RO         4051    .ARM.Collect$$rtexit$$00000004  c_w.l(rtexit2.o)
    0x08000236   0x08000236   0x00000002   PAD
    0x08000238   0x08000238   0x00000040   Code   RO            4    .text               startup_stm32f103xb.o
    0x08000278   0x08000278   0x00000034   Code   RO         3763    .text               c_w.l(vsnprintf.o)
    0x080002ac   0x080002ac   0x0000002c   Code   RO         3765    .text               c_w.l(__2sprintf.o)
    0x080002d8   0x080002d8   0x00000038   Code   RO         3767    .text               c_w.l(__2snprintf.o)
    0x08000310   0x08000310   0x0000004e   Code   RO         3775    .text               c_w.l(_printf_pad.o)
    0x0800035e   0x0800035e   0x00000052   Code   RO         3777    .text               c_w.l(_printf_str.o)
    0x080003b0   0x080003b0   0x00000078   Code   RO         3779    .text               c_w.l(_printf_dec.o)
    0x08000428   0x08000428   0x00000094   Code   RO         3799    .text               c_w.l(_printf_hex_int_ll_ptr.o)
    0x080004bc   0x080004bc   0x00000188   Code   RO         3819    .text               c_w.l(__printf_flags_ss_wp.o)
    0x08000644   0x08000644   0x00000044   Code   RO         3827    .text               c_w.l(rt_memclr.o)
    0x08000688   0x08000688   0x0000004e   Code   RO         3829    .text               c_w.l(rt_memclr_w.o)
    0x080006d6   0x080006d6   0x00000006   Code   RO         3831    .text               c_w.l(heapauxi.o)
    0x080006dc   0x080006dc   0x00000024   Code   RO         3838    .text               c_w.l(init_aeabi.o)
    0x08000700   0x08000700   0x00000024   Code   RO         3842    .text               c_w.l(_printf_truncate.o)
    0x08000724   0x08000724   0x000000b2   Code   RO         3844    .text               c_w.l(_printf_intcommon.o)
    0x080007d6   0x080007d6   0x00000028   Code   RO         3846    .text               c_w.l(_printf_charcount.o)
    0x080007fe   0x080007fe   0x00000002   PAD
    0x08000800   0x08000800   0x00000030   Code   RO         3848    .text               c_w.l(_printf_char_common.o)
    0x08000830   0x08000830   0x0000000a   Code   RO         3850    .text               c_w.l(_sputc.o)
    0x0800083a   0x0800083a   0x00000010   Code   RO         3852    .text               c_w.l(_snputc.o)
    0x0800084a   0x0800084a   0x0000002c   Code   RO         3854    .text               c_w.l(_printf_char.o)
    0x08000876   0x08000876   0x00000002   PAD
    0x08000878   0x08000878   0x000000bc   Code   RO         3856    .text               c_w.l(_printf_wctomb.o)
    0x08000934   0x08000934   0x0000007c   Code   RO         3859    .text               c_w.l(_printf_longlong_dec.o)
    0x080009b0   0x080009b0   0x00000070   Code   RO         3865    .text               c_w.l(_printf_oct_int_ll.o)
    0x08000a20   0x08000a20   0x0000008a   Code   RO         3954    .text               c_w.l(lludiv10.o)
    0x08000aaa   0x08000aaa   0x0000041e   Code   RO         3956    .text               c_w.l(_printf_fp_dec.o)
    0x08000ec8   0x08000ec8   0x000002fc   Code   RO         3958    .text               c_w.l(_printf_fp_hex.o)
    0x080011c4   0x080011c4   0x0000002c   Code   RO         3963    .text               c_w.l(_printf_wchar.o)
    0x080011f0   0x080011f0   0x00000040   Code   RO         3965    .text               c_w.l(_wcrtomb.o)
    0x08001230   0x08001230   0x0000004a   Code   RO         3971    .text               c_w.l(sys_stackheap_outer.o)
    0x0800127a   0x0800127a   0x00000002   PAD
    0x0800127c   0x0800127c   0x00000010   Code   RO         3973    .text               c_w.l(rt_ctype_table.o)
    0x0800128c   0x0800128c   0x00000008   Code   RO         3978    .text               c_w.l(rt_locale_intlibspace.o)
    0x08001294   0x08001294   0x00000080   Code   RO         3980    .text               c_w.l(_printf_fp_infnan.o)
    0x08001314   0x08001314   0x000000e4   Code   RO         3982    .text               c_w.l(bigflt0.o)
    0x080013f8   0x080013f8   0x00000012   Code   RO         4010    .text               c_w.l(exit.o)
    0x0800140a   0x0800140a   0x00000002   PAD
    0x0800140c   0x0800140c   0x00000008   Code   RO         4029    .text               c_w.l(libspace.o)
    0x08001414   0x08001414   0x00000080   Code   RO         4043    .text               c_w.l(strcmpv7m.o)
    0x08001494   0x08001494   0x00000002   Code   RO         4045    .text               c_w.l(use_no_semi.o)
    0x08001496   0x08001496   0x00000000   Code   RO         4047    .text               c_w.l(indicate_semi.o)
    0x08001496   0x08001496   0x00000002   PAD
    0x08001498   0x08001498   0x0000000c   Code   RO         4061    .text               c_w.l(sys_exit.o)
    0x080014a4   0x080014a4   0x0000003e   Code   RO         3985    CL$$btod_d2e        c_w.l(btod.o)
    0x080014e2   0x080014e2   0x00000046   Code   RO         3987    CL$$btod_d2e_denorm_low  c_w.l(btod.o)
    0x08001528   0x08001528   0x00000060   Code   RO         3986    CL$$btod_d2e_norm_op1  c_w.l(btod.o)
    0x08001588   0x08001588   0x00000338   Code   RO         3995    CL$$btod_div_common  c_w.l(btod.o)
    0x080018c0   0x080018c0   0x000000dc   Code   RO         3992    CL$$btod_e2e        c_w.l(btod.o)
    0x0800199c   0x0800199c   0x0000002a   Code   RO         3989    CL$$btod_ediv       c_w.l(btod.o)
    0x080019c6   0x080019c6   0x0000002a   Code   RO         3988    CL$$btod_emul       c_w.l(btod.o)
    0x080019f0   0x080019f0   0x00000244   Code   RO         3994    CL$$btod_mult_common  c_w.l(btod.o)
    0x08001c34   0x08001c34   0x00000004   Code   RO          212    i.BusFault_Handler  stm32f1xx_it.o
    0x08001c38   0x08001c38   0x0000001a   Code   RO         3153    i.CompareTime       software_time.o
    0x08001c52   0x08001c52   0x00000002   Code   RO          213    i.DebugMon_Handler  stm32f1xx_it.o
    0x08001c54   0x08001c54   0x00000006   Code   RO           13    i.Error_Handler     main.o
    0x08001c5a   0x08001c5a   0x0000000c   Code   RO         3154    i.GetTime           software_time.o
    0x08001c66   0x08001c66   0x00000056   Code   RO         1137    i.HAL_DMA_Abort     stm32f1xx_hal_dma.o
    0x08001cbc   0x08001cbc   0x000000b0   Code   RO         1138    i.HAL_DMA_Abort_IT  stm32f1xx_hal_dma.o
    0x08001d6c   0x08001d6c   0x00000028   Code   RO          758    i.HAL_Delay         stm32f1xx_hal.o
    0x08001d94   0x08001d94   0x00000320   Code   RO         1073    i.HAL_GPIO_Init     stm32f1xx_hal_gpio.o
    0x080020b4   0x080020b4   0x0000000c   Code   RO         1077    i.HAL_GPIO_WritePin  stm32f1xx_hal_gpio.o
    0x080020c0   0x080020c0   0x0000000c   Code   RO          762    i.HAL_GetTick       stm32f1xx_hal.o
    0x080020cc   0x080020cc   0x00000018   Code   RO          768    i.HAL_IncTick       stm32f1xx_hal.o
    0x080020e4   0x080020e4   0x00000028   Code   RO          769    i.HAL_Init          stm32f1xx_hal.o
    0x0800210c   0x0800210c   0x0000004c   Code   RO          770    i.HAL_InitTick      stm32f1xx_hal.o
    0x08002158   0x08002158   0x00000054   Code   RO          315    i.HAL_MspInit       stm32f1xx_hal_msp.o
    0x080021ac   0x080021ac   0x00000020   Code   RO         1233    i.HAL_NVIC_EnableIRQ  stm32f1xx_hal_cortex.o
    0x080021cc   0x080021cc   0x0000007c   Code   RO         1239    i.HAL_NVIC_SetPriority  stm32f1xx_hal_cortex.o
    0x08002248   0x08002248   0x00000028   Code   RO         1240    i.HAL_NVIC_SetPriorityGrouping  stm32f1xx_hal_cortex.o
    0x08002270   0x08002270   0x0000018c   Code   RO          926    i.HAL_RCC_ClockConfig  stm32f1xx_hal_rcc.o
    0x080023fc   0x080023fc   0x0000000c   Code   RO          931    i.HAL_RCC_GetHCLKFreq  stm32f1xx_hal_rcc.o
    0x08002408   0x08002408   0x00000020   Code   RO          933    i.HAL_RCC_GetPCLK1Freq  stm32f1xx_hal_rcc.o
    0x08002428   0x08002428   0x00000020   Code   RO          934    i.HAL_RCC_GetPCLK2Freq  stm32f1xx_hal_rcc.o
    0x08002448   0x08002448   0x00000070   Code   RO          935    i.HAL_RCC_GetSysClockFreq  stm32f1xx_hal_rcc.o
    0x080024b8   0x080024b8   0x00000464   Code   RO          938    i.HAL_RCC_OscConfig  stm32f1xx_hal_rcc.o
    0x0800291c   0x0800291c   0x000000be   Code   RO          440    i.HAL_SPI_Init      stm32f1xx_hal_spi.o
    0x080029da   0x080029da   0x00000002   PAD
    0x080029dc   0x080029dc   0x00000088   Code   RO          317    i.HAL_SPI_MspInit   stm32f1xx_hal_msp.o
    0x08002a64   0x08002a64   0x00000248   Code   RO          449    i.HAL_SPI_TransmitReceive  stm32f1xx_hal_spi.o
    0x08002cac   0x08002cac   0x00000034   Code   RO         1244    i.HAL_SYSTICK_Config  stm32f1xx_hal_cortex.o
    0x08002ce0   0x08002ce0   0x00000002   Code   RO         2476    i.HAL_TIMEx_BreakCallback  stm32f1xx_hal_tim_ex.o
    0x08002ce2   0x08002ce2   0x00000002   Code   RO         2477    i.HAL_TIMEx_CommutCallback  stm32f1xx_hal_tim_ex.o
    0x08002ce4   0x08002ce4   0x00000084   Code   RO         2495    i.HAL_TIMEx_MasterConfigSynchronization  stm32f1xx_hal_tim_ex.o
    0x08002d68   0x08002d68   0x00000066   Code   RO         1761    i.HAL_TIM_Base_Init  stm32f1xx_hal_tim.o
    0x08002dce   0x08002dce   0x00000002   PAD
    0x08002dd0   0x08002dd0   0x00000078   Code   RO          319    i.HAL_TIM_Base_MspInit  stm32f1xx_hal_msp.o
    0x08002e48   0x08002e48   0x00000078   Code   RO         1766    i.HAL_TIM_Base_Start_IT  stm32f1xx_hal_tim.o
    0x08002ec0   0x08002ec0   0x0000010c   Code   RO         1770    i.HAL_TIM_ConfigClockSource  stm32f1xx_hal_tim.o
    0x08002fcc   0x08002fcc   0x00000002   Code   RO         1795    i.HAL_TIM_IC_CaptureCallback  stm32f1xx_hal_tim.o
    0x08002fce   0x08002fce   0x0000016c   Code   RO         1809    i.HAL_TIM_IRQHandler  stm32f1xx_hal_tim.o
    0x0800313a   0x0800313a   0x00000002   PAD
    0x0800313c   0x0800313c   0x00000090   Code   RO          320    i.HAL_TIM_MspPostInit  stm32f1xx_hal_msp.o
    0x080031cc   0x080031cc   0x00000070   Code   RO         1810    i.HAL_TIM_OC_ConfigChannel  stm32f1xx_hal_tim.o
    0x0800323c   0x0800323c   0x00000002   Code   RO         1812    i.HAL_TIM_OC_DelayElapsedCallback  stm32f1xx_hal_tim.o
    0x0800323e   0x0800323e   0x00000066   Code   RO         1814    i.HAL_TIM_OC_Init   stm32f1xx_hal_tim.o
    0x080032a4   0x080032a4   0x00000044   Code   RO          322    i.HAL_TIM_OC_MspInit  stm32f1xx_hal_msp.o
    0x080032e8   0x080032e8   0x00000002   Code   RO         1839    i.HAL_TIM_PWM_PulseFinishedCallback  stm32f1xx_hal_tim.o
    0x080032ea   0x080032ea   0x00000002   PAD
    0x080032ec   0x080032ec   0x00000028   Code   RO         3237    i.HAL_TIM_PeriodElapsedCallback  user_init.o
    0x08003314   0x08003314   0x00000002   Code   RO         1852    i.HAL_TIM_TriggerCallback  stm32f1xx_hal_tim.o
    0x08003316   0x08003316   0x00000002   Code   RO         2755    i.HAL_UARTEx_RxEventCallback  stm32f1xx_hal_uart.o
    0x08003318   0x08003318   0x00000002   Code   RO         2769    i.HAL_UART_ErrorCallback  stm32f1xx_hal_uart.o
    0x0800331a   0x0800331a   0x00000002   PAD
    0x0800331c   0x0800331c   0x000002e4   Code   RO         2772    i.HAL_UART_IRQHandler  stm32f1xx_hal_uart.o
    0x08003600   0x08003600   0x00000076   Code   RO         2773    i.HAL_UART_Init     stm32f1xx_hal_uart.o
    0x08003676   0x08003676   0x00000002   PAD
    0x08003678   0x08003678   0x00000108   Code   RO          324    i.HAL_UART_MspInit  stm32f1xx_hal_msp.o
    0x08003780   0x08003780   0x0000002c   Code   RO         2778    i.HAL_UART_Receive_IT  stm32f1xx_hal_uart.o
    0x080037ac   0x080037ac   0x00000064   Code   RO         3276    i.HAL_UART_RxCpltCallback  uart.o
    0x08003810   0x08003810   0x000000be   Code   RO         2781    i.HAL_UART_Transmit  stm32f1xx_hal_uart.o
    0x080038ce   0x080038ce   0x00000002   Code   RO         2784    i.HAL_UART_TxCpltCallback  stm32f1xx_hal_uart.o
    0x080038d0   0x080038d0   0x00000004   Code   RO          214    i.HardFault_Handler  stm32f1xx_it.o
    0x080038d4   0x080038d4   0x00000164   Code   RO         3383    i.Init_MS41968      control.o
    0x08003a38   0x08003a38   0x0000001c   Code   RO         3686    i.LOG_AutoInit      user_log.o
    0x08003a54   0x08003a54   0x000000a4   Code   RO         3690    i.LOG_Print         user_log.o
    0x08003af8   0x08003af8   0x000000c8   Code   RO           14    i.MX_GPIO_Init      main.o
    0x08003bc0   0x08003bc0   0x00000048   Code   RO           15    i.MX_SPI2_Init      main.o
    0x08003c08   0x08003c08   0x000000d0   Code   RO           16    i.MX_TIM2_Init      main.o
    0x08003cd8   0x08003cd8   0x00000078   Code   RO           17    i.MX_TIM3_Init      main.o
    0x08003d50   0x08003d50   0x0000006c   Code   RO           18    i.MX_TIM4_Init      main.o
    0x08003dbc   0x08003dbc   0x00000038   Code   RO           19    i.MX_USART1_UART_Init  main.o
    0x08003df4   0x08003df4   0x00000038   Code   RO           20    i.MX_USART3_UART_Init  main.o
    0x08003e2c   0x08003e2c   0x00000004   Code   RO          215    i.MemManage_Handler  stm32f1xx_it.o
    0x08003e30   0x08003e30   0x000000dc   Code   RO         3392    i.Motor34_PositionControl  control.o
    0x08003f0c   0x08003f0c   0x0000014c   Code   RO         3393    i.Motor34_PrintPositions  control.o
    0x08004058   0x08004058   0x0000000c   Code   RO         3397    i.Motor34_SetTargetPosition  control.o
    0x08004064   0x08004064   0x00000004   Code   RO          216    i.NMI_Handler       stm32f1xx_it.o
    0x08004068   0x08004068   0x00000002   Code   RO          217    i.PendSV_Handler    stm32f1xx_it.o
    0x0800406a   0x0800406a   0x00000002   PAD
    0x0800406c   0x0800406c   0x00000028   Code   RO          939    i.RCC_Delay         stm32f1xx_hal_rcc.o
    0x08004094   0x08004094   0x0000003c   Code   RO         3402    i.Reset_MS41968     control.o
    0x080040d0   0x080040d0   0x00000044   Code   RO          478    i.SPI_EndRxTxTransaction  stm32f1xx_hal_spi.o
    0x08004114   0x08004114   0x000000ac   Code   RO         3404    i.SPI_Test_ReadAllRegisters  control.o
    0x080041c0   0x080041c0   0x000000d8   Code   RO          483    i.SPI_WaitFlagStateUntilTimeout  stm32f1xx_hal_spi.o
    0x08004298   0x08004298   0x00000002   Code   RO          218    i.SVC_Handler       stm32f1xx_it.o
    0x0800429a   0x0800429a   0x00000002   PAD
    0x0800429c   0x0800429c   0x00000060   Code   RO         3155    i.SetTime           software_time.o
    0x080042fc   0x080042fc   0x00000020   Code   RO         3407    i.Spi_ReadWriteByte  control.o
    0x0800431c   0x0800431c   0x0000004c   Code   RO         3408    i.Spi_Write         control.o
    0x08004368   0x08004368   0x00000044   Code   RO         3409    i.Spi__Read         control.o
    0x080043ac   0x080043ac   0x00000084   Code   RO         3238    i.Start_Peripheral  user_init.o
    0x08004430   0x08004430   0x00000008   Code   RO          219    i.SysTick_Handler   stm32f1xx_it.o
    0x08004438   0x08004438   0x00000062   Code   RO           21    i.SystemClock_Config  main.o
    0x0800449a   0x0800449a   0x00000002   Code   RO         3117    i.SystemInit        system_stm32f1xx.o
    0x0800449c   0x0800449c   0x00000010   Code   RO          220    i.TIM2_IRQHandler   stm32f1xx_it.o
    0x080044ac   0x080044ac   0x00000010   Code   RO          221    i.TIM3_IRQHandler   stm32f1xx_it.o
    0x080044bc   0x080044bc   0x00000010   Code   RO          222    i.TIM4_IRQHandler   stm32f1xx_it.o
    0x080044cc   0x080044cc   0x00000084   Code   RO         1854    i.TIM_Base_SetConfig  stm32f1xx_hal_tim.o
    0x08004550   0x08004550   0x00000016   Code   RO         1865    i.TIM_ETR_SetConfig  stm32f1xx_hal_tim.o
    0x08004566   0x08004566   0x00000012   Code   RO         1866    i.TIM_ITRx_SetConfig  stm32f1xx_hal_tim.o
    0x08004578   0x08004578   0x00000060   Code   RO         1867    i.TIM_OC1_SetConfig  stm32f1xx_hal_tim.o
    0x080045d8   0x080045d8   0x00000068   Code   RO         1868    i.TIM_OC2_SetConfig  stm32f1xx_hal_tim.o
    0x08004640   0x08004640   0x00000068   Code   RO         1869    i.TIM_OC3_SetConfig  stm32f1xx_hal_tim.o
    0x080046a8   0x080046a8   0x00000048   Code   RO         1870    i.TIM_OC4_SetConfig  stm32f1xx_hal_tim.o
    0x080046f0   0x080046f0   0x00000026   Code   RO         1872    i.TIM_TI1_ConfigInputStage  stm32f1xx_hal_tim.o
    0x08004716   0x08004716   0x00000028   Code   RO         1874    i.TIM_TI2_ConfigInputStage  stm32f1xx_hal_tim.o
    0x0800473e   0x0800473e   0x00000014   Code   RO         2786    i.UART_DMAAbortOnError  stm32f1xx_hal_uart.o
    0x08004752   0x08004752   0x0000006c   Code   RO         2796    i.UART_EndRxTransfer  stm32f1xx_hal_uart.o
    0x080047be   0x080047be   0x00000020   Code   RO         2797    i.UART_EndTransmit_IT  stm32f1xx_hal_uart.o
    0x080047de   0x080047de   0x000000fc   Code   RO         2799    i.UART_Receive_IT   stm32f1xx_hal_uart.o
    0x080048da   0x080048da   0x00000002   PAD
    0x080048dc   0x080048dc   0x000000fc   Code   RO         2800    i.UART_SetConfig    stm32f1xx_hal_uart.o
    0x080049d8   0x080049d8   0x00000040   Code   RO         2802    i.UART_Start_Receive_IT  stm32f1xx_hal_uart.o
    0x08004a18   0x08004a18   0x00000060   Code   RO         2803    i.UART_Transmit_IT  stm32f1xx_hal_uart.o
    0x08004a78   0x08004a78   0x00000024   Code   RO         3277    i.UART_Transmit_Str  uart.o
    0x08004a9c   0x08004a9c   0x0000008c   Code   RO         2804    i.UART_WaitOnFlagUntilTimeout  stm32f1xx_hal_uart.o
    0x08004b28   0x08004b28   0x00000010   Code   RO          223    i.USART1_IRQHandler  stm32f1xx_it.o
    0x08004b38   0x08004b38   0x00000088   Code   RO         3201    i.Uart_1_Data_Processing  user_function.o
    0x08004bc0   0x08004bc0   0x000000a8   Code   RO         3278    i.Uart_1_Receive_Interrupt  uart.o
    0x08004c68   0x08004c68   0x0000005c   Code   RO         3279    i.Uart_1_Time_Even  uart.o
    0x08004cc4   0x08004cc4   0x00000084   Code   RO         3202    i.Uart_3_Data_Processing  user_function.o
    0x08004d48   0x08004d48   0x0000005c   Code   RO         3283    i.Uart_3_Time_Even  uart.o
    0x08004da4   0x08004da4   0x00000004   Code   RO          224    i.UsageFault_Handler  stm32f1xx_it.o
    0x08004da8   0x08004da8   0x00000094   Code   RO         3203    i.User_main         user_function.o
    0x08004e3c   0x08004e3c   0x00000070   Code   RO         3418    i.VD_FZ             control.o
    0x08004eac   0x08004eac   0x00000028   Code   RO         4025    i.__ARM_fpclassify  m_ws.l(fpclassify.o)
    0x08004ed4   0x08004ed4   0x00000010   Code   RO         1246    i.__NVIC_GetPriorityGrouping  stm32f1xx_hal_cortex.o
    0x08004ee4   0x08004ee4   0x00000028   Code   RO         1247    i.__NVIC_SetPriority  stm32f1xx_hal_cortex.o
    0x08004f0c   0x08004f0c   0x0000000e   Code   RO         3812    i._is_digit         c_w.l(__printf_wp.o)
    0x08004f1a   0x08004f1a   0x0000002c   Code   RO           22    i.main              main.o
    0x08004f46   0x08004f46   0x00000002   PAD
    0x08004f48   0x08004f48   0x0000002c   Code   RO         4008    locale$$code        c_w.l(lc_numeric_c.o)
    0x08004f74   0x08004f74   0x0000002c   Code   RO         4037    locale$$code        c_w.l(lc_ctype_c.o)
    0x08004fa0   0x08004fa0   0x00000004   Code   RO         3931    x$fpl$printf1       fz_ws.l(printf1.o)
    0x08004fa4   0x08004fa4   0x00000004   Code   RO         3933    x$fpl$printf2       fz_ws.l(printf2.o)
    0x08004fa8   0x08004fa8   0x00000000   Code   RO         4024    x$fpl$usenofp       fz_ws.l(usenofp.o)
    0x08004fa8   0x08004fa8   0x00000012   Data   RO          940    .constdata          stm32f1xx_hal_rcc.o
    0x08004fba   0x08004fba   0x00000018   Data   RO         3118    .constdata          system_stm32f1xx.o
    0x08004fd2   0x08004fd2   0x00000028   Data   RO         3800    .constdata          c_w.l(_printf_hex_int_ll_ptr.o)
    0x08004ffa   0x08004ffa   0x00000011   Data   RO         3820    .constdata          c_w.l(__printf_flags_ss_wp.o)
    0x0800500b   0x0800500b   0x00000001   PAD
    0x0800500c   0x0800500c   0x00000008   Data   RO         3857    .constdata          c_w.l(_printf_wctomb.o)
    0x08005014   0x08005014   0x00000026   Data   RO         3959    .constdata          c_w.l(_printf_fp_hex.o)
    0x0800503a   0x0800503a   0x00000002   PAD
    0x0800503c   0x0800503c   0x00000094   Data   RO         3983    .constdata          c_w.l(bigflt0.o)
    0x080050d0   0x080050d0   0x00000028   Data   RO         3694    .conststring        user_log.o
    0x080050f8   0x080050f8   0x00000020   Data   RO         4106    Region$$Table       anon$$obj.o
    0x08005118   0x08005118   0x0000001c   Data   RO         4007    locale$$data        c_w.l(lc_numeric_c.o)
    0x08005134   0x08005134   0x00000110   Data   RO         4036    locale$$data        c_w.l(lc_ctype_c.o)
    0x08005244   0x08005244   0x00000004   Data   RO         3158    .init_array         software_time.o
    0x08005248   0x08005244   0x00000004   Data   RO         3696    .init_array         user_log.o
    0x0800524c   0x08005244   0x00000000   Data   RO         3836    .init_array         c_w.l(init_aeabi.o)


    Execution Region RW_IRAM1 (Exec base: 0x20000000, Load base: 0x0800524c, Size: 0x00001028, Max: 0x00005000, ABSOLUTE)

    Exec Addr    Load Addr    Size         Type   Attr      Idx    E Section Name        Object

    0x20000000   0x0800524c   0x00000009   Data   RW          776    .data               stm32f1xx_hal.o
    0x20000009   0x08005255   0x00000003   PAD
    0x2000000c   0x08005258   0x00000004   Data   RW         3119    .data               system_stm32f1xx.o
    0x20000010   0x0800525c   0x00000048   Data   RW         3157    .data               software_time.o
    0x20000058   0x080052a4   0x00000004   Data   RW         3240    .data               user_init.o
    0x2000005c   0x080052a8   0x0000001a   Data   RW         3285    .data               uart.o
    0x20000076   0x080052c2   0x00000002   PAD
    0x20000078   0x080052c4   0x00000062   Data   RW         3429    .data               control.o
    0x200000da   0x08005326   0x00000002   PAD
    0x200000dc   0x08005328   0x00000020   Data   RW         3695    .data               user_log.o
    0x200000fc        -       0x000001c0   Zero   RW           23    .bss                main.o
    0x200002bc        -       0x0000060c   Zero   RW         3284    .bss                uart.o
    0x200008c8        -       0x00000100   Zero   RW         3693    .bss                user_log.o
    0x200009c8        -       0x00000060   Zero   RW         4030    .bss                c_w.l(libspace.o)
    0x20000a28        -       0x00000200   Zero   RW            2    HEAP                startup_stm32f103xb.o
    0x20000c28        -       0x00000400   Zero   RW            1    STACK               startup_stm32f103xb.o


==============================================================================

Image component sizes


      Code (inc. data)   RO Data    RW Data    ZI Data      Debug   Object Name

      1440        408          0         98          0       8507   control.o
       968         64          0          0        448     438348   main.o
       134         38          4         72          0       2709   software_time.o
        64         26        236          0       1536        824   startup_stm32f103xb.o
       192         36          0          9          0       6001   stm32f1xx_hal.o
       304         22          0          0          0      29507   stm32f1xx_hal_cortex.o
       262          4          0          0          0       1795   stm32f1xx_hal_dma.o
       812         34          0          0          0       2712   stm32f1xx_hal_gpio.o
       816         74          0          0          0       4453   stm32f1xx_hal_msp.o
      1748         98         18          0          0       6072   stm32f1xx_hal_rcc.o
      1058          6          0          0          0       4505   stm32f1xx_hal_spi.o
      1702         46          0          0          0      13948   stm32f1xx_hal_tim.o
       136         14          0          0          0       2481   stm32f1xx_hal_tim_ex.o
      2062          8          0          0          0      12196   stm32f1xx_hal_uart.o
        98         24          0          0          0       5944   stm32f1xx_it.o
         2          0         24          4          0       1155   system_stm32f1xx.o
       488         70          0         26       1548       4469   uart.o
       416         52          0          0          0       1602   user_function.o
       172         50          0          4          0       1687   user_init.o
       192         34         44         32        256       3576   user_log.o

    ----------------------------------------------------------------------
     13086       1108        358        252       3788     552491   Object Totals
         0          0         32          0          0          0   (incl. Generated)
        20          0          0          7          0          0   (incl. Padding)

    ----------------------------------------------------------------------

      Code (inc. data)   RO Data    RW Data    ZI Data      Debug   Library Member Name

        56          6          0          0          0         88   __2snprintf.o
        44          6          0          0          0         84   __2sprintf.o
         8          0          0          0          0         68   __main.o
       392          4         17          0          0         92   __printf_flags_ss_wp.o
        14          0          0          0          0         68   __printf_wp.o
         0          0          0          0          0          0   __rtentry.o
        12          0          0          0          0          0   __rtentry2.o
         6          0          0          0          0          0   __rtentry4.o
        52          8          0          0          0          0   __scatter.o
        26          0          0          0          0          0   __scatter_copy.o
        28          0          0          0          0          0   __scatter_zi.o
         6          0          0          0          0          0   _printf_a.o
         6          0          0          0          0          0   _printf_c.o
        44          0          0          0          0        108   _printf_char.o
        48          6          0          0          0         96   _printf_char_common.o
        40          0          0          0          0         68   _printf_charcount.o
         6          0          0          0          0          0   _printf_d.o
       120         16          0          0          0         92   _printf_dec.o
         6          0          0          0          0          0   _printf_e.o
         6          0          0          0          0          0   _printf_f.o
      1054          0          0          0          0        216   _printf_fp_dec.o
       764          8         38          0          0        100   _printf_fp_hex.o
       128         16          0          0          0         84   _printf_fp_infnan.o
         6          0          0          0          0          0   _printf_g.o
       148          4         40          0          0        160   _printf_hex_int_ll_ptr.o
         6          0          0          0          0          0   _printf_i.o
       178          0          0          0          0         88   _printf_intcommon.o
        10          0          0          0          0          0   _printf_l.o
         6          0          0          0          0          0   _printf_lc.o
        10          0          0          0          0          0   _printf_ll.o
         6          0          0          0          0          0   _printf_lld.o
         6          0          0          0          0          0   _printf_lli.o
         6          0          0          0          0          0   _printf_llo.o
         6          0          0          0          0          0   _printf_llu.o
         6          0          0          0          0          0   _printf_llx.o
       124         16          0          0          0         92   _printf_longlong_dec.o
         6          0          0          0          0          0   _printf_ls.o
         6          0          0          0          0          0   _printf_n.o
         6          0          0          0          0          0   _printf_o.o
       112         10          0          0          0        124   _printf_oct_int_ll.o
         6          0          0          0          0          0   _printf_p.o
        78          0          0          0          0        108   _printf_pad.o
         0          0          0          0          0          0   _printf_percent.o
         4          0          0          0          0          0   _printf_percent_end.o
         6          0          0          0          0          0   _printf_s.o
        82          0          0          0          0         80   _printf_str.o
        36          0          0          0          0         84   _printf_truncate.o
         6          0          0          0          0          0   _printf_u.o
        44          0          0          0          0        108   _printf_wchar.o
       188          6          8          0          0         92   _printf_wctomb.o
         6          0          0          0          0          0   _printf_x.o
        16          0          0          0          0         68   _snputc.o
        10          0          0          0          0         68   _sputc.o
        64          0          0          0          0         92   _wcrtomb.o
       228          4        148          0          0         96   bigflt0.o
      1936        128          0          0          0        672   btod.o
        18          0          0          0          0         80   exit.o
         6          0          0          0          0        152   heapauxi.o
         0          0          0          0          0          0   indicate_semi.o
        36         10          0          0          0         80   init_aeabi.o
        44         10        272          0          0         76   lc_ctype_c.o
        44         10         28          0          0         76   lc_numeric_c.o
         2          0          0          0          0          0   libinit.o
        34          0          0          0          0          0   libinit2.o
         2          0          0          0          0          0   libshutdown.o
         2          0          0          0          0          0   libshutdown2.o
         8          4          0          0         96         68   libspace.o
       138          0          0          0          0         80   lludiv10.o
        16          4          0          0          0         76   rt_ctype_table.o
         8          4          0          0          0         68   rt_locale_intlibspace.o
        68          0          0          0          0         68   rt_memclr.o
        78          0          0          0          0         80   rt_memclr_w.o
         2          0          0          0          0          0   rtexit.o
        10          0          0          0          0          0   rtexit2.o
       128          0          0          0          0         68   strcmpv7m.o
        12          4          0          0          0         68   sys_exit.o
        74          0          0          0          0         80   sys_stackheap_outer.o
         2          0          0          0          0         68   use_no_semi.o
        52          4          0          0          0         80   vsnprintf.o
         4          0          0          0          0         68   printf1.o
         4          0          0          0          0         68   printf2.o
         0          0          0          0          0          0   usenofp.o
        40          0          0          0          0         68   fpclassify.o

    ----------------------------------------------------------------------
      7070        288        554          0         96       4568   Library Totals
        14          0          3          0          0          0   (incl. Padding)

    ----------------------------------------------------------------------

      Code (inc. data)   RO Data    RW Data    ZI Data      Debug   Library Name

      7008        288        551          0         96       4364   c_w.l
         8          0          0          0          0        136   fz_ws.l
        40          0          0          0          0         68   m_ws.l

    ----------------------------------------------------------------------
      7070        288        554          0         96       4568   Library Totals

    ----------------------------------------------------------------------

==============================================================================


      Code (inc. data)   RO Data    RW Data    ZI Data      Debug   

     20156       1396        912        252       3884     548683   Grand Totals
     20156       1396        912        252       3884     548683   ELF Image Totals
     20156       1396        912        252          0          0   ROM Totals

==============================================================================

    Total RO  Size (Code + RO Data)                21068 (  20.57kB)
    Total RW  Size (RW Data + ZI Data)              4136 (   4.04kB)
    Total ROM Size (Code + RO Data + RW Data)      21320 (  20.82kB)

==============================================================================

