../Core/Src/main.c:81:1:__io_putchar	16	static
../Core/Src/main.c:98:5:main	8	static
../Core/Src/main.c:149:6:SystemClock_Config	72	static
../Core/Src/main.c:186:13:MX_SPI2_Init	8	static
../Core/Src/main.c:224:13:MX_TIM2_Init	64	static
../Core/Src/main.c:295:13:MX_TIM3_Init	48	static
../Core/Src/main.c:344:13:MX_TIM4_Init	32	static
../Core/Src/main.c:389:13:MX_USART1_UART_Init	8	static
../Core/Src/main.c:422:13:MX_USART3_UART_Init	8	static
../Core/Src/main.c:455:13:MX_GPIO_Init	40	static
../Core/Src/main.c:515:6:Error_Handler	4	static,ignoring_inline_asm
